Archive member included to satisfy reference by file (symbol)

/home/royivri/st/stm32cubeclt_1.19.0/GNU-tools-for-STM32/bin/../lib/gcc/arm-none-eabi/13.3.1/../../../../arm-none-eabi/lib/thumb/v7-m/nofp/libc_nano.a(libc_a-exit.o)
                              /home/royivri/st/stm32cubeclt_1.19.0/GNU-tools-for-STM32/bin/../lib/gcc/arm-none-eabi/13.3.1/../../../../arm-none-eabi/lib/thumb/v7-m/nofp/crt0.o (exit)
/home/royivri/st/stm32cubeclt_1.19.0/GNU-tools-for-STM32/bin/../lib/gcc/arm-none-eabi/13.3.1/../../../../arm-none-eabi/lib/thumb/v7-m/nofp/libc_nano.a(libc_a-findfp.o)
                              ./Middlewares/Third_Party/FreeRTOS/Source/tasks.o (__sf)
/home/royivri/st/stm32cubeclt_1.19.0/GNU-tools-for-STM32/bin/../lib/gcc/arm-none-eabi/13.3.1/../../../../arm-none-eabi/lib/thumb/v7-m/nofp/libc_nano.a(libc_a-fwalk.o)
                              /home/royivri/st/stm32cubeclt_1.19.0/GNU-tools-for-STM32/bin/../lib/gcc/arm-none-eabi/13.3.1/../../../../arm-none-eabi/lib/thumb/v7-m/nofp/libc_nano.a(libc_a-findfp.o) (_fwalk_sglue)
/home/royivri/st/stm32cubeclt_1.19.0/GNU-tools-for-STM32/bin/../lib/gcc/arm-none-eabi/13.3.1/../../../../arm-none-eabi/lib/thumb/v7-m/nofp/libc_nano.a(libc_a-puts.o)
                              ./Core/Src/Network/PING_task.o (puts)
/home/royivri/st/stm32cubeclt_1.19.0/GNU-tools-for-STM32/bin/../lib/gcc/arm-none-eabi/13.3.1/../../../../arm-none-eabi/lib/thumb/v7-m/nofp/libc_nano.a(libc_a-snprintf.o)
                              ./Core/Src/TEST/Logger.o (snprintf)
/home/royivri/st/stm32cubeclt_1.19.0/GNU-tools-for-STM32/bin/../lib/gcc/arm-none-eabi/13.3.1/../../../../arm-none-eabi/lib/thumb/v7-m/nofp/libc_nano.a(libc_a-stdio.o)
                              /home/royivri/st/stm32cubeclt_1.19.0/GNU-tools-for-STM32/bin/../lib/gcc/arm-none-eabi/13.3.1/../../../../arm-none-eabi/lib/thumb/v7-m/nofp/libc_nano.a(libc_a-findfp.o) (__sread)
/home/royivri/st/stm32cubeclt_1.19.0/GNU-tools-for-STM32/bin/../lib/gcc/arm-none-eabi/13.3.1/../../../../arm-none-eabi/lib/thumb/v7-m/nofp/libc_nano.a(libc_a-wbuf.o)
                              /home/royivri/st/stm32cubeclt_1.19.0/GNU-tools-for-STM32/bin/../lib/gcc/arm-none-eabi/13.3.1/../../../../arm-none-eabi/lib/thumb/v7-m/nofp/libc_nano.a(libc_a-puts.o) (__swbuf_r)
/home/royivri/st/stm32cubeclt_1.19.0/GNU-tools-for-STM32/bin/../lib/gcc/arm-none-eabi/13.3.1/../../../../arm-none-eabi/lib/thumb/v7-m/nofp/libc_nano.a(libc_a-wsetup.o)
                              /home/royivri/st/stm32cubeclt_1.19.0/GNU-tools-for-STM32/bin/../lib/gcc/arm-none-eabi/13.3.1/../../../../arm-none-eabi/lib/thumb/v7-m/nofp/libc_nano.a(libc_a-puts.o) (__swsetup_r)
/home/royivri/st/stm32cubeclt_1.19.0/GNU-tools-for-STM32/bin/../lib/gcc/arm-none-eabi/13.3.1/../../../../arm-none-eabi/lib/thumb/v7-m/nofp/libc_nano.a(libc_a-memset.o)
                              /home/royivri/st/stm32cubeclt_1.19.0/GNU-tools-for-STM32/bin/../lib/gcc/arm-none-eabi/13.3.1/../../../../arm-none-eabi/lib/thumb/v7-m/nofp/crt0.o (memset)
/home/royivri/st/stm32cubeclt_1.19.0/GNU-tools-for-STM32/bin/../lib/gcc/arm-none-eabi/13.3.1/../../../../arm-none-eabi/lib/thumb/v7-m/nofp/libc_nano.a(libc_a-closer.o)
                              /home/royivri/st/stm32cubeclt_1.19.0/GNU-tools-for-STM32/bin/../lib/gcc/arm-none-eabi/13.3.1/../../../../arm-none-eabi/lib/thumb/v7-m/nofp/libc_nano.a(libc_a-stdio.o) (_close_r)
/home/royivri/st/stm32cubeclt_1.19.0/GNU-tools-for-STM32/bin/../lib/gcc/arm-none-eabi/13.3.1/../../../../arm-none-eabi/lib/thumb/v7-m/nofp/libc_nano.a(libc_a-reent.o)
                              ./Middlewares/Third_Party/FreeRTOS/Source/tasks.o (_reclaim_reent)
/home/royivri/st/stm32cubeclt_1.19.0/GNU-tools-for-STM32/bin/../lib/gcc/arm-none-eabi/13.3.1/../../../../arm-none-eabi/lib/thumb/v7-m/nofp/libc_nano.a(libc_a-impure.o)
                              ./Middlewares/Third_Party/FreeRTOS/Source/tasks.o (_impure_ptr)
/home/royivri/st/stm32cubeclt_1.19.0/GNU-tools-for-STM32/bin/../lib/gcc/arm-none-eabi/13.3.1/../../../../arm-none-eabi/lib/thumb/v7-m/nofp/libc_nano.a(libc_a-lseekr.o)
                              /home/royivri/st/stm32cubeclt_1.19.0/GNU-tools-for-STM32/bin/../lib/gcc/arm-none-eabi/13.3.1/../../../../arm-none-eabi/lib/thumb/v7-m/nofp/libc_nano.a(libc_a-stdio.o) (_lseek_r)
/home/royivri/st/stm32cubeclt_1.19.0/GNU-tools-for-STM32/bin/../lib/gcc/arm-none-eabi/13.3.1/../../../../arm-none-eabi/lib/thumb/v7-m/nofp/libc_nano.a(libc_a-readr.o)
                              /home/royivri/st/stm32cubeclt_1.19.0/GNU-tools-for-STM32/bin/../lib/gcc/arm-none-eabi/13.3.1/../../../../arm-none-eabi/lib/thumb/v7-m/nofp/libc_nano.a(libc_a-stdio.o) (_read_r)
/home/royivri/st/stm32cubeclt_1.19.0/GNU-tools-for-STM32/bin/../lib/gcc/arm-none-eabi/13.3.1/../../../../arm-none-eabi/lib/thumb/v7-m/nofp/libc_nano.a(libc_a-writer.o)
[...]
Memory Configuration

Name             Origin             Length             Attributes
RAM              0x20000000         0x00005000         xrw
FLASH            0x08000000         0x00010000         xr
*default*        0x00000000         0xffffffff

Linker script and memory map

LOAD /home/royivri/st/stm32cubeclt_1.19.0/GNU-tools-for-STM32/bin/../lib/gcc/arm-none-eabi/13.3.1/thumb/v7-m/nofp/crti.o
LOAD /home/royivri/st/stm32cubeclt_1.19.0/GNU-tools-for-STM32/bin/../lib/gcc/arm-none-eabi/13.3.1/thumb/v7-m/nofp/crtbegin.o
LOAD /home/royivri/st/stm32cubeclt_1.19.0/GNU-tools-for-STM32/bin/../lib/gcc/arm-none-eabi/13.3.1/../../../../arm-none-eabi/lib/thumb/v7-m/nofp/crt0.o
LOAD ./Core/Src/DRONE/Command_Queue.o
LOAD ./Core/Src/DRONE/RC_Values.o
LOAD ./Core/Src/DRONE/xDrone_Link_task.o
LOAD ./Core/Src/LoRa/LoRa.o
LOAD ./Core/Src/LoRa/LoRa_Startup.o
LOAD ./Core/Src/Mesh/packet.o
LOAD ./Core/Src/Mesh/xPacket_recovery_task.o
LOAD ./Core/Src/Network/PING_task.o
LOAD ./Core/Src/RX/RX_Queue.o
LOAD ./Core/Src/RX/RX_Task.o
LOAD ./Core/Src/Routing/Connect_to_node_task.o
LOAD ./Core/Src/Routing/NetworkData.o
LOAD ./Core/Src/Routing/routing_task.o
LOAD ./Core/Src/TEST/Logger.o
LOAD ./Core/Src/TEST/arm_test.o
LOAD ./Core/Src/TEST/tranmit_test.o
LOAD ./Core/Src/TX/TX_Queue.o
LOAD ./Core/Src/TX/TX_Task.o
LOAD ./Core/Src/Util/Flags.o
LOAD ./Core/Src/Util/id.o
LOAD ./Core/Src/Util/queue_implementation.o
LOAD ./Core/Src/freertos.o
LOAD ./Core/Src/main.o
LOAD ./Core/Src/stm32f1xx_hal_msp.o
LOAD ./Core/Src/stm32f1xx_hal_timebase_tim.o
LOAD ./Core/Src/stm32f1xx_it.o
LOAD ./Core/Src/syscalls.o
LOAD ./Core/Src/sysmem.o
LOAD ./Core/Src/system_stm32f1xx.o
LOAD ./Core/Startup/startup_stm32f103c8tx.o
LOAD ./Drivers/STM32F1xx_HAL_Driver/Src/stm32f1xx_hal.o
LOAD ./Drivers/STM32F1xx_HAL_Driver/Src/stm32f1xx_hal_cortex.o
LOAD ./Drivers/STM32F1xx_HAL_Driver/Src/stm32f1xx_hal_dma.o
LOAD ./Drivers/STM32F1xx_HAL_Driver/Src/stm32f1xx_hal_exti.o
LOAD ./Drivers/STM32F1xx_HAL_Driver/Src/stm32f1xx_hal_flash.o
LOAD ./Drivers/STM32F1xx_HAL_Driver/Src/stm32f1xx_hal_flash_ex.o
LOAD ./Drivers/STM32F1xx_HAL_Driver/Src/stm32f1xx_hal_gpio.o
LOAD ./Drivers/STM32F1xx_HAL_Driver/Src/stm32f1xx_hal_gpio_ex.o
LOAD ./Drivers/STM32F1xx_HAL_Driver/Src/stm32f1xx_hal_pwr.o
LOAD ./Drivers/STM32F1xx_HAL_Driver/Src/stm32f1xx_hal_rcc.o
LOAD ./Drivers/STM32F1xx_HAL_Driver/Src/stm32f1xx_hal_rcc_ex.o
LOAD ./Drivers/STM32F1xx_HAL_Driver/Src/stm32f1xx_hal_spi.o
LOAD ./Drivers/STM32F1xx_HAL_Driver/Src/stm32f1xx_hal_tim.o
LOAD ./Drivers/STM32F1xx_HAL_Driver/Src/stm32f1xx_hal_tim_ex.o
LOAD ./Drivers/STM32F1xx_HAL_Driver/Src/stm32f1xx_hal_uart.o
LOAD ./Middlewares/Third_Party/FreeRTOS/Source/CMSIS_RTOS_V2/cmsis_os2.o
LOAD ./Middlewares/Third_Party/FreeRTOS/Source/croutine.o
LOAD ./Middlewares/Third_Party/FreeRTOS/Source/event_groups.o
LOAD ./Middlewares/Third_Party/FreeRTOS/Source/list.o
LOAD ./Middlewares/Third_Party/FreeRTOS/Source/queue.o
LOAD ./Middlewares/Third_Party/FreeRTOS/Source/stream_buffer.o
LOAD ./Middlewares/Third_Party/FreeRTOS/Source/tasks.o
LOAD ./Middlewares/Third_Party/FreeRTOS/Source/timers.o
LOAD ./Middlewares/Third_Party/FreeRTOS/Source/portable/GCC/ARM_CM3/port.o
LOAD ./Middlewares/Third_Party/FreeRTOS/Source/portable/MemMang/heap_4.o
START GROUP
LOAD /home/royivri/st/stm32cubeclt_1.19.0/GNU-tools-for-STM32/bin/../lib/gcc/arm-none-eabi/13.3.1/../../../../arm-none-eabi/lib/thumb/v7-m/nofp/libc_nano.a
LOAD /home/royivri/st/stm32cubeclt_1.19.0/GNU-tools-for-STM32/bin/../lib/gcc/arm-none-eabi/13.3.1/../../../../arm-none-eabi/lib/thumb/v7-m/nofp/libm.a
END GROUP
START GROUP
LOAD /home/royivri/st/stm32cubeclt_1.19.0/GNU-tools-for-STM32/bin/../lib/gcc/arm-none-eabi/13.3.1/thumb/v7-m/nofp/libgcc.a
LOAD /home/royivri/st/stm32cubeclt_1.19.0/GNU-tools-for-STM32/bin/../lib/gcc/arm-none-eabi/13.3.1/../../../../arm-none-eabi/lib/thumb/v7-m/nofp/libc_nano.a
END GROUP
START GROUP
LOAD /home/royivri/st/stm32cubeclt_1.19.0/GNU-tools-for-STM32/bin/../lib/gcc/arm-none-eabi/13.3.1/thumb/v7-m/nofp/libgcc.a
LOAD /home/royivri/st/stm32cubeclt_1.19.0/GNU-tools-for-STM32/bin/../lib/gcc/arm-none-eabi/13.3.1/../../../../arm-none-eabi/lib/thumb/v7-m/nofp/libc_nano.a
LOAD /home/royivri/st/stm32cubeclt_1.19.0/GNU-tools-for-STM32/bin/../lib/gcc/arm-none-eabi/13.3.1/../../../../arm-none-eabi/lib/thumb/v7-m/nofp/libnosys.a
END GROUP
START GROUP
LOAD /home/royivri/st/stm32cubeclt_1.19.0/GNU-tools-for-STM32/bin/../lib/gcc/arm-none-eabi/13.3.1/thumb/v7-m/nofp/libgcc.a
LOAD /home/royivri/st/stm32cubeclt_1.19.0/GNU-tools-for-STM32/bin/../lib/gcc/arm-none-eabi/13.3.1/../../../../arm-none-eabi/lib/thumb/v7-m/nofp/libc_nano.a
LOAD /home/royivri/st/stm32cubeclt_1.19.0/GNU-tools-for-STM32/bin/../lib/gcc/arm-none-eabi/13.3.1/../../../../arm-none-eabi/lib/thumb/v7-m/nofp/libnosys.a
END GROUP
LOAD /home/royivri/st/stm32cubeclt_1.19.0/GNU-tools-for-STM32/bin/../lib/gcc/arm-none-eabi/13.3.1/thumb/v7-m/nofp/crtend.o
LOAD /home/royivri/st/stm32cubeclt_1.19.0/GNU-tools-for-STM32/bin/../lib/gcc/arm-none-eabi/13.3.1/thumb/v7-m/nofp/crtn.o
                0x20005000                        _estack = (ORIGIN (RAM) + LENGTH (RAM))
                0x00000200                        _Min_Heap_Size = 0x200
                0x00000400                        _Min_Stack_Size = 0x400

.isr_vector     0x08000000      0x10c
                0x08000000                        . = ALIGN (0x4)
 *(.isr_vector)
 .isr_vector    0x08000000      0x10c ./Core/Startup/startup_stm32f103c8tx.o
                0x08000000                g_pfnVectors
                0x0800010c                        . = ALIGN (0x4)

.text           0x08000110     0xa63c
                0x08000110                        . = ALIGN (0x4)
 *(.text)
 .text          0x08000110       0x40 /home/royivri/st/stm32cubeclt_1.19.0/GNU-tools-for-STM32/bin/../lib/gcc/arm-none-eabi/13.3.1/thumb/v7-m/nofp/crtbegin.o
 .text          0x08000150      0x378 /home/royivri/st/stm32cubeclt_1.19.0/GNU-tools-for-STM32/bin/../lib/gcc/arm-none-eabi/13.3.1/thumb/v7-m/nofp/libgcc.a(_arm_addsubdf3.o)
                0x08000150                __aeabi_drsub
                0x08000158                __aeabi_dsub
                0x08000158                __subdf3
                0x0800015c                __adddf3
                0x0800015c                __aeabi_dadd
                0x080003d4                __aeabi_ui2d
                0x080003d4                __floatunsidf
                0x080003f4                __floatsidf
                0x080003f4                __aeabi_i2d
                0x08000418                __extendsfdf2
                0x08000418                __aeabi_f2d
                0x0800045c                __aeabi_ul2d
                0x0800045c                __floatundidf
                0x0800046c                __floatdidf
                0x0800046c                __aeabi_l2d
 .text          0x080004c8      0x424 /home/royivri/st/stm32cubeclt_1.19.0/GNU-tools-for-STM32/bin/../lib/gcc/arm-none-eabi/13.3.1/thumb/v7-m/nofp/libgcc.a(_arm_muldivdf3.o)
                0x080004c8                __aeabi_dmul
                0x080004c8                __muldf3
                0x0800071c                __aeabi_ddiv
                0x0800071c                __divdf3
 .text          0x080008ec       0x50 /home/royivri/st/stm32cubeclt_1.19.0/GNU-tools-for-STM32/bin/../lib/gcc/arm-none-eabi/13.3.1/thumb/v7-m/nofp/libgcc.a(_arm_fixdfsi.o)
                0x080008ec                __fixdfsi
                0x080008ec                __aeabi_d2iz
 *(.text*)
 .text.Command_Queue_init
                0x0800093c       0x68 ./Core/Src/DRONE/Command_Queue.o
                0x0800093c                Command_Queue_init
 .text.send_command_fromISR
                0x080009a4       0x5c ./Core/Src/DRONE/Command_Queue.o
                0x080009a4                send_command_fromISR
 .text.Drone_link_init
                0x08000a00       0x28 ./Core/Src/DRONE/xDrone_Link_task.o
                0x08000a00                Drone_link_init
 .text.xDrone_link_task
                0x08000a28      0x2f0 ./Core/Src/DRONE/xDrone_Link_task.o
                0x08000a28                xDrone_link_task
 .text.newLoRa  0x08000d18       0x52 ./Core/Src/LoRa/LoRa.o
                0x08000d18                newLoRa
 .text.LoRa_reset
                0x08000d6a       0x3c ./Core/Src/LoRa/LoRa.o
                0x08000d6a                LoRa_reset
 .text.LoRa_gotoMode
                0x08000da6       0xc2 ./Core/Src/LoRa/LoRa.o
                0x08000da6                LoRa_gotoMode
 .text.LoRa_readReg
                0x08000e68       0x7c ./Core/Src/LoRa/LoRa.o
                0x08000e68                LoRa_readReg
 .text.LoRa_writeReg
                0x08000ee4       0x7c ./Core/Src/LoRa/LoRa.o
                0x08000ee4                LoRa_writeReg
 .text.LoRa_setLowDaraRateOptimization
                0x08000f60       0x44 ./Core/Src/LoRa/LoRa.o
                0x08000f60                LoRa_setLowDaraRateOptimization
 .text.LoRa_setAutoLDO
                0x08000fa4       0x6c ./Core/Src/LoRa/LoRa.o
                0x08000fa4                LoRa_setAutoLDO
 .text.LoRa_setFrequency
                0x08001010       0xfe ./Core/Src/LoRa/LoRa.o
                0x08001010                LoRa_setFrequency
 .text.LoRa_setSpreadingFactor
                0x0800110e       0x58 ./Core/Src/LoRa/LoRa.o
                0x0800110e                LoRa_setSpreadingFactor
 .text.LoRa_setPower
                0x08001166       0x20 ./Core/Src/LoRa/LoRa.o
                0x08001166                LoRa_setPower
 *fill*         0x08001186        0x2 
 .text.LoRa_setOCP
                0x08001188       0x74 ./Core/Src/LoRa/LoRa.o
                0x08001188                LoRa_setOCP
 .text.LoRa_setTOMsb_setCRCon
                0x080011fc       0x30 ./Core/Src/LoRa/LoRa.o
                0x080011fc                LoRa_setTOMsb_setCRCon
 .text.LoRa_read
                0x0800122c       0x34 ./Core/Src/LoRa/LoRa.o
                0x0800122c                LoRa_read
 .text.LoRa_write
                0x08001260       0x3a ./Core/Src/LoRa/LoRa.o
                0x08001260                LoRa_write
 .text.LoRa_BurstWrite
                0x0800129a       0x8e ./Core/Src/LoRa/LoRa.o
                0x0800129a                LoRa_BurstWrite
 .text.LoRa_isvalid
                0x08001328       0x14 ./Core/Src/LoRa/LoRa.o
                0x08001328                LoRa_isvalid
 .text.LoRa_transmit
                0x0800133c       0xb0 ./Core/Src/LoRa/LoRa.o
                0x0800133c                LoRa_transmit
 .text.LoRa_startReceiving
                0x080013ec       0x18 ./Core/Src/LoRa/LoRa.o
                0x080013ec                LoRa_startReceiving
 .text.LoRa_receive
                0x08001404       0xc0 ./Core/Src/LoRa/LoRa.o
                0x08001404                LoRa_receive
 .text.LoRa_getRSSI
                0x080014c4       0x20 ./Core/Src/LoRa/LoRa.o
                0x080014c4                LoRa_getRSSI
 .text.short_delay_ms
                0x080014e4       0x32 ./Core/Src/LoRa/LoRa.o
                0x080014e4                short_delay_ms
 .text.LoRa_init
                0x08001516      0x138 ./Core/Src/LoRa/LoRa.o
                0x08001516                LoRa_init
 *fill*         0x0800164e        0x2 
 .text.LoRa_Startup
                0x08001650       0xa4 ./Core/Src/LoRa/LoRa_Startup.o
                0x08001650                LoRa_Startup
 .text.mesh_crc
                0x080016f4       0x70 ./Core/Src/Mesh/packet.o
                0x080016f4                mesh_crc
 .text.mesh_build_packet
                0x08001764      0x102 ./Core/Src/Mesh/packet.o
                0x08001764                mesh_build_packet
 *fill*         0x08001866        0x2 
 .text.xPing_task
                0x08001868      0x13c ./Core/Src/Network/PING_task.o
                0x08001868                xPing_task
 .text.RX_Queue_init
                0x080019a4       0x3c ./Core/Src/RX/RX_Queue.o
                0x080019a4                RX_Queue_init
 .text.LoRa_receive_safe
                0x080019e0       0x4a ./Core/Src/RX/RX_Task.o
                0x080019e0                LoRa_receive_safe
 *fill*         0x08001a2a        0x2 
 .text.xRX_Task
                0x08001a2c       0x84 ./Core/Src/RX/RX_Task.o
                0x08001a2c                xRX_Task
 .text.network_data_init
                0x08001ab0       0x1c ./Core/Src/Routing/NetworkData.o
                0x08001ab0                network_data_init
 .text.add_connected_node
                0x08001acc      0x134 ./Core/Src/Routing/NetworkData.o
                0x08001acc                add_connected_node
 .text.find_node
                0x08001c00       0x48 ./Core/Src/Routing/NetworkData.o
                0x08001c00                find_node
 .text.compute_key
                0x08001c48       0x22 ./Core/Src/Routing/NetworkData.o
                0x08001c48                compute_key
 *fill*         0x08001c6a        0x2 
 .text.find_in_last_packets
                0x08001c6c       0x74 ./Core/Src/Routing/NetworkData.o
                0x08001c6c                find_in_last_packets
 .text.get_global_msg_id
                0x08001ce0       0x20 ./Core/Src/Routing/NetworkData.o
                0x08001ce0                get_global_msg_id
 .text.add_received_packet
                0x08001d00       0x68 ./Core/Src/Routing/NetworkData.o
                0x08001d00                add_received_packet
 .text.packet_key
                0x08001d68       0x1e ./Core/Src/Routing/NetworkData.o
 *fill*         0x08001d86        0x2 
 .text.last_packets_sent_remove
                0x08001d88      0x124 ./Core/Src/Routing/NetworkData.o
                0x08001d88                last_packets_sent_remove
 .text.routing_task
                0x08001eac      0x1d4 ./Core/Src/Routing/routing_task.o
                0x08001eac                routing_task
 .text.control_next_drone
                0x08002080       0x64 ./Core/Src/Routing/routing_task.o
                0x08002080                control_next_drone
 .text.safe_control_next_drone
                0x080020e4       0x34 ./Core/Src/Routing/routing_task.o
                0x080020e4                safe_control_next_drone
 .text.build_forward_command
                0x08002118       0x5c ./Core/Src/Routing/routing_task.o
                0x08002118                build_forward_command
 .text.safe_build_forward_command
                0x08002174       0x60 ./Core/Src/Routing/routing_task.o
                0x08002174                safe_build_forward_command
 .text.safe_updateRSSI_in_connected_nodes
                0x080021d4       0x68 ./Core/Src/Routing/routing_task.o
                0x080021d4                safe_updateRSSI_in_connected_nodes
 .text.build_ack
                0x0800223c       0x38 ./Core/Src/Routing/routing_task.o
                0x0800223c                build_ack
 .text.decrement_hops
                0x08002274       0x2c ./Core/Src/Routing/routing_task.o
                0x08002274                decrement_hops
 .text.logger_init
                0x080022a0       0x18 ./Core/Src/TEST/Logger.o
                0x080022a0                logger_init
 .text.log      0x080022b8       0x84 ./Core/Src/TEST/Logger.o
                0x080022b8                log
 .text.uart3_transmit_safe
                0x0800233c       0x74 ./Core/Src/TEST/Logger.o
                0x0800233c                uart3_transmit_safe
 .text._write   0x080023b0       0x34 ./Core/Src/TEST/Logger.o
                0x080023b0                _write
 .text.GetSeverityString
                0x080023e4       0x68 ./Core/Src/TEST/Logger.o
                0x080023e4                GetSeverityString
 .text.GetCategoryString
                0x0800244c       0x64 ./Core/Src/TEST/Logger.o
                0x0800244c                GetCategoryString
 .text.TX_Queue_init
                0x080024b0       0x38 ./Core/Src/TX/TX_Queue.o
                0x080024b0                TX_Queue_init
 .text.LoRa_transmit_safe
                0x080024e8       0x50 ./Core/Src/TX/TX_Task.o
                0x080024e8                LoRa_transmit_safe
 .text.xTX_task
                0x08002538       0xc4 ./Core/Src/TX/TX_Task.o
                0x08002538                xTX_task
 .text.flags_init
                0x080025fc       0x30 ./Core/Src/Util/Flags.o
                0x080025fc                flags_init
 .text.get_unique_id_part
                0x0800262c       0x22 ./Core/Src/Util/id.o
                0x0800262c                get_unique_id_part
 *fill*         0x0800264e        0x2 
 .text.node_id_init
                0x08002650       0x44 ./Core/Src/Util/id.o
                0x08002650                node_id_init
 .text.main     0x08002694      0x174 ./Core/Src/main.o
                0x08002694                main
 .text.SystemClock_Config
                0x08002808       0x76 ./Core/Src/main.o
                0x08002808                SystemClock_Config
 *fill*         0x0800287e        0x2 
 .text.MX_SPI2_Init
                0x08002880       0x6c ./Core/Src/main.o
 .text.MX_USART2_UART_Init
                0x080028ec       0x54 ./Core/Src/main.o
 .text.MX_USART3_UART_Init
                0x08002940       0x54 ./Core/Src/main.o
 .text.MX_DMA_Init
                0x08002994       0x5c ./Core/Src/main.o
 .text.MX_GPIO_Init
                0x080029f0      0x170 ./Core/Src/main.o
 .text.HAL_GPIO_EXTI_Callback
                0x08002b60       0xa0 ./Core/Src/main.o
                0x08002b60                HAL_GPIO_EXTI_Callback
 .text.HAL_UART_TxCpltCallback
                0x08002c00       0x44 ./Core/Src/main.o
                0x08002c00                HAL_UART_TxCpltCallback
 .text.StartDefaultTask
                0x08002c44       0x16 ./Core/Src/main.o
                0x08002c44                StartDefaultTask
 *fill*         0x08002c5a        0x2 
 .text.HAL_TIM_PeriodElapsedCallback
                0x08002c5c       0x24 ./Core/Src/main.o
                0x08002c5c                HAL_TIM_PeriodElapsedCallback
 .text.Error_Handler
                0x08002c80        0xc ./Core/Src/main.o
                0x08002c80                Error_Handler
 .text.HAL_MspInit
                0x08002c8c       0x70 ./Core/Src/stm32f1xx_hal_msp.o
                0x08002c8c                HAL_MspInit
 .text.HAL_SPI_MspInit
                0x08002cfc       0x98 ./Core/Src/stm32f1xx_hal_msp.o
                0x08002cfc                HAL_SPI_MspInit
 .text.HAL_UART_MspInit
                0x08002d94      0x22c ./Core/Src/stm32f1xx_hal_msp.o
                0x08002d94                HAL_UART_MspInit
 .text.HAL_InitTick
                0x08002fc0       0xfc ./Core/Src/stm32f1xx_hal_timebase_tim.o
                0x08002fc0                HAL_InitTick
 .text.NMI_Handler
                0x080030bc        0x8 ./Core/Src/stm32f1xx_it.o
                0x080030bc                NMI_Handler
 .text.HardFault_Handler
                0x080030c4        0x8 ./Core/Src/stm32f1xx_it.o
                0x080030c4                HardFault_Handler
 .text.MemManage_Handler
                0x080030cc        0x8 ./Core/Src/stm32f1xx_it.o
                0x080030cc                MemManage_Handler
 .text.BusFault_Handler
                0x080030d4        0x8 ./Core/Src/stm32f1xx_it.o
                0x080030d4                BusFault_Handler
 .text.UsageFault_Handler
                0x080030dc        0x8 ./Core/Src/stm32f1xx_it.o
                0x080030dc                UsageFault_Handler
 .text.DebugMon_Handler
                0x080030e4        0xc ./Core/Src/stm32f1xx_it.o
                0x080030e4                DebugMon_Handler
 .text.EXTI1_IRQHandler
                0x080030f0        0xe ./Core/Src/stm32f1xx_it.o
                0x080030f0                EXTI1_IRQHandler
 *fill*         0x080030fe        0x2 
 .text.DMA1_Channel2_IRQHandler
                0x08003100       0x14 ./Core/Src/stm32f1xx_it.o
                0x08003100                DMA1_Channel2_IRQHandler
 .text.DMA1_Channel3_IRQHandler
                0x08003114       0x14 ./Core/Src/stm32f1xx_it.o
                0x08003114                DMA1_Channel3_IRQHandler
 .text.DMA1_Channel7_IRQHandler
                0x08003128       0x14 ./Core/Src/stm32f1xx_it.o
                0x08003128                DMA1_Channel7_IRQHandler
 .text.EXTI9_5_IRQHandler
                0x0800313c       0x22 ./Core/Src/stm32f1xx_it.o
                0x0800313c                EXTI9_5_IRQHandler
 *fill*         0x0800315e        0x2 
 .text.TIM3_IRQHandler
                0x08003160       0x14 ./Core/Src/stm32f1xx_it.o
                0x08003160                TIM3_IRQHandler
 .text.USART2_IRQHandler
                0x08003174       0x14 ./Core/Src/stm32f1xx_it.o
                0x08003174                USART2_IRQHandler
 .text.USART3_IRQHandler
                0x08003188       0x14 ./Core/Src/stm32f1xx_it.o
                0x08003188                USART3_IRQHandler
 .text._read    0x0800319c       0x3a ./Core/Src/syscalls.o
                0x0800319c                _read
 .text._close   0x080031d6       0x16 ./Core/Src/syscalls.o
                0x080031d6                _close
 .text._fstat   0x080031ec       0x1e ./Core/Src/syscalls.o
                0x080031ec                _fstat
 .text._isatty  0x0800320a       0x14 ./Core/Src/syscalls.o
                0x0800320a                _isatty
 .text._lseek   0x0800321e       0x18 ./Core/Src/syscalls.o
                0x0800321e                _lseek
 *fill*         0x08003236        0x2 
 .text._sbrk    0x08003238       0x6c ./Core/Src/sysmem.o
                0x08003238                _sbrk
 .text.SystemInit
                0x080032a4        0xc ./Core/Src/system_stm32f1xx.o
                0x080032a4                SystemInit
 .text.Reset_Handler
                0x080032b0       0x48 ./Core/Startup/startup_stm32f103c8tx.o
                0x080032b0                Reset_Handler
 .text.Default_Handler
                0x080032f8        0x2 ./Core/Startup/startup_stm32f103c8tx.o
                0x080032f8                RTC_Alarm_IRQHandler
                0x080032f8                EXTI2_IRQHandler
                0x080032f8                TIM1_CC_IRQHandler
                0x080032f8                PVD_IRQHandler
                0x080032f8                EXTI3_IRQHandler
                0x080032f8                EXTI0_IRQHandler
                0x080032f8                I2C2_EV_IRQHandler
                0x080032f8                ADC1_2_IRQHandler
                0x080032f8                SPI1_IRQHandler
                0x080032f8                TAMPER_IRQHandler
                0x080032f8                DMA1_Channel4_IRQHandler
                0x080032f8                RTC_IRQHandler
                0x080032f8                CAN1_RX1_IRQHandler
                0x080032f8                TIM4_IRQHandler
                0x080032f8                I2C1_EV_IRQHandler
                0x080032f8                DMA1_Channel6_IRQHandler
                0x080032f8                RCC_IRQHandler
                0x080032f8                TIM1_TRG_COM_IRQHandler
                0x080032f8                DMA1_Channel1_IRQHandler
                0x080032f8                Default_Handler
                0x080032f8                EXTI15_10_IRQHandler
                0x080032f8                SPI2_IRQHandler
                0x080032f8                DMA1_Channel5_IRQHandler
                0x080032f8                EXTI4_IRQHandler
                0x080032f8                USB_LP_CAN1_RX0_IRQHandler
                0x080032f8                USB_HP_CAN1_TX_IRQHandler
                0x080032f8                TIM1_UP_IRQHandler
                0x080032f8                WWDG_IRQHandler
                0x080032f8                TIM2_IRQHandler
                0x080032f8                TIM1_BRK_IRQHandler
                0x080032f8                I2C2_ER_IRQHandler
                0x080032f8                CAN1_SCE_IRQHandler
                0x080032f8                FLASH_IRQHandler
                0x080032f8                USART1_IRQHandler
                0x080032f8                I2C1_ER_IRQHandler
                0x080032f8                USBWakeUp_IRQHandler
 *fill*         0x080032fa        0x2 
 .text.HAL_Init
                0x080032fc       0x2c ./Drivers/STM32F1xx_HAL_Driver/Src/stm32f1xx_hal.o
                0x080032fc                HAL_Init
 .text.HAL_IncTick
                0x08003328       0x24 ./Drivers/STM32F1xx_HAL_Driver/Src/stm32f1xx_hal.o
                0x08003328                HAL_IncTick
 .text.HAL_GetTick
                0x0800334c       0x14 ./Drivers/STM32F1xx_HAL_Driver/Src/stm32f1xx_hal.o
                0x0800334c                HAL_GetTick
 .text.HAL_Delay
                0x08003360       0x48 ./Drivers/STM32F1xx_HAL_Driver/Src/stm32f1xx_hal.o
                0x08003360                HAL_Delay
 .text.__NVIC_SetPriorityGrouping
                0x080033a8       0x48 ./Drivers/STM32F1xx_HAL_Driver/Src/stm32f1xx_hal_cortex.o
 .text.__NVIC_GetPriorityGrouping
                0x080033f0       0x1c ./Drivers/STM32F1xx_HAL_Driver/Src/stm32f1xx_hal_cortex.o
 .text.__NVIC_EnableIRQ
                0x0800340c       0x38 ./Drivers/STM32F1xx_HAL_Driver/Src/stm32f1xx_hal_cortex.o
 .text.__NVIC_SetPriority
                0x08003444       0x54 ./Drivers/STM32F1xx_HAL_Driver/Src/stm32f1xx_hal_cortex.o
 .text.NVIC_EncodePriority
                0x08003498       0x64 ./Drivers/STM32F1xx_HAL_Driver/Src/stm32f1xx_hal_cortex.o
 .text.HAL_NVIC_SetPriorityGrouping
                0x080034fc       0x16 ./Drivers/STM32F1xx_HAL_Driver/Src/stm32f1xx_hal_cortex.o
                0x080034fc                HAL_NVIC_SetPriorityGrouping
 .text.HAL_NVIC_SetPriority
                0x08003512       0x38 ./Drivers/STM32F1xx_HAL_Driver/Src/stm32f1xx_hal_cortex.o
                0x08003512                HAL_NVIC_SetPriority
 .text.HAL_NVIC_EnableIRQ
                0x0800354a       0x1c ./Drivers/STM32F1xx_HAL_Driver/Src/stm32f1xx_hal_cortex.o
                0x0800354a                HAL_NVIC_EnableIRQ
 *fill*         0x08003566        0x2 
 .text.HAL_DMA_Init
                0x08003568       0xb4 ./Drivers/STM32F1xx_HAL_Driver/Src/stm32f1xx_hal_dma.o
                0x08003568                HAL_DMA_Init
 .text.HAL_DMA_Start_IT
                0x0800361c       0xc0 ./Drivers/STM32F1xx_HAL_Driver/Src/stm32f1xx_hal_dma.o
                0x0800361c                HAL_DMA_Start_IT
 .text.HAL_DMA_Abort
                0x080036dc       0x76 ./Drivers/STM32F1xx_HAL_Driver/Src/stm32f1xx_hal_dma.o
                0x080036dc                HAL_DMA_Abort
 *fill*         0x08003752        0x2 
 .text.HAL_DMA_Abort_IT
                0x08003754       0xf0 ./Drivers/STM32F1xx_HAL_Driver/Src/stm32f1xx_hal_dma.o
                0x08003754                HAL_DMA_Abort_IT
 .text.HAL_DMA_IRQHandler
                0x08003844      0x20c ./Drivers/STM32F1xx_HAL_Driver/Src/stm32f1xx_hal_dma.o
                0x08003844                HAL_DMA_IRQHandler
 .text.DMA_SetConfig
                0x08003a50       0x5a ./Drivers/STM32F1xx_HAL_Driver/Src/stm32f1xx_hal_dma.o
 *fill*         0x08003aaa        0x2 
 .text.HAL_GPIO_Init
                0x08003aac      0x308 ./Drivers/STM32F1xx_HAL_Driver/Src/stm32f1xx_hal_gpio.o
                0x08003aac                HAL_GPIO_Init
 .text.HAL_GPIO_WritePin
                0x08003db4       0x30 ./Drivers/STM32F1xx_HAL_Driver/Src/stm32f1xx_hal_gpio.o
                0x08003db4                HAL_GPIO_WritePin
 .text.HAL_GPIO_EXTI_IRQHandler
                0x08003de4       0x30 ./Drivers/STM32F1xx_HAL_Driver/Src/stm32f1xx_hal_gpio.o
                0x08003de4                HAL_GPIO_EXTI_IRQHandler
 .text.HAL_RCC_OscConfig
                0x08003e14      0x504 ./Drivers/STM32F1xx_HAL_Driver/Src/stm32f1xx_hal_rcc.o
                0x08003e14                HAL_RCC_OscConfig
 .text.HAL_RCC_ClockConfig
                0x08004318      0x1d4 ./Drivers/STM32F1xx_HAL_Driver/Src/stm32f1xx_hal_rcc.o
                0x08004318                HAL_RCC_ClockConfig
 .text.HAL_RCC_GetSysClockFreq
                0x080044ec       0xa8 ./Drivers/STM32F1xx_HAL_Driver/Src/stm32f1xx_hal_rcc.o
                0x080044ec                HAL_RCC_GetSysClockFreq
 .text.HAL_RCC_GetHCLKFreq
                0x08004594       0x14 ./Drivers/STM32F1xx_HAL_Driver/Src/stm32f1xx_hal_rcc.o
                0x08004594                HAL_RCC_GetHCLKFreq
 .text.HAL_RCC_GetPCLK1Freq
                0x080045a8       0x28 ./Drivers/STM32F1xx_HAL_Driver/Src/stm32f1xx_hal_rcc.o
                0x080045a8                HAL_RCC_GetPCLK1Freq
 .text.HAL_RCC_GetPCLK2Freq
                0x080045d0       0x28 ./Drivers/STM32F1xx_HAL_Driver/Src/stm32f1xx_hal_rcc.o
                0x080045d0                HAL_RCC_GetPCLK2Freq
 .text.HAL_RCC_GetClockConfig
                0x080045f8       0x60 ./Drivers/STM32F1xx_HAL_Driver/Src/stm32f1xx_hal_rcc.o
                0x080045f8                HAL_RCC_GetClockConfig
 .text.RCC_Delay
                0x08004658       0x3c ./Drivers/STM32F1xx_HAL_Driver/Src/stm32f1xx_hal_rcc.o
 .text.HAL_SPI_Init
                0x08004694      0x108 ./Drivers/STM32F1xx_HAL_Driver/Src/stm32f1xx_hal_spi.o
                0x08004694                HAL_SPI_Init
 .text.HAL_SPI_Transmit
                0x0800479c      0x288 ./Drivers/STM32F1xx_HAL_Driver/Src/stm32f1xx_hal_spi.o
                0x0800479c                HAL_SPI_Transmit
 .text.HAL_SPI_Receive
                0x08004a24      0x232 ./Drivers/STM32F1xx_HAL_Driver/Src/stm32f1xx_hal_spi.o
                0x08004a24                HAL_SPI_Receive
 .text.HAL_SPI_TransmitReceive
                0x08004c56      0x352 ./Drivers/STM32F1xx_HAL_Driver/Src/stm32f1xx_hal_spi.o
                0x08004c56                HAL_SPI_TransmitReceive
 .text.HAL_SPI_GetState
                0x08004fa8       0x1a ./Drivers/STM32F1xx_HAL_Driver/Src/stm32f1xx_hal_spi.o
                0x08004fa8                HAL_SPI_GetState
 *fill*         0x08004fc2        0x2 
 .text.SPI_WaitFlagStateUntilTimeout
                0x08004fc4      0x110 ./Drivers/STM32F1xx_HAL_Driver/Src/stm32f1xx_hal_spi.o
 .text.SPI_EndRxTransaction
                0x080050d4       0xa4 ./Drivers/STM32F1xx_HAL_Driver/Src/stm32f1xx_hal_spi.o
 .text.SPI_EndRxTxTransaction
                0x08005178       0x62 ./Drivers/STM32F1xx_HAL_Driver/Src/stm32f1xx_hal_spi.o
 .text.HAL_TIM_Base_Init
                0x080051da       0x9e ./Drivers/STM32F1xx_HAL_Driver/Src/stm32f1xx_hal_tim.o
                0x080051da                HAL_TIM_Base_Init
 .text.HAL_TIM_Base_MspInit
                0x08005278       0x12 ./Drivers/STM32F1xx_HAL_Driver/Src/stm32f1xx_hal_tim.o
                0x08005278                HAL_TIM_Base_MspInit
 *fill*         0x0800528a        0x2 
 .text.HAL_TIM_Base_Start_IT
                0x0800528c       0xa4 ./Drivers/STM32F1xx_HAL_Driver/Src/stm32f1xx_hal_tim.o
                0x0800528c                HAL_TIM_Base_Start_IT
 .text.HAL_TIM_IRQHandler
                0x08005330      0x1e0 ./Drivers/STM32F1xx_HAL_Driver/Src/stm32f1xx_hal_tim.o
                0x08005330                HAL_TIM_IRQHandler
 .text.HAL_TIM_OC_DelayElapsedCallback
                0x08005510       0x12 ./Drivers/STM32F1xx_HAL_Driver/Src/stm32f1xx_hal_tim.o
                0x08005510                HAL_TIM_OC_DelayElapsedCallback
 .text.HAL_TIM_IC_CaptureCallback
                0x08005522       0x12 ./Drivers/STM32F1xx_HAL_Driver/Src/stm32f1xx_hal_tim.o
                0x08005522                HAL_TIM_IC_CaptureCallback
 .text.HAL_TIM_PWM_PulseFinishedCallback
                0x08005534       0x12 ./Drivers/STM32F1xx_HAL_Driver/Src/stm32f1xx_hal_tim.o
                0x08005534                HAL_TIM_PWM_PulseFinishedCallback
 .text.HAL_TIM_TriggerCallback
                0x08005546       0x12 ./Drivers/STM32F1xx_HAL_Driver/Src/stm32f1xx_hal_tim.o
                0x08005546                HAL_TIM_TriggerCallback
 .text.TIM_Base_SetConfig
                0x08005558       0xdc ./Drivers/STM32F1xx_HAL_Driver/Src/stm32f1xx_hal_tim.o
                0x08005558                TIM_Base_SetConfig
 .text.HAL_TIMEx_CommutCallback
                0x08005634       0x12 ./Drivers/STM32F1xx_HAL_Driver/Src/stm32f1xx_hal_tim_ex.o
                0x08005634                HAL_TIMEx_CommutCallback
 .text.HAL_TIMEx_BreakCallback
                0x08005646       0x12 ./Drivers/STM32F1xx_HAL_Driver/Src/stm32f1xx_hal_tim_ex.o
                0x08005646                HAL_TIMEx_BreakCallback
 .text.HAL_UART_Init
                0x08005658       0xa0 ./Drivers/STM32F1xx_HAL_Driver/Src/stm32f1xx_hal_uart.o
                0x08005658                HAL_UART_Init
 .text.HAL_UART_Transmit_DMA
                0x080056f8       0xe0 ./Drivers/STM32F1xx_HAL_Driver/Src/stm32f1xx_hal_uart.o
                0x080056f8                HAL_UART_Transmit_DMA
 .text.HAL_UART_IRQHandler
                0x080057d8      0x524 ./Drivers/STM32F1xx_HAL_Driver/Src/stm32f1xx_hal_uart.o
                0x080057d8                HAL_UART_IRQHandler
 .text.HAL_UART_TxHalfCpltCallback
                0x08005cfc       0x12 ./Drivers/STM32F1xx_HAL_Driver/Src/stm32f1xx_hal_uart.o
                0x08005cfc                HAL_UART_TxHalfCpltCallback
 .text.HAL_UART_RxCpltCallback
                0x08005d0e       0x12 ./Drivers/STM32F1xx_HAL_Driver/Src/stm32f1xx_hal_uart.o
                0x08005d0e                HAL_UART_RxCpltCallback
 .text.HAL_UART_ErrorCallback
                0x08005d20       0x12 ./Drivers/STM32F1xx_HAL_Driver/Src/stm32f1xx_hal_uart.o
                0x08005d20                HAL_UART_ErrorCallback
 .text.HAL_UARTEx_RxEventCallback
                0x08005d32       0x16 ./Drivers/STM32F1xx_HAL_Driver/Src/stm32f1xx_hal_uart.o
                0x08005d32                HAL_UARTEx_RxEventCallback
 .text.UART_DMATransmitCplt
                0x08005d48       0x9a ./Drivers/STM32F1xx_HAL_Driver/Src/stm32f1xx_hal_uart.o
 .text.UART_DMATxHalfCplt
                0x08005de2       0x1c ./Drivers/STM32F1xx_HAL_Driver/Src/stm32f1xx_hal_uart.o
 .text.UART_DMAError
                0x08005dfe       0x94 ./Drivers/STM32F1xx_HAL_Driver/Src/stm32f1xx_hal_uart.o
 .text.UART_EndTxTransfer
                0x08005e92       0x4e ./Drivers/STM32F1xx_HAL_Driver/Src/stm32f1xx_hal_uart.o
 .text.UART_EndRxTransfer
                0x08005ee0       0xc4 ./Drivers/STM32F1xx_HAL_Driver/Src/stm32f1xx_hal_uart.o
 .text.UART_DMAAbortOnError
                0x08005fa4       0x28 ./Drivers/STM32F1xx_HAL_Driver/Src/stm32f1xx_hal_uart.o
 .text.UART_Transmit_IT
                0x08005fcc       0x9e ./Drivers/STM32F1xx_HAL_Driver/Src/stm32f1xx_hal_uart.o
 .text.UART_EndTransmit_IT
                0x0800606a       0x30 ./Drivers/STM32F1xx_HAL_Driver/Src/stm32f1xx_hal_uart.o
 .text.UART_Receive_IT
                0x0800609a      0x17c ./Drivers/STM32F1xx_HAL_Driver/Src/stm32f1xx_hal_uart.o
 *fill*         0x08006216        0x2 
 .text.UART_SetConfig
                0x08006218      0x11c ./Drivers/STM32F1xx_HAL_Driver/Src/stm32f1xx_hal_uart.o
 .text.__NVIC_SetPriority
                0x08006334       0x54 ./Middlewares/Third_Party/FreeRTOS/Source/CMSIS_RTOS_V2/cmsis_os2.o
 .text.SysTick_Handler
                0x08006388       0x20 ./Middlewares/Third_Party/FreeRTOS/Source/CMSIS_RTOS_V2/cmsis_os2.o
                0x08006388                SysTick_Handler
 .text.SVC_Setup
                0x080063a8       0x12 ./Middlewares/Third_Party/FreeRTOS/Source/CMSIS_RTOS_V2/cmsis_os2.o
 *fill*         0x080063ba        0x2 
 .text.osKernelInitialize
                0x080063bc       0x44 ./Middlewares/Third_Party/FreeRTOS/Source/CMSIS_RTOS_V2/cmsis_os2.o
                0x080063bc                osKernelInitialize
 .text.osKernelStart
                0x08006400       0x4c ./Middlewares/Third_Party/FreeRTOS/Source/CMSIS_RTOS_V2/cmsis_os2.o
                0x08006400                osKernelStart
 .text.osThreadNew
                0x0800644c      0x124 ./Middlewares/Third_Party/FreeRTOS/Source/CMSIS_RTOS_V2/cmsis_os2.o
                0x0800644c                osThreadNew
 .text.osDelay  0x08006570       0x36 ./Middlewares/Third_Party/FreeRTOS/Source/CMSIS_RTOS_V2/cmsis_os2.o
                0x08006570                osDelay
 *fill*         0x080065a6        0x2 
 .text.vApplicationGetIdleTaskMemory
                0x080065a8       0x30 ./Middlewares/Third_Party/FreeRTOS/Source/CMSIS_RTOS_V2/cmsis_os2.o
                0x080065a8                vApplicationGetIdleTaskMemory
 .text.vApplicationGetTimerTaskMemory
                0x080065d8       0x34 ./Middlewares/Third_Party/FreeRTOS/Source/CMSIS_RTOS_V2/cmsis_os2.o
                0x080065d8                vApplicationGetTimerTaskMemory
 .text.vListInitialise
                0x0800660c       0x3e ./Middlewares/Third_Party/FreeRTOS/Source/list.o
                0x0800660c                vListInitialise
 .text.vListInitialiseItem
                0x0800664a       0x18 ./Middlewares/Third_Party/FreeRTOS/Source/list.o
                0x0800664a                vListInitialiseItem
 .text.vListInsertEnd
                0x08006662       0x46 ./Middlewares/Third_Party/FreeRTOS/Source/list.o
                0x08006662                vListInsertEnd
 .text.vListInsert
                0x080066a8       0x70 ./Middlewares/Third_Party/FreeRTOS/Source/list.o
                0x080066a8                vListInsert
 .text.uxListRemove
                0x08006718       0x52 ./Middlewares/Third_Party/FreeRTOS/Source/list.o
                0x08006718                uxListRemove
 *fill*         0x0800676a        0x2 
 .text.xQueueGenericReset
                0x0800676c       0xd4 ./Middlewares/Third_Party/FreeRTOS/Source/queue.o
                0x0800676c                xQueueGenericReset
 .text.xQueueGenericCreateStatic
                0x08006840       0xfa ./Middlewares/Third_Party/FreeRTOS/Source/queue.o
                0x08006840                xQueueGenericCreateStatic
 .text.xQueueGenericCreate
                0x0800693a       0x76 ./Middlewares/Third_Party/FreeRTOS/Source/queue.o
                0x0800693a                xQueueGenericCreate
 .text.prvInitialiseNewQueue
                0x080069b0       0x46 ./Middlewares/Third_Party/FreeRTOS/Source/queue.o
 .text.prvInitialiseMutex
                0x080069f6       0x34 ./Middlewares/Third_Party/FreeRTOS/Source/queue.o
 .text.xQueueCreateMutex
                0x08006a2a       0x30 ./Middlewares/Third_Party/FreeRTOS/Source/queue.o
                0x08006a2a                xQueueCreateMutex
 *fill*         0x08006a5a        0x2 
 .text.xQueueGenericSend
                0x08006a5c      0x204 ./Middlewares/Third_Party/FreeRTOS/Source/queue.o
                0x08006a5c                xQueueGenericSend
 .text.xQueueGenericSendFromISR
                0x08006c60      0x13c ./Middlewares/Third_Party/FreeRTOS/Source/queue.o
                0x08006c60                xQueueGenericSendFromISR
 .text.xQueueReceive
                0x08006d9c      0x1c4 ./Middlewares/Third_Party/FreeRTOS/Source/queue.o
                0x08006d9c                xQueueReceive
 .text.xQueueSemaphoreTake
                0x08006f60      0x220 ./Middlewares/Third_Party/FreeRTOS/Source/queue.o
                0x08006f60                xQueueSemaphoreTake
 .text.prvGetDisinheritPriorityAfterTimeout
                0x08007180       0x2e ./Middlewares/Third_Party/FreeRTOS/Source/queue.o
 .text.prvCopyDataToQueue
                0x080071ae       0xd4 ./Middlewares/Third_Party/FreeRTOS/Source/queue.o
 .text.prvCopyDataFromQueue
                0x08007282       0x4c ./Middlewares/Third_Party/FreeRTOS/Source/queue.o
 .text.prvUnlockQueue
                0x080072ce       0xa4 ./Middlewares/Third_Party/FreeRTOS/Source/queue.o
 .text.prvIsQueueEmpty
                0x08007372       0x2c ./Middlewares/Third_Party/FreeRTOS/Source/queue.o
 .text.prvIsQueueFull
                0x0800739e       0x30 ./Middlewares/Third_Party/FreeRTOS/Source/queue.o
 *fill*         0x080073ce        0x2 
 .text.vQueueAddToRegistry
                0x080073d0       0x50 ./Middlewares/Third_Party/FreeRTOS/Source/queue.o
                0x080073d0                vQueueAddToRegistry
 .text.vQueueWaitForMessageRestricted
                0x08007420       0x68 ./Middlewares/Third_Party/FreeRTOS/Source/queue.o
                0x08007420                vQueueWaitForMessageRestricted
 .text.xTaskCreateStatic
                0x08007488       0xc0 ./Middlewares/Third_Party/FreeRTOS/Source/tasks.o
                0x08007488                xTaskCreateStatic
 .text.xTaskCreate
                0x08007548       0x8a ./Middlewares/Third_Party/FreeRTOS/Source/tasks.o
                0x08007548                xTaskCreate
 *fill*         0x080075d2        0x2 
 .text.prvInitialiseNewTask
                0x080075d4      0x150 ./Middlewares/Third_Party/FreeRTOS/Source/tasks.o
 .text.prvAddNewTaskToReadyList
                0x08007724       0xe0 ./Middlewares/Third_Party/FreeRTOS/Source/tasks.o
 .text.vTaskDelay
                0x08007804       0x6c ./Middlewares/Third_Party/FreeRTOS/Source/tasks.o
                0x08007804                vTaskDelay
 .text.vTaskSuspend
                0x08007870       0xec ./Middlewares/Third_Party/FreeRTOS/Source/tasks.o
                0x08007870                vTaskSuspend
 .text.vTaskStartScheduler
                0x0800795c       0xe0 ./Middlewares/Third_Party/FreeRTOS/Source/tasks.o
                0x0800795c                vTaskStartScheduler
 .text.vTaskSuspendAll
                0x08007a3c       0x1c ./Middlewares/Third_Party/FreeRTOS/Source/tasks.o
                0x08007a3c                vTaskSuspendAll
 .text.xTaskResumeAll
                0x08007a58      0x13c ./Middlewares/Third_Party/FreeRTOS/Source/tasks.o
                0x08007a58                xTaskResumeAll
 .text.xTaskGetTickCount
                0x08007b94       0x1c ./Middlewares/Third_Party/FreeRTOS/Source/tasks.o
                0x08007b94                xTaskGetTickCount
 .text.xTaskIncrementTick
                0x08007bb0      0x174 ./Middlewares/Third_Party/FreeRTOS/Source/tasks.o
                0x08007bb0                xTaskIncrementTick
 .text.vTaskSwitchContext
                0x08007d24       0xc8 ./Middlewares/Third_Party/FreeRTOS/Source/tasks.o
                0x08007d24                vTaskSwitchContext
 .text.vTaskPlaceOnEventList
                0x08007dec       0x4c ./Middlewares/Third_Party/FreeRTOS/Source/tasks.o
                0x08007dec                vTaskPlaceOnEventList
 .text.vTaskPlaceOnEventListRestricted
                0x08007e38       0x58 ./Middlewares/Third_Party/FreeRTOS/Source/tasks.o
                0x08007e38                vTaskPlaceOnEventListRestricted
 .text.xTaskRemoveFromEventList
                0x08007e90       0xc8 ./Middlewares/Third_Party/FreeRTOS/Source/tasks.o
                0x08007e90                xTaskRemoveFromEventList
 .text.vTaskInternalSetTimeOutState
                0x08007f58       0x2c ./Middlewares/Third_Party/FreeRTOS/Source/tasks.o
                0x08007f58                vTaskInternalSetTimeOutState
 .text.xTaskCheckForTimeOut
                0x08007f84       0xc8 ./Middlewares/Third_Party/FreeRTOS/Source/tasks.o
                0x08007f84                xTaskCheckForTimeOut
 .text.vTaskMissedYield
                0x0800804c       0x18 ./Middlewares/Third_Party/FreeRTOS/Source/tasks.o
                0x0800804c                vTaskMissedYield
 .text.prvIdleTask
                0x08008064       0x30 ./Middlewares/Third_Party/FreeRTOS/Source/tasks.o
 .text.prvInitialiseTaskLists
                0x08008094       0x80 ./Middlewares/Third_Party/FreeRTOS/Source/tasks.o
 .text.prvCheckTasksWaitingTermination
                0x08008114       0x5c ./Middlewares/Third_Party/FreeRTOS/Source/tasks.o
 .text.prvDeleteTCB
                0x08008170       0x6a ./Middlewares/Third_Party/FreeRTOS/Source/tasks.o
 *fill*         0x080081da        0x2 
 .text.prvResetNextTaskUnblockTime
                0x080081dc       0x40 ./Middlewares/Third_Party/FreeRTOS/Source/tasks.o
 .text.xTaskGetSchedulerState
                0x0800821c       0x3c ./Middlewares/Third_Party/FreeRTOS/Source/tasks.o
                0x0800821c                xTaskGetSchedulerState
 .text.xTaskPriorityInherit
                0x08008258       0xd0 ./Middlewares/Third_Party/FreeRTOS/Source/tasks.o
                0x08008258                xTaskPriorityInherit
 .text.xTaskPriorityDisinherit
                0x08008328       0xe0 ./Middlewares/Third_Party/FreeRTOS/Source/tasks.o
                0x08008328                xTaskPriorityDisinherit
 .text.vTaskPriorityDisinheritAfterTimeout
                0x08008408      0x108 ./Middlewares/Third_Party/FreeRTOS/Source/tasks.o
                0x08008408                vTaskPriorityDisinheritAfterTimeout
 .text.pvTaskIncrementMutexHeldCount
                0x08008510       0x28 ./Middlewares/Third_Party/FreeRTOS/Source/tasks.o
                0x08008510                pvTaskIncrementMutexHeldCount
 .text.ulTaskNotifyTake
                0x08008538       0x98 ./Middlewares/Third_Party/FreeRTOS/Source/tasks.o
                0x08008538                ulTaskNotifyTake
 .text.vTaskNotifyGiveFromISR
                0x080085d0      0x12c ./Middlewares/Third_Party/FreeRTOS/Source/tasks.o
                0x080085d0                vTaskNotifyGiveFromISR
 .text.prvAddCurrentTaskToDelayedList
                0x080086fc       0xa8 ./Middlewares/Third_Party/FreeRTOS/Source/tasks.o
 .text.xTimerCreateTimerTask
                0x080087a4       0x94 ./Middlewares/Third_Party/FreeRTOS/Source/timers.o
                0x080087a4                xTimerCreateTimerTask
 .text.xTimerGenericCommand
                0x08008838       0x9c ./Middlewares/Third_Party/FreeRTOS/Source/timers.o
                0x08008838                xTimerGenericCommand
 .text.prvProcessExpiredTimer
                0x080088d4       0x9c ./Middlewares/Third_Party/FreeRTOS/Source/timers.o
 .text.prvTimerTask
                0x08008970       0x26 ./Middlewares/Third_Party/FreeRTOS/Source/timers.o
 *fill*         0x08008996        0x2 
 .text.prvProcessTimerOrBlockTask
                0x08008998       0x9c ./Middlewares/Third_Party/FreeRTOS/Source/timers.o
 .text.prvGetNextExpireTime
                0x08008a34       0x44 ./Middlewares/Third_Party/FreeRTOS/Source/timers.o
 .text.prvSampleTimeNow
                0x08008a78       0x40 ./Middlewares/Third_Party/FreeRTOS/Source/timers.o
 .text.prvInsertTimerInActiveList
                0x08008ab8       0x84 ./Middlewares/Third_Party/FreeRTOS/Source/timers.o
 .text.prvProcessReceivedCommands
                0x08008b3c      0x1cc ./Middlewares/Third_Party/FreeRTOS/Source/timers.o
 .text.prvSwitchTimerLists
                0x08008d08       0xcc ./Middlewares/Third_Party/FreeRTOS/Source/timers.o
 .text.prvCheckForValidListAndQueue
                0x08008dd4       0x80 ./Middlewares/Third_Party/FreeRTOS/Source/timers.o
 .text.pxPortInitialiseStack
                0x08008e54       0x58 ./Middlewares/Third_Party/FreeRTOS/Source/portable/GCC/ARM_CM3/port.o
                0x08008e54                pxPortInitialiseStack
 .text.prvTaskExitError
                0x08008eac       0x58 ./Middlewares/Third_Party/FreeRTOS/Source/portable/GCC/ARM_CM3/port.o
 *fill*         0x08008f04        0xc 
 .text.SVC_Handler
                0x08008f10       0x28 ./Middlewares/Third_Party/FreeRTOS/Source/portable/GCC/ARM_CM3/port.o
                0x08008f10                SVC_Handler
 .text.prvPortStartFirstTask
                0x08008f38       0x20 ./Middlewares/Third_Party/FreeRTOS/Source/portable/GCC/ARM_CM3/port.o
 .text.xPortStartScheduler
                0x08008f58       0xe4 ./Middlewares/Third_Party/FreeRTOS/Source/portable/GCC/ARM_CM3/port.o
                0x08008f58                xPortStartScheduler
 .text.vPortEnterCritical
                0x0800903c       0x60 ./Middlewares/Third_Party/FreeRTOS/Source/portable/GCC/ARM_CM3/port.o
                0x0800903c                vPortEnterCritical
 .text.vPortExitCritical
                0x0800909c       0x54 ./Middlewares/Third_Party/FreeRTOS/Source/portable/GCC/ARM_CM3/port.o
                0x0800909c                vPortExitCritical
 .text.PendSV_Handler
                0x080090f0       0x48 ./Middlewares/Third_Party/FreeRTOS/Source/portable/GCC/ARM_CM3/port.o
                0x080090f0                PendSV_Handler
 .text.xPortSysTickHandler
                0x08009138       0x44 ./Middlewares/Third_Party/FreeRTOS/Source/portable/GCC/ARM_CM3/port.o
                0x08009138                xPortSysTickHandler
 .text.vPortSetupTimerInterrupt
                0x0800917c       0x44 ./Middlewares/Third_Party/FreeRTOS/Source/portable/GCC/ARM_CM3/port.o
                0x0800917c                vPortSetupTimerInterrupt
 .text.vPortValidateInterruptPriority
                0x080091c0       0x80 ./Middlewares/Third_Party/FreeRTOS/Source/portable/GCC/ARM_CM3/port.o
                0x080091c0                vPortValidateInterruptPriority
 .text.pvPortMalloc
                0x08009240      0x19c ./Middlewares/Third_Party/FreeRTOS/Source/portable/MemMang/heap_4.o
                0x08009240                pvPortMalloc
 .text.vPortFree
                0x080093dc       0xc8 ./Middlewares/Third_Party/FreeRTOS/Source/portable/MemMang/heap_4.o
                0x080093dc                vPortFree
 .text.prvHeapInit
                0x080094a4       0xc4 ./Middlewares/Third_Party/FreeRTOS/Source/portable/MemMang/heap_4.o
 .text.prvInsertBlockIntoFreeList
                0x08009568       0xb0 ./Middlewares/Third_Party/FreeRTOS/Source/portable/MemMang/heap_4.o
 .text.std      0x08009618       0x6c /home/royivri/st/stm32cubeclt_1.19.0/GNU-tools-for-STM32/bin/../lib/gcc/arm-none-eabi/13.3.1/../../../../arm-none-eabi/lib/thumb/v7-m/nofp/libc_nano.a(libc_a-findfp.o)
 .text.stdio_exit_handler
                0x08009684       0x18 /home/royivri/st/stm32cubeclt_1.19.0/GNU-tools-for-STM32/bin/../lib/gcc/arm-none-eabi/13.3.1/../../../../arm-none-eabi/lib/thumb/v7-m/nofp/libc_nano.a(libc_a-findfp.o)
 .text.cleanup_stdio
                0x0800969c       0x40 /home/royivri/st/stm32cubeclt_1.19.0/GNU-tools-for-STM32/bin/../lib/gcc/arm-none-eabi/13.3.1/../../../../arm-none-eabi/lib/thumb/v7-m/nofp/libc_nano.a(libc_a-findfp.o)
 .text.global_stdio_init.part.0
                0x080096dc       0x3c /home/royivri/st/stm32cubeclt_1.19.0/GNU-tools-for-STM32/bin/../lib/gcc/arm-none-eabi/13.3.1/../../../../arm-none-eabi/lib/thumb/v7-m/nofp/libc_nano.a(libc_a-findfp.o)
 .text.__sfp_lock_acquire
                0x08009718        0xc /home/royivri/st/stm32cubeclt_1.19.0/GNU-tools-for-STM32/bin/../lib/gcc/arm-none-eabi/13.3.1/../../../../arm-none-eabi/lib/thumb/v7-m/nofp/libc_nano.a(libc_a-findfp.o)
                0x08009718                __sfp_lock_acquire
 .text.__sfp_lock_release
                0x08009724        0xc /home/royivri/st/stm32cubeclt_1.19.0/GNU-tools-for-STM32/bin/../lib/gcc/arm-none-eabi/13.3.1/../../../../arm-none-eabi/lib/thumb/v7-m/nofp/libc_nano.a(libc_a-findfp.o)
                0x08009724                __sfp_lock_release
 .text.__sinit  0x08009730       0x30 /home/royivri/st/stm32cubeclt_1.19.0/GNU-tools-for-STM32/bin/../lib/gcc/arm-none-eabi/13.3.1/../../../../arm-none-eabi/lib/thumb/v7-m/nofp/libc_nano.a(libc_a-findfp.o)
                0x08009730                __sinit
 .text._fwalk_sglue
                0x08009760       0x3c /home/royivri/st/stm32cubeclt_1.19.0/GNU-tools-for-STM32/bin/../lib/gcc/arm-none-eabi/13.3.1/../../../../arm-none-eabi/lib/thumb/v7-m/nofp/libc_nano.a(libc_a-fwalk.o)
                0x08009760                _fwalk_sglue
 .text._puts_r  0x0800979c       0xaa /home/royivri/st/stm32cubeclt_1.19.0/GNU-tools-for-STM32/bin/../lib/gcc/arm-none-eabi/13.3.1/../../../../arm-none-eabi/lib/thumb/v7-m/nofp/libc_nano.a(libc_a-puts.o)
                0x0800979c                _puts_r
 *fill*         0x08009846        0x2 
 .text.puts     0x08009848       0x10 /home/royivri/st/stm32cubeclt_1.19.0/GNU-tools-for-STM32/bin/../lib/gcc/arm-none-eabi/13.3.1/../../../../arm-none-eabi/lib/thumb/v7-m/nofp/libc_nano.a(libc_a-puts.o)
                0x08009848                puts
 .text.snprintf
                0x08009858       0x6c /home/royivri/st/stm32cubeclt_1.19.0/GNU-tools-for-STM32/bin/../lib/gcc/arm-none-eabi/13.3.1/../../../../arm-none-eabi/lib/thumb/v7-m/nofp/libc_nano.a(libc_a-snprintf.o)
                0x08009858                snprintf
                0x08009858                sniprintf
 .text.__sread  0x080098c4       0x22 /home/royivri/st/stm32cubeclt_1.19.0/GNU-tools-for-STM32/bin/../lib/gcc/arm-none-eabi/13.3.1/../../../../arm-none-eabi/lib/thumb/v7-m/nofp/libc_nano.a(libc_a-stdio.o)
                0x080098c4                __sread
 .text.__swrite
                0x080098e6       0x38 /home/royivri/st/stm32cubeclt_1.19.0/GNU-tools-for-STM32/bin/../lib/gcc/arm-none-eabi/13.3.1/../../../../arm-none-eabi/lib/thumb/v7-m/nofp/libc_nano.a(libc_a-stdio.o)
                0x080098e6                __swrite
 .text.__sseek  0x0800991e       0x24 /home/royivri/st/stm32cubeclt_1.19.0/GNU-tools-for-STM32/bin/../lib/gcc/arm-none-eabi/13.3.1/../../../../arm-none-eabi/lib/thumb/v7-m/nofp/libc_nano.a(libc_a-stdio.o)
                0x0800991e                __sseek
 .text.__sclose
                0x08009942        0x8 /home/royivri/st/stm32cubeclt_1.19.0/GNU-tools-for-STM32/bin/../lib/gcc/arm-none-eabi/13.3.1/../../../../arm-none-eabi/lib/thumb/v7-m/nofp/libc_nano.a(libc_a-stdio.o)
                0x08009942                __sclose
 .text.__swbuf_r
                0x0800994a       0x7c /home/royivri/st/stm32cubeclt_1.19.0/GNU-tools-for-STM32/bin/../lib/gcc/arm-none-eabi/13.3.1/../../../../arm-none-eabi/lib/thumb/v7-m/nofp/libc_nano.a(libc_a-wbuf.o)
                0x0800994a                __swbuf_r
 *fill*         0x080099c6        0x2 
 .text.__swsetup_r
                0x080099c8       0xac /home/royivri/st/stm32cubeclt_1.19.0/GNU-tools-for-STM32/bin/../lib/gcc/arm-none-eabi/13.3.1/../../../../arm-none-eabi/lib/thumb/v7-m/nofp/libc_nano.a(libc_a-wsetup.o)
                0x080099c8                __swsetup_r
 .text.memset   0x08009a74       0x10 /home/royivri/st/stm32cubeclt_1.19.0/GNU-tools-for-STM32/bin/../lib/gcc/arm-none-eabi/13.3.1/../../../../arm-none-eabi/lib/thumb/v7-m/nofp/libc_nano.a(libc_a-memset.o)
                0x08009a74                memset
 .text._close_r
                0x08009a84       0x20 /home/royivri/st/stm32cubeclt_1.19.0/GNU-tools-for-STM32/bin/../lib/gcc/arm-none-eabi/13.3.1/../../../../arm-none-eabi/lib/thumb/v7-m/nofp/libc_nano.a(libc_a-closer.o)
                0x08009a84                _close_r
 .text._reclaim_reent
                0x08009aa4       0xbc /home/royivri/st/stm32cubeclt_1.19.0/GNU-tools-for-STM32/bin/../lib/gcc/arm-none-eabi/13.3.1/../../../../arm-none-eabi/lib/thumb/v7-m/nofp/libc_nano.a(libc_a-reent.o)
                0x08009aa4                _reclaim_reent
 .text._lseek_r
                0x08009b60       0x24 /home/royivri/st/stm32cubeclt_1.19.0/GNU-tools-for-STM32/bin/../lib/gcc/arm-none-eabi/13.3.1/../../../../arm-none-eabi/lib/thumb/v7-m/nofp/libc_nano.a(libc_a-lseekr.o)
                0x08009b60                _lseek_r
 .text._read_r  0x08009b84       0x24 /home/royivri/st/stm32cubeclt_1.19.0/GNU-tools-for-STM32/bin/../lib/gcc/arm-none-eabi/13.3.1/../../../../arm-none-eabi/lib/thumb/v7-m/nofp/libc_nano.a(libc_a-readr.o)
                0x08009b84                _read_r
 .text._write_r
                0x08009ba8       0x24 /home/royivri/st/stm32cubeclt_1.19.0/GNU-tools-for-STM32/bin/../lib/gcc/arm-none-eabi/13.3.1/../../../../arm-none-eabi/lib/thumb/v7-m/nofp/libc_nano.a(libc_a-writer.o)
                0x08009ba8                _write_r
 .text.__errno  0x08009bcc        0xc /home/royivri/st/stm32cubeclt_1.19.0/GNU-tools-for-STM32/bin/../lib/gcc/arm-none-eabi/13.3.1/../../../../arm-none-eabi/lib/thumb/v7-m/nofp/libc_nano.a(libc_a-errno.o)
                0x08009bcc                __errno
 .text.__libc_init_array
                0x08009bd8       0x48 /home/royivri/st/stm32cubeclt_1.19.0/GNU-tools-for-STM32/bin/../lib/gcc/arm-none-eabi/13.3.1/../../../../arm-none-eabi/lib/thumb/v7-m/nofp/libc_nano.a(libc_a-init.o)
                0x08009bd8                __libc_init_array
 .text.__retarget_lock_init_recursive
                0x08009c20        0x2 /home/royivri/st/stm32cubeclt_1.19.0/GNU-tools-for-STM32/bin/../lib/gcc/arm-none-eabi/13.3.1/../../../../arm-none-eabi/lib/thumb/v7-m/nofp/libc_nano.a(libc_a-lock.o)
                0x08009c20                __retarget_lock_init_recursive
 .text.__retarget_lock_acquire_recursive
                0x08009c22        0x2 /home/royivri/st/stm32cubeclt_1.19.0/GNU-tools-for-STM32/bin/../lib/gcc/arm-none-eabi/13.3.1/../../../../arm-none-eabi/lib/thumb/v7-m/nofp/libc_nano.a(libc_a-lock.o)
                0x08009c22                __retarget_lock_acquire_recursive
 .text.__retarget_lock_release_recursive
                0x08009c24        0x2 /home/royivri/st/stm32cubeclt_1.19.0/GNU-tools-for-STM32/bin/../lib/gcc/arm-none-eabi/13.3.1/../../../../arm-none-eabi/lib/thumb/v7-m/nofp/libc_nano.a(libc_a-lock.o)
                0x08009c24                __retarget_lock_release_recursive
 .text.memcpy   0x08009c26       0x1c /home/royivri/st/stm32cubeclt_1.19.0/GNU-tools-for-STM32/bin/../lib/gcc/arm-none-eabi/13.3.1/../../../../arm-none-eabi/lib/thumb/v7-m/nofp/libc_nano.a(libc_a-memcpy-stub.o)
                0x08009c26                memcpy
 *fill*         0x08009c42        0x2 
 .text._free_r  0x08009c44       0x90 /home/royivri/st/stm32cubeclt_1.19.0/GNU-tools-for-STM32/bin/../lib/gcc/arm-none-eabi/13.3.1/../../../../arm-none-eabi/lib/thumb/v7-m/nofp/libc_nano.a(libc_a-freer.o)
                0x08009c44                _free_r
 .text.sbrk_aligned
                0x08009cd4       0x44 /home/royivri/st/stm32cubeclt_1.19.0/GNU-tools-for-STM32/bin/../lib/gcc/arm-none-eabi/13.3.1/../../../../arm-none-eabi/lib/thumb/v7-m/nofp/libc_nano.a(libc_a-mallocr.o)
 .text._malloc_r
                0x08009d18      0x100 /home/royivri/st/stm32cubeclt_1.19.0/GNU-tools-for-STM32/bin/../lib/gcc/arm-none-eabi/13.3.1/../../../../arm-none-eabi/lib/thumb/v7-m/nofp/libc_nano.a(libc_a-mallocr.o)
                0x08009d18                _malloc_r
 .text.__malloc_lock
                0x08009e18        0xc /home/royivri/st/stm32cubeclt_1.19.0/GNU-tools-for-STM32/bin/../lib/gcc/arm-none-eabi/13.3.1/../../../../arm-none-eabi/lib/thumb/v7-m/nofp/libc_nano.a(libc_a-mlock.o)
                0x08009e18                __malloc_lock
 .text.__malloc_unlock
                0x08009e24        0xc /home/royivri/st/stm32cubeclt_1.19.0/GNU-tools-for-STM32/bin/../lib/gcc/arm-none-eabi/13.3.1/../../../../arm-none-eabi/lib/thumb/v7-m/nofp/libc_nano.a(libc_a-mlock.o)
                0x08009e24                __malloc_unlock
 .text.__ssputs_r
                0x08009e30       0xb6 /home/royivri/st/stm32cubeclt_1.19.0/GNU-tools-for-STM32/bin/../lib/gcc/arm-none-eabi/13.3.1/../../../../arm-none-eabi/lib/thumb/v7-m/nofp/libc_nano.a(libc_a-nano-svfprintf.o)
                0x08009e30                __ssputs_r
 *fill*         0x08009ee6        0x2 
 .text._svfprintf_r
                0x08009ee8      0x1f8 /home/royivri/st/stm32cubeclt_1.19.0/GNU-tools-for-STM32/bin/../lib/gcc/arm-none-eabi/13.3.1/../../../../arm-none-eabi/lib/thumb/v7-m/nofp/libc_nano.a(libc_a-nano-svfprintf.o)
                0x08009ee8                _svfprintf_r
                0x08009ee8                _svfiprintf_r
 .text._printf_common
                0x0800a0e0       0xe4 /home/royivri/st/stm32cubeclt_1.19.0/GNU-tools-for-STM32/bin/../lib/gcc/arm-none-eabi/13.3.1/../../../../arm-none-eabi/lib/thumb/v7-m/nofp/libc_nano.a(libc_a-nano-vfprintf_i.o)
                0x0800a0e0                _printf_common
 .text._printf_i
                0x0800a1c4      0x23c /home/royivri/st/stm32cubeclt_1.19.0/GNU-tools-for-STM32/bin/../lib/gcc/arm-none-eabi/13.3.1/../../../../arm-none-eabi/lib/thumb/v7-m/nofp/libc_nano.a(libc_a-nano-vfprintf_i.o)
                0x0800a1c4                _printf_i
 .text.__sflush_r
                0x0800a400      0x100 /home/royivri/st/stm32cubeclt_1.19.0/GNU-tools-for-STM32/bin/../lib/gcc/arm-none-eabi/13.3.1/../../../../arm-none-eabi/lib/thumb/v7-m/nofp/libc_nano.a(libc_a-fflush.o)
                0x0800a400                __sflush_r
 .text._fflush_r
                0x0800a500       0x50 /home/royivri/st/stm32cubeclt_1.19.0/GNU-tools-for-STM32/bin/../lib/gcc/arm-none-eabi/13.3.1/../../../../arm-none-eabi/lib/thumb/v7-m/nofp/libc_nano.a(libc_a-fflush.o)
                0x0800a500                _fflush_r
 .text.__swhatbuf_r
                0x0800a550       0x4a /home/royivri/st/stm32cubeclt_1.19.0/GNU-tools-for-STM32/bin/../lib/gcc/arm-none-eabi/13.3.1/../../../../arm-none-eabi/lib/thumb/v7-m/nofp/libc_nano.a(libc_a-makebuf.o)
                0x0800a550                __swhatbuf_r
 .text.__smakebuf_r
                0x0800a59a       0x78 /home/royivri/st/stm32cubeclt_1.19.0/GNU-tools-for-STM32/bin/../lib/gcc/arm-none-eabi/13.3.1/../../../../arm-none-eabi/lib/thumb/v7-m/nofp/libc_nano.a(libc_a-makebuf.o)
                0x0800a59a                __smakebuf_r
 .text.memmove  0x0800a612       0x34 /home/royivri/st/stm32cubeclt_1.19.0/GNU-tools-for-STM32/bin/../lib/gcc/arm-none-eabi/13.3.1/../../../../arm-none-eabi/lib/thumb/v7-m/nofp/libc_nano.a(libc_a-memmove.o)
                0x0800a612                memmove
 *fill*         0x0800a646        0x2 
 .text._fstat_r
                0x0800a648       0x24 /home/royivri/st/stm32cubeclt_1.19.0/GNU-tools-for-STM32/bin/../lib/gcc/arm-none-eabi/13.3.1/../../../../arm-none-eabi/lib/thumb/v7-m/nofp/libc_nano.a(libc_a-fstatr.o)
                0x0800a648                _fstat_r
 .text._isatty_r
                0x0800a66c       0x20 /home/royivri/st/stm32cubeclt_1.19.0/GNU-tools-for-STM32/bin/../lib/gcc/arm-none-eabi/13.3.1/../../../../arm-none-eabi/lib/thumb/v7-m/nofp/libc_nano.a(libc_a-isattyr.o)
                0x0800a66c                _isatty_r
 .text._sbrk_r  0x0800a68c       0x20 /home/royivri/st/stm32cubeclt_1.19.0/GNU-tools-for-STM32/bin/../lib/gcc/arm-none-eabi/13.3.1/../../../../arm-none-eabi/lib/thumb/v7-m/nofp/libc_nano.a(libc_a-sbrkr.o)
                0x0800a68c                _sbrk_r
 .text.memchr   0x0800a6ac       0x1c /home/royivri/st/stm32cubeclt_1.19.0/GNU-tools-for-STM32/bin/../lib/gcc/arm-none-eabi/13.3.1/../../../../arm-none-eabi/lib/thumb/v7-m/nofp/libc_nano.a(libc_a-memchr-stub.o)
                0x0800a6ac                memchr
 .text._realloc_r
                0x0800a6c8       0x5c /home/royivri/st/stm32cubeclt_1.19.0/GNU-tools-for-STM32/bin/../lib/gcc/arm-none-eabi/13.3.1/../../../../arm-none-eabi/lib/thumb/v7-m/nofp/libc_nano.a(libc_a-reallocr.o)
                0x0800a6c8                _realloc_r
 .text._malloc_usable_size_r
                0x0800a724       0x10 /home/royivri/st/stm32cubeclt_1.19.0/GNU-tools-for-STM32/bin/../lib/gcc/arm-none-eabi/13.3.1/../../../../arm-none-eabi/lib/thumb/v7-m/nofp/libc_nano.a(libc_a-msizer.o)
                0x0800a724                _malloc_usable_size_r
 *(.glue_7)
 .glue_7        0x0800a734        0x0 linker stubs
 *(.glue_7t)
 .glue_7t       0x0800a734        0x0 linker stubs
 *(.eh_frame)
 .eh_frame      0x0800a734        0x0 /home/royivri/st/stm32cubeclt_1.19.0/GNU-tools-for-STM32/bin/../lib/gcc/arm-none-eabi/13.3.1/thumb/v7-m/nofp/crtbegin.o
 *(.init)
 .init          0x0800a734        0x4 /home/royivri/st/stm32cubeclt_1.19.0/GNU-tools-for-STM32/bin/../lib/gcc/arm-none-eabi/13.3.1/thumb/v7-m/nofp/crti.o
                0x0800a734                _init
 .init          0x0800a738        0x8 /home/royivri/st/stm32cubeclt_1.19.0/GNU-tools-for-STM32/bin/../lib/gcc/arm-none-eabi/13.3.1/thumb/v7-m/nofp/crtn.o
 *(.fini)
 .fini          0x0800a740        0x4 /home/royivri/st/stm32cubeclt_1.19.0/GNU-tools-for-STM32/bin/../lib/gcc/arm-none-eabi/13.3.1/thumb/v7-m/nofp/crti.o
                0x0800a740                _fini
 .fini          0x0800a744        0x8 /home/royivri/st/stm32cubeclt_1.19.0/GNU-tools-for-STM32/bin/../lib/gcc/arm-none-eabi/13.3.1/thumb/v7-m/nofp/crtn.o
                0x0800a74c                        . = ALIGN (0x4)
                0x0800a74c                        _etext = .

.vfp11_veneer   0x0800a74c        0x0
 .vfp11_veneer  0x0800a74c        0x0 linker stubs

.v4_bx          0x0800a74c        0x0
 .v4_bx         0x0800a74c        0x0 linker stubs

.iplt           0x0800a74c        0x0
 .iplt          0x0800a74c        0x0 /home/royivri/st/stm32cubeclt_1.19.0/GNU-tools-for-STM32/bin/../lib/gcc/arm-none-eabi/13.3.1/thumb/v7-m/nofp/crtbegin.o

.rodata         0x0800a750      0x3cc
                0x0800a750                        . = ALIGN (0x4)
 *(.rodata)
 .rodata        0x0800a750       0x37 ./Core/Src/DRONE/Command_Queue.o
 *fill*         0x0800a787        0x1 
 .rodata        0x0800a788       0x50 ./Core/Src/LoRa/LoRa.o
 .rodata        0x0800a7d8       0x2e ./Core/Src/Network/PING_task.o
 *fill*         0x0800a806        0x2 
 .rodata        0x0800a808       0x1b ./Core/Src/RX/RX_Queue.o
 *fill*         0x0800a823        0x1 
 .rodata        0x0800a824       0x46 ./Core/Src/RX/RX_Task.o
 *fill*         0x0800a86a        0x2 
 .rodata        0x0800a86c       0xc5 ./Core/Src/Routing/routing_task.o
 *fill*         0x0800a931        0x3 
 .rodata        0x0800a934       0x75 ./Core/Src/TEST/Logger.o
 *fill*         0x0800a9a9        0x3 
 .rodata        0x0800a9ac       0x1b ./Core/Src/TX/TX_Queue.o
 *fill*         0x0800a9c7        0x1 
 .rodata        0x0800a9c8       0x2a ./Core/Src/TX/TX_Task.o
 *fill*         0x0800a9f2        0x2 
 .rodata        0x0800a9f4       0x8b ./Core/Src/main.o
 *fill*         0x0800aa7f        0x1 
 .rodata        0x0800aa80        0x5 ./Middlewares/Third_Party/FreeRTOS/Source/tasks.o
 *fill*         0x0800aa85        0x3 
 .rodata        0x0800aa88        0xd ./Middlewares/Third_Party/FreeRTOS/Source/timers.o
 *(.rodata*)
 *fill*         0x0800aa95        0x3 
 .rodata.defaultTask_attributes
                0x0800aa98       0x24 ./Core/Src/main.o
                0x0800aa98                defaultTask_attributes
 .rodata.AHBPrescTable
                0x0800aabc       0x10 ./Core/Src/system_stm32f1xx.o
                0x0800aabc                AHBPrescTable
 .rodata.APBPrescTable
                0x0800aacc        0x8 ./Core/Src/system_stm32f1xx.o
                0x0800aacc                APBPrescTable
 .rodata.aPLLMULFactorTable.1
                0x0800aad4       0x10 ./Drivers/STM32F1xx_HAL_Driver/Src/stm32f1xx_hal_rcc.o
 .rodata.aPredivFactorTable.0
                0x0800aae4        0x2 ./Drivers/STM32F1xx_HAL_Driver/Src/stm32f1xx_hal_rcc.o
 .rodata._svfprintf_r.str1.1
                0x0800aae6       0x33 /home/royivri/st/stm32cubeclt_1.19.0/GNU-tools-for-STM32/bin/../lib/gcc/arm-none-eabi/13.3.1/../../../../arm-none-eabi/lib/thumb/v7-m/nofp/libc_nano.a(libc_a-nano-svfprintf.o)
                                 0x11 (size before relaxing)
 .rodata._printf_i.str1.1
                0x0800ab19       0x22 /home/royivri/st/stm32cubeclt_1.19.0/GNU-tools-for-STM32/bin/../lib/gcc/arm-none-eabi/13.3.1/../../../../arm-none-eabi/lib/thumb/v7-m/nofp/libc_nano.a(libc_a-nano-vfprintf_i.o)
                0x0800ab3c                        . = ALIGN (0x4)
 *fill*         0x0800ab19        0x3 

.ARM.extab      0x0800ab1c        0x0
                0x0800ab1c                        . = ALIGN (0x4)
 *(.ARM.extab* .gnu.linkonce.armextab.*)
                0x0800ab1c                        . = ALIGN (0x4)

.ARM            0x0800ab1c        0x0
                0x0800ab1c                        . = ALIGN (0x4)
                0x0800ab1c                        __exidx_start = .
 *(.ARM.exidx*)
                0x0800ab1c                        __exidx_end = .
                0x0800ab1c                        . = ALIGN (0x4)

.preinit_array  0x0800ab1c        0x0
                0x0800ab1c                        . = ALIGN (0x4)
                0x0800ab1c                        PROVIDE (__preinit_array_start = .)
 *(.preinit_array*)
                0x0800ab1c                        PROVIDE (__preinit_array_end = .)
                0x0800ab1c                        . = ALIGN (0x4)

.init_array     0x0800ab1c        0x4
                0x0800ab1c                        . = ALIGN (0x4)
                0x0800ab1c                        PROVIDE (__init_array_start = .)
 *(SORT_BY_NAME(.init_array.*))
 *(.init_array*)
 .init_array    0x0800ab1c        0x4 /home/royivri/st/stm32cubeclt_1.19.0/GNU-tools-for-STM32/bin/../lib/gcc/arm-none-eabi/13.3.1/thumb/v7-m/nofp/crtbegin.o
                0x0800ab20                        PROVIDE (__init_array_end = .)
                0x0800ab20                        . = ALIGN (0x4)

.fini_array     0x0800ab20        0x4
                0x0800ab20                        . = ALIGN (0x4)
                [!provide]                        PROVIDE (__fini_array_start = .)
 *(SORT_BY_NAME(.fini_array.*))
 *(.fini_array*)
 .fini_array    0x0800ab20        0x4 /home/royivri/st/stm32cubeclt_1.19.0/GNU-tools-for-STM32/bin/../lib/gcc/arm-none-eabi/13.3.1/thumb/v7-m/nofp/crtbegin.o
                [!provide]                        PROVIDE (__fini_array_end = .)
                0x0800ab24                        . = ALIGN (0x4)
                0x0800ab24                        _sidata = LOADADDR (.data)

.rel.dyn        0x0800ab24        0x0
 .rel.iplt      0x0800ab24        0x0 /home/royivri/st/stm32cubeclt_1.19.0/GNU-tools-for-STM32/bin/../lib/gcc/arm-none-eabi/13.3.1/thumb/v7-m/nofp/crtbegin.o

.data           0x20000000       0x70 load address 0x0800ab24
                0x20000000                        . = ALIGN (0x4)
                0x20000000                        _sdata = .
 *(.data)
 *(.data*)
 .data.current_selected_drone
                0x20000000        0x1 ./Core/Src/DRONE/Command_Queue.o
                0x20000000                current_selected_drone
 .data.counter.1
                0x20000001        0x1 ./Core/Src/DRONE/xDrone_Link_task.o
 *fill*         0x20000002        0x2 
 .data.SystemCoreClock
                0x20000004        0x4 ./Core/Src/system_stm32f1xx.o
                0x20000004                SystemCoreClock
 .data.uwTickPrio
                0x20000008        0x4 ./Drivers/STM32F1xx_HAL_Driver/Src/stm32f1xx_hal.o
                0x20000008                uwTickPrio
 .data.uwTickFreq
                0x2000000c        0x1 ./Drivers/STM32F1xx_HAL_Driver/Src/stm32f1xx_hal.o
                0x2000000c                uwTickFreq
 *fill*         0x2000000d        0x3 
 .data.uxCriticalNesting
                0x20000010        0x4 ./Middlewares/Third_Party/FreeRTOS/Source/portable/GCC/ARM_CM3/port.o
 .data.__sglue  0x20000014        0xc /home/royivri/st/stm32cubeclt_1.19.0/GNU-tools-for-STM32/bin/../lib/gcc/arm-none-eabi/13.3.1/../../../../arm-none-eabi/lib/thumb/v7-m/nofp/libc_nano.a(libc_a-findfp.o)
                0x20000014                __sglue
 .data._impure_ptr
                0x20000020        0x4 /home/royivri/st/stm32cubeclt_1.19.0/GNU-tools-for-STM32/bin/../lib/gcc/arm-none-eabi/13.3.1/../../../../arm-none-eabi/lib/thumb/v7-m/nofp/libc_nano.a(libc_a-impure.o)
                0x20000020                _impure_ptr
 .data._impure_data
                0x20000024       0x4c /home/royivri/st/stm32cubeclt_1.19.0/GNU-tools-for-STM32/bin/../lib/gcc/arm-none-eabi/13.3.1/../../../../arm-none-eabi/lib/thumb/v7-m/nofp/libc_nano.a(libc_a-impure.o)
                0x20000024                _impure_data
 *(.RamFunc)
 *(.RamFunc*)
                0x20000070                        . = ALIGN (0x4)
                0x20000070                        _edata = .

.igot.plt       0x20000070        0x0 load address 0x0800ab94
 .igot.plt      0x20000070        0x0 /home/royivri/st/stm32cubeclt_1.19.0/GNU-tools-for-STM32/bin/../lib/gcc/arm-none-eabi/13.3.1/thumb/v7-m/nofp/crtbegin.o
                0x20000070                        . = ALIGN (0x4)

.bss            0x20000070     0x4350 load address 0x0800ab94
                0x20000070                        _sbss = .
                0x20000070                        __bss_start__ = _sbss
 *(.bss)
 .bss           0x20000070       0x1c /home/royivri/st/stm32cubeclt_1.19.0/GNU-tools-for-STM32/bin/../lib/gcc/arm-none-eabi/13.3.1/thumb/v7-m/nofp/crtbegin.o
 *(.bss*)
 .bss.command_queue
                0x2000008c        0x4 ./Core/Src/DRONE/Command_Queue.o
                0x2000008c                command_queue
 .bss.current_selected_drone_mutex_handle
                0x20000090        0x4 ./Core/Src/DRONE/Command_Queue.o
                0x20000090                current_selected_drone_mutex_handle
 .bss.dma_mutex_handle
                0x20000094        0x4 ./Core/Src/DRONE/xDrone_Link_task.o
                0x20000094                dma_mutex_handle
 .bss.buffer.0  0x20000098       0x16 ./Core/Src/DRONE/xDrone_Link_task.o
 *fill*         0x200000ae        0x2 
 .bss.myLoRa    0x200000b0       0x2c ./Core/Src/LoRa/LoRa_Startup.o
                0x200000b0                myLoRa
 .bss.lora_mutex_handle
                0x200000dc        0x4 ./Core/Src/LoRa/LoRa_Startup.o
                0x200000dc                lora_mutex_handle
 .bss.rx_queue_handle
                0x200000e0        0x4 ./Core/Src/RX/RX_Queue.o
                0x200000e0                rx_queue_handle
 .bss.global_msg_id
                0x200000e4        0x1 ./Core/Src/Routing/NetworkData.o
 *fill*         0x200000e5        0x3 
 .bss.connected_nodes
                0x200000e8       0x78 ./Core/Src/Routing/NetworkData.o
                0x200000e8                connected_nodes
 .bss.last_received_packets
                0x20000160       0xc8 ./Core/Src/Routing/NetworkData.o
                0x20000160                last_received_packets
 .bss.last_packets_sent
                0x20000228       0xc8 ./Core/Src/Routing/NetworkData.o
                0x20000228                last_packets_sent
 .bss.network_data_mutex_handle
                0x200002f0        0x4 ./Core/Src/Routing/NetworkData.o
                0x200002f0                network_data_mutex_handle
 .bss.fifo_start_sent
                0x200002f4        0x1 ./Core/Src/Routing/NetworkData.o
 .bss.fifo_count_sent
                0x200002f5        0x1 ./Core/Src/Routing/NetworkData.o
 *fill*         0x200002f6        0x2 
 .bss.uart3_mutex_handle
                0x200002f8        0x4 ./Core/Src/TEST/Logger.o
                0x200002f8                uart3_mutex_handle
 .bss.log_control_mask
                0x200002fc        0x4 ./Core/Src/TEST/Logger.o
                0x200002fc                log_control_mask
 .bss.log_buffer.0
                0x20000300       0x80 ./Core/Src/TEST/Logger.o
 .bss.tx_Queue_handle
                0x20000380        0x4 ./Core/Src/TX/TX_Queue.o
                0x20000380                tx_Queue_handle
 .bss.flags_instance
                0x20000384        0x3 ./Core/Src/Util/Flags.o
 *fill*         0x20000387        0x1 
 .bss.flags_mutex
                0x20000388        0x4 ./Core/Src/Util/Flags.o
 .bss.uart2_dma_busy
                0x2000038c        0x1 ./Core/Src/Util/Flags.o
                0x2000038c                uart2_dma_busy
 .bss.uart3_dma_busy
                0x2000038d        0x1 ./Core/Src/Util/Flags.o
                0x2000038d                uart3_dma_busy
 .bss.mesh_id   0x2000038e        0x2 ./Core/Src/Util/id.o
                0x2000038e                mesh_id
 .bss.hspi2     0x20000390       0x58 ./Core/Src/main.o
                0x20000390                hspi2
 .bss.huart2    0x200003e8       0x48 ./Core/Src/main.o
                0x200003e8                huart2
 .bss.huart3    0x20000430       0x48 ./Core/Src/main.o
                0x20000430                huart3
 .bss.hdma_usart2_tx
                0x20000478       0x44 ./Core/Src/main.o
                0x20000478                hdma_usart2_tx
 .bss.hdma_usart3_tx
                0x200004bc       0x44 ./Core/Src/main.o
                0x200004bc                hdma_usart3_tx
 .bss.hdma_usart3_rx
                0x20000500       0x44 ./Core/Src/main.o
                0x20000500                hdma_usart3_rx
 .bss.defaultTaskHandle
                0x20000544        0x4 ./Core/Src/main.o
                0x20000544                defaultTaskHandle
 .bss.rxTaskHandle
                0x20000548        0x4 ./Core/Src/main.o
                0x20000548                rxTaskHandle
 .bss.txTaskHandle
                0x2000054c        0x4 ./Core/Src/main.o
                0x2000054c                txTaskHandle
 .bss.routingTaskHandle
                0x20000550        0x4 ./Core/Src/main.o
                0x20000550                routingTaskHandle
 .bss.pingTaskHandle
                0x20000554        0x4 ./Core/Src/main.o
                0x20000554                pingTaskHandle
 .bss.drone_linkTaskHandle
                0x20000558        0x4 ./Core/Src/main.o
                0x20000558                drone_linkTaskHandle
 .bss.htim3     0x2000055c       0x48 ./Core/Src/stm32f1xx_hal_timebase_tim.o
                0x2000055c                htim3
 .bss.__sbrk_heap_end
                0x200005a4        0x4 ./Core/Src/sysmem.o
 .bss.uwTick    0x200005a8        0x4 ./Drivers/STM32F1xx_HAL_Driver/Src/stm32f1xx_hal.o
                0x200005a8                uwTick
 .bss.KernelState
                0x200005ac        0x4 ./Middlewares/Third_Party/FreeRTOS/Source/CMSIS_RTOS_V2/cmsis_os2.o
 .bss.Idle_TCB.3
                0x200005b0       0xa8 ./Middlewares/Third_Party/FreeRTOS/Source/CMSIS_RTOS_V2/cmsis_os2.o
 .bss.Idle_Stack.2
                0x20000658      0x200 ./Middlewares/Third_Party/FreeRTOS/Source/CMSIS_RTOS_V2/cmsis_os2.o
 .bss.Timer_TCB.1
                0x20000858       0xa8 ./Middlewares/Third_Party/FreeRTOS/Source/CMSIS_RTOS_V2/cmsis_os2.o
 .bss.Timer_Stack.0
                0x20000900      0x400 ./Middlewares/Third_Party/FreeRTOS/Source/CMSIS_RTOS_V2/cmsis_os2.o
 .bss.xQueueRegistry
                0x20000d00       0x40 ./Middlewares/Third_Party/FreeRTOS/Source/queue.o
                0x20000d00                xQueueRegistry
 .bss.pxCurrentTCB
                0x20000d40        0x4 ./Middlewares/Third_Party/FreeRTOS/Source/tasks.o
                0x20000d40                pxCurrentTCB
 .bss.pxReadyTasksLists
                0x20000d44      0x460 ./Middlewares/Third_Party/FreeRTOS/Source/tasks.o
 .bss.xDelayedTaskList1
                0x200011a4       0x14 ./Middlewares/Third_Party/FreeRTOS/Source/tasks.o
 .bss.xDelayedTaskList2
                0x200011b8       0x14 ./Middlewares/Third_Party/FreeRTOS/Source/tasks.o
 .bss.pxDelayedTaskList
                0x200011cc        0x4 ./Middlewares/Third_Party/FreeRTOS/Source/tasks.o
 .bss.pxOverflowDelayedTaskList
                0x200011d0        0x4 ./Middlewares/Third_Party/FreeRTOS/Source/tasks.o
 .bss.xPendingReadyList
                0x200011d4       0x14 ./Middlewares/Third_Party/FreeRTOS/Source/tasks.o
 .bss.xTasksWaitingTermination
                0x200011e8       0x14 ./Middlewares/Third_Party/FreeRTOS/Source/tasks.o
 .bss.uxDeletedTasksWaitingCleanUp
                0x200011fc        0x4 ./Middlewares/Third_Party/FreeRTOS/Source/tasks.o
 .bss.xSuspendedTaskList
                0x20001200       0x14 ./Middlewares/Third_Party/FreeRTOS/Source/tasks.o
 .bss.uxCurrentNumberOfTasks
                0x20001214        0x4 ./Middlewares/Third_Party/FreeRTOS/Source/tasks.o
 .bss.xTickCount
                0x20001218        0x4 ./Middlewares/Third_Party/FreeRTOS/Source/tasks.o
 .bss.uxTopReadyPriority
                0x2000121c        0x4 ./Middlewares/Third_Party/FreeRTOS/Source/tasks.o
 .bss.xSchedulerRunning
                0x20001220        0x4 ./Middlewares/Third_Party/FreeRTOS/Source/tasks.o
 .bss.xPendedTicks
                0x20001224        0x4 ./Middlewares/Third_Party/FreeRTOS/Source/tasks.o
 .bss.xYieldPending
                0x20001228        0x4 ./Middlewares/Third_Party/FreeRTOS/Source/tasks.o
 .bss.xNumOfOverflows
                0x2000122c        0x4 ./Middlewares/Third_Party/FreeRTOS/Source/tasks.o
 .bss.uxTaskNumber
                0x20001230        0x4 ./Middlewares/Third_Party/FreeRTOS/Source/tasks.o
 .bss.xNextTaskUnblockTime
                0x20001234        0x4 ./Middlewares/Third_Party/FreeRTOS/Source/tasks.o
 .bss.xIdleTaskHandle
                0x20001238        0x4 ./Middlewares/Third_Party/FreeRTOS/Source/tasks.o
 .bss.uxSchedulerSuspended
                0x2000123c        0x4 ./Middlewares/Third_Party/FreeRTOS/Source/tasks.o
 .bss.xActiveTimerList1
                0x20001240       0x14 ./Middlewares/Third_Party/FreeRTOS/Source/timers.o
 .bss.xActiveTimerList2
                0x20001254       0x14 ./Middlewares/Third_Party/FreeRTOS/Source/timers.o
 .bss.pxCurrentTimerList
                0x20001268        0x4 ./Middlewares/Third_Party/FreeRTOS/Source/timers.o
 .bss.pxOverflowTimerList
                0x2000126c        0x4 ./Middlewares/Third_Party/FreeRTOS/Source/timers.o
 .bss.xTimerQueue
                0x20001270        0x4 ./Middlewares/Third_Party/FreeRTOS/Source/timers.o
 .bss.xTimerTaskHandle
                0x20001274        0x4 ./Middlewares/Third_Party/FreeRTOS/Source/timers.o
 .bss.xLastTime.2
                0x20001278        0x4 ./Middlewares/Third_Party/FreeRTOS/Source/timers.o
 .bss.ucStaticTimerQueueStorage.1
                0x2000127c       0xa0 ./Middlewares/Third_Party/FreeRTOS/Source/timers.o
 .bss.xStaticTimerQueue.0
                0x2000131c       0x50 ./Middlewares/Third_Party/FreeRTOS/Source/timers.o
 .bss.ucMaxSysCallPriority
                0x2000136c        0x1 ./Middlewares/Third_Party/FreeRTOS/Source/portable/GCC/ARM_CM3/port.o
 *fill*         0x2000136d        0x3 
 .bss.ulMaxPRIGROUPValue
                0x20001370        0x4 ./Middlewares/Third_Party/FreeRTOS/Source/portable/GCC/ARM_CM3/port.o
 .bss.ucHeap    0x20001374     0x2ee0 ./Middlewares/Third_Party/FreeRTOS/Source/portable/MemMang/heap_4.o
 .bss.xStart    0x20004254        0x8 ./Middlewares/Third_Party/FreeRTOS/Source/portable/MemMang/heap_4.o
 .bss.pxEnd     0x2000425c        0x4 ./Middlewares/Third_Party/FreeRTOS/Source/portable/MemMang/heap_4.o
 .bss.xFreeBytesRemaining
                0x20004260        0x4 ./Middlewares/Third_Party/FreeRTOS/Source/portable/MemMang/heap_4.o
 .bss.xMinimumEverFreeBytesRemaining
                0x20004264        0x4 ./Middlewares/Third_Party/FreeRTOS/Source/portable/MemMang/heap_4.o
 .bss.xNumberOfSuccessfulAllocations
                0x20004268        0x4 ./Middlewares/Third_Party/FreeRTOS/Source/portable/MemMang/heap_4.o
 .bss.xNumberOfSuccessfulFrees
                0x2000426c        0x4 ./Middlewares/Third_Party/FreeRTOS/Source/portable/MemMang/heap_4.o
 .bss.xBlockAllocatedBit
                0x20004270        0x4 ./Middlewares/Third_Party/FreeRTOS/Source/portable/MemMang/heap_4.o
 .bss.__sf      0x20004274      0x138 /home/royivri/st/stm32cubeclt_1.19.0/GNU-tools-for-STM32/bin/../lib/gcc/arm-none-eabi/13.3.1/../../../../arm-none-eabi/lib/thumb/v7-m/nofp/libc_nano.a(libc_a-findfp.o)
                0x20004274                __sf
 .bss.__stdio_exit_handler
                0x200043ac        0x4 /home/royivri/st/stm32cubeclt_1.19.0/GNU-tools-for-STM32/bin/../lib/gcc/arm-none-eabi/13.3.1/../../../../arm-none-eabi/lib/thumb/v7-m/nofp/libc_nano.a(libc_a-findfp.o)
                0x200043ac                __stdio_exit_handler
 .bss.errno     0x200043b0        0x4 /home/royivri/st/stm32cubeclt_1.19.0/GNU-tools-for-STM32/bin/../lib/gcc/arm-none-eabi/13.3.1/../../../../arm-none-eabi/lib/thumb/v7-m/nofp/libc_nano.a(libc_a-reent.o)
                0x200043b0                errno
 .bss.__lock___malloc_recursive_mutex
                0x200043b4        0x1 /home/royivri/st/stm32cubeclt_1.19.0/GNU-tools-for-STM32/bin/../lib/gcc/arm-none-eabi/13.3.1/../../../../arm-none-eabi/lib/thumb/v7-m/nofp/libc_nano.a(libc_a-lock.o)
                0x200043b4                __lock___malloc_recursive_mutex
 .bss.__lock___sfp_recursive_mutex
                0x200043b5        0x1 /home/royivri/st/stm32cubeclt_1.19.0/GNU-tools-for-STM32/bin/../lib/gcc/arm-none-eabi/13.3.1/../../../../arm-none-eabi/lib/thumb/v7-m/nofp/libc_nano.a(libc_a-lock.o)
                0x200043b5                __lock___sfp_recursive_mutex
 *fill*         0x200043b6        0x2 
 .bss.__malloc_sbrk_start
                0x200043b8        0x4 /home/royivri/st/stm32cubeclt_1.19.0/GNU-tools-for-STM32/bin/../lib/gcc/arm-none-eabi/13.3.1/../../../../arm-none-eabi/lib/thumb/v7-m/nofp/libc_nano.a(libc_a-mallocr.o)
                0x200043b8                __malloc_sbrk_start
 .bss.__malloc_free_list
                0x200043bc        0x4 /home/royivri/st/stm32cubeclt_1.19.0/GNU-tools-for-STM32/bin/../lib/gcc/arm-none-eabi/13.3.1/../../../../arm-none-eabi/lib/thumb/v7-m/nofp/libc_nano.a(libc_a-mallocr.o)
                0x200043bc                __malloc_free_list
 *(COMMON)
                0x200043c0                        . = ALIGN (0x4)
                0x200043c0                        _ebss = .
                0x200043c0                        __bss_end__ = _ebss

._user_heap_stack
                0x200043c0      0x600 load address 0x0800ab94
                0x200043c0                        . = ALIGN (0x8)
                [!provide]                        PROVIDE (end = .)
                0x200043c0                        PROVIDE (_end = .)
                0x200045c0                        . = (. + _Min_Heap_Size)
 *fill*         0x200043c0      0x200 
                0x200049c0                        . = (. + _Min_Stack_Size)
 *fill*         0x200045c0      0x400 
                0x200049c0                        . = ALIGN (0x8)

/DISCARD/
 libc.a(*)
 libm.a(*)
 libgcc.a(*)

.ARM.attributes
                0x00000000       0x29
 *(.ARM.attributes)
 .ARM.attributes
                0x00000000       0x1d /home/royivri/st/stm32cubeclt_1.19.0/GNU-tools-for-STM32/bin/../lib/gcc/arm-none-eabi/13.3.1/thumb/v7-m/nofp/crti.o
 .ARM.attributes
                0x0000001d       0x2d /home/royivri/st/stm32cubeclt_1.19.0/GNU-tools-for-STM32/bin/../lib/gcc/arm-none-eabi/13.3.1/thumb/v7-m/nofp/crtbegin.o
 .ARM.attributes
                0x0000004a       0x2d ./Core/Src/DRONE/Command_Queue.o
 .ARM.attributes
                0x00000077       0x2d ./Core/Src/DRONE/xDrone_Link_task.o
 .ARM.attributes
                0x000000a4       0x2d ./Core/Src/LoRa/LoRa.o
 .ARM.attributes
                0x000000d1       0x2d ./Core/Src/LoRa/LoRa_Startup.o
 .ARM.attributes
                0x000000fe       0x2d ./Core/Src/Mesh/packet.o
 .ARM.attributes
                0x0000012b       0x2d ./Core/Src/Network/PING_task.o
 .ARM.attributes
                0x00000158       0x2d ./Core/Src/RX/RX_Queue.o
 .ARM.attributes
                0x00000185       0x2d ./Core/Src/RX/RX_Task.o
 .ARM.attributes
                0x000001b2       0x2d ./Core/Src/Routing/NetworkData.o
 .ARM.attributes
                0x000001df       0x2d ./Core/Src/Routing/routing_task.o
 .ARM.attributes
                0x0000020c       0x2d ./Core/Src/TEST/Logger.o
 .ARM.attributes
                0x00000239       0x2d ./Core/Src/TX/TX_Queue.o
 .ARM.attributes
                0x00000266       0x2d ./Core/Src/TX/TX_Task.o
 .ARM.attributes
                0x00000293       0x2d ./Core/Src/Util/Flags.o
 .ARM.attributes
                0x000002c0       0x2d ./Core/Src/Util/id.o
 .ARM.attributes
                0x000002ed       0x2d ./Core/Src/main.o
 .ARM.attributes
                0x0000031a       0x2d ./Core/Src/stm32f1xx_hal_msp.o
 .ARM.attributes
                0x00000347       0x2d ./Core/Src/stm32f1xx_hal_timebase_tim.o
 .ARM.attributes
                0x00000374       0x2d ./Core/Src/stm32f1xx_it.o
 .ARM.attributes
                0x000003a1       0x2d ./Core/Src/syscalls.o
 .ARM.attributes
                0x000003ce       0x2d ./Core/Src/sysmem.o
 .ARM.attributes
                0x000003fb       0x2d ./Core/Src/system_stm32f1xx.o
 .ARM.attributes
                0x00000428       0x21 ./Core/Startup/startup_stm32f103c8tx.o
 .ARM.attributes
                0x00000449       0x2d ./Drivers/STM32F1xx_HAL_Driver/Src/stm32f1xx_hal.o
 .ARM.attributes
                0x00000476       0x2d ./Drivers/STM32F1xx_HAL_Driver/Src/stm32f1xx_hal_cortex.o
 .ARM.attributes
                0x000004a3       0x2d ./Drivers/STM32F1xx_HAL_Driver/Src/stm32f1xx_hal_dma.o
 .ARM.attributes
                0x000004d0       0x2d ./Drivers/STM32F1xx_HAL_Driver/Src/stm32f1xx_hal_gpio.o
 .ARM.attributes
                0x000004fd       0x2d ./Drivers/STM32F1xx_HAL_Driver/Src/stm32f1xx_hal_rcc.o
 .ARM.attributes
                0x0000052a       0x2d ./Drivers/STM32F1xx_HAL_Driver/Src/stm32f1xx_hal_spi.o
 .ARM.attributes
                0x00000557       0x2d ./Drivers/STM32F1xx_HAL_Driver/Src/stm32f1xx_hal_tim.o
 .ARM.attributes
                0x00000584       0x2d ./Drivers/STM32F1xx_HAL_Driver/Src/stm32f1xx_hal_tim_ex.o
 .ARM.attributes
                0x000005b1       0x2d ./Drivers/STM32F1xx_HAL_Driver/Src/stm32f1xx_hal_uart.o
 .ARM.attributes
                0x000005de       0x2d ./Middlewares/Third_Party/FreeRTOS/Source/CMSIS_RTOS_V2/cmsis_os2.o
 .ARM.attributes
                0x0000060b       0x2d ./Middlewares/Third_Party/FreeRTOS/Source/list.o
 .ARM.attributes
                0x00000638       0x2d ./Middlewares/Third_Party/FreeRTOS/Source/queue.o
 .ARM.attributes
                0x00000665       0x2d ./Middlewares/Third_Party/FreeRTOS/Source/tasks.o
 .ARM.attributes
                0x00000692       0x2d ./Middlewares/Third_Party/FreeRTOS/Source/timers.o
 .ARM.attributes
                0x000006bf       0x2d ./Middlewares/Third_Party/FreeRTOS/Source/portable/GCC/ARM_CM3/port.o
 .ARM.attributes
                0x000006ec       0x2d ./Middlewares/Third_Party/FreeRTOS/Source/portable/MemMang/heap_4.o
 .ARM.attributes
                0x00000719       0x2d /home/royivri/st/stm32cubeclt_1.19.0/GNU-tools-for-STM32/bin/../lib/gcc/arm-none-eabi/13.3.1/../../../../arm-none-eabi/lib/thumb/v7-m/nofp/libc_nano.a(libc_a-findfp.o)
 .ARM.attributes
                0x00000746       0x2d /home/royivri/st/stm32cubeclt_1.19.0/GNU-tools-for-STM32/bin/../lib/gcc/arm-none-eabi/13.3.1/../../../../arm-none-eabi/lib/thumb/v7-m/nofp/libc_nano.a(libc_a-fwalk.o)
 .ARM.attributes
                0x00000773       0x2d /home/royivri/st/stm32cubeclt_1.19.0/GNU-tools-for-STM32/bin/../lib/gcc/arm-none-eabi/13.3.1/../../../../arm-none-eabi/lib/thumb/v7-m/nofp/libc_nano.a(libc_a-puts.o)
 .ARM.attributes
                0x000007a0       0x2d /home/royivri/st/stm32cubeclt_1.19.0/GNU-tools-for-STM32/bin/../lib/gcc/arm-none-eabi/13.3.1/../../../../arm-none-eabi/lib/thumb/v7-m/nofp/libc_nano.a(libc_a-snprintf.o)
 .ARM.attributes
                0x000007cd       0x2d /home/royivri/st/stm32cubeclt_1.19.0/GNU-tools-for-STM32/bin/../lib/gcc/arm-none-eabi/13.3.1/../../../../arm-none-eabi/lib/thumb/v7-m/nofp/libc_nano.a(libc_a-stdio.o)
 .ARM.attributes
                0x000007fa       0x2d /home/royivri/st/stm32cubeclt_1.19.0/GNU-tools-for-STM32/bin/../lib/gcc/arm-none-eabi/13.3.1/../../../../arm-none-eabi/lib/thumb/v7-m/nofp/libc_nano.a(libc_a-wbuf.o)
 .ARM.attributes
                0x00000827       0x2d /home/royivri/st/stm32cubeclt_1.19.0/GNU-tools-for-STM32/bin/../lib/gcc/arm-none-eabi/13.3.1/../../../../arm-none-eabi/lib/thumb/v7-m/nofp/libc_nano.a(libc_a-wsetup.o)
 .ARM.attributes
                0x00000854       0x2d /home/royivri/st/stm32cubeclt_1.19.0/GNU-tools-for-STM32/bin/../lib/gcc/arm-none-eabi/13.3.1/../../../../arm-none-eabi/lib/thumb/v7-m/nofp/libc_nano.a(libc_a-memset.o)
 .ARM.attributes
                0x00000881       0x2d /home/royivri/st/stm32cubeclt_1.19.0/GNU-tools-for-STM32/bin/../lib/gcc/arm-none-eabi/13.3.1/../../../../arm-none-eabi/lib/thumb/v7-m/nofp/libc_nano.a(libc_a-closer.o)
 .ARM.attributes
                0x000008ae       0x2d /home/royivri/st/stm32cubeclt_1.19.0/GNU-tools-for-STM32/bin/../lib/gcc/arm-none-eabi/13.3.1/../../../../arm-none-eabi/lib/thumb/v7-m/nofp/libc_nano.a(libc_a-reent.o)
 .ARM.attributes
                0x000008db       0x2d /home/royivri/st/stm32cubeclt_1.19.0/GNU-tools-for-STM32/bin/../lib/gcc/arm-none-eabi/13.3.1/../../../../arm-none-eabi/lib/thumb/v7-m/nofp/libc_nano.a(libc_a-impure.o)
 .ARM.attributes
                0x00000908       0x2d /home/royivri/st/stm32cubeclt_1.19.0/GNU-tools-for-STM32/bin/../lib/gcc/arm-none-eabi/13.3.1/../../../../arm-none-eabi/lib/thumb/v7-m/nofp/libc_nano.a(libc_a-lseekr.o)
 .ARM.attributes
                0x00000935       0x2d /home/royivri/st/stm32cubeclt_1.19.0/GNU-tools-for-STM32/bin/../lib/gcc/arm-none-eabi/13.3.1/../../../../arm-none-eabi/lib/thumb/v7-m/nofp/libc_nano.a(libc_a-readr.o)
 .ARM.attributes
                0x00000962       0x2d /home/royivri/st/stm32cubeclt_1.19.0/GNU-tools-for-STM32/bin/../lib/gcc/arm-none-eabi/13.3.1/../../../../arm-none-eabi/lib/thumb/v7-m/nofp/libc_nano.a(libc_a-writer.o)
 .ARM.attributes
                0x0000098f       0x2d /home/royivri/st/stm32cubeclt_1.19.0/GNU-tools-for-STM32/bin/../lib/gcc/arm-none-eabi/13.3.1/../../../../arm-none-eabi/lib/thumb/v7-m/nofp/libc_nano.a(libc_a-errno.o)
 .ARM.attributes
                0x000009bc       0x2d /home/royivri/st/stm32cubeclt_1.19.0/GNU-tools-for-STM32/bin/../lib/gcc/arm-none-eabi/13.3.1/../../../../arm-none-eabi/lib/thumb/v7-m/nofp/libc_nano.a(libc_a-init.o)
 .ARM.attributes
                0x000009e9       0x2d /home/royivri/st/stm32cubeclt_1.19.0/GNU-tools-for-STM32/bin/../lib/gcc/arm-none-eabi/13.3.1/../../../../arm-none-eabi/lib/thumb/v7-m/nofp/libc_nano.a(libc_a-lock.o)
 .ARM.attributes
                0x00000a16       0x2d /home/royivri/st/stm32cubeclt_1.19.0/GNU-tools-for-STM32/bin/../lib/gcc/arm-none-eabi/13.3.1/../../../../arm-none-eabi/lib/thumb/v7-m/nofp/libc_nano.a(libc_a-memcpy-stub.o)
 .ARM.attributes
                0x00000a43       0x2d /home/royivri/st/stm32cubeclt_1.19.0/GNU-tools-for-STM32/bin/../lib/gcc/arm-none-eabi/13.3.1/../../../../arm-none-eabi/lib/thumb/v7-m/nofp/libc_nano.a(libc_a-freer.o)
 .ARM.attributes
                0x00000a70       0x2d /home/royivri/st/stm32cubeclt_1.19.0/GNU-tools-for-STM32/bin/../lib/gcc/arm-none-eabi/13.3.1/../../../../arm-none-eabi/lib/thumb/v7-m/nofp/libc_nano.a(libc_a-mallocr.o)
 .ARM.attributes
                0x00000a9d       0x2d /home/royivri/st/stm32cubeclt_1.19.0/GNU-tools-for-STM32/bin/../lib/gcc/arm-none-eabi/13.3.1/../../../../arm-none-eabi/lib/thumb/v7-m/nofp/libc_nano.a(libc_a-mlock.o)
 .ARM.attributes