Archive member included to satisfy reference by file (symbol)

/home/royivri/st/stm32cubeclt_1.19.0/GNU-tools-for-STM32/bin/../lib/gcc/arm-none-eabi/13.3.1/../../../../arm-none-eabi/lib/thumb/v7-m/nofp/libc_nano.a(libc_a-exit.o)
                              /home/royivri/st/stm32cubeclt_1.19.0/GNU-tools-for-STM32/bin/../lib/gcc/arm-none-eabi/13.3.1/../../../../arm-none-eabi/lib/thumb/v7-m/nofp/crt0.o (exit)
/home/royivri/st/stm32cubeclt_1.19.0/GNU-tools-for-STM32/bin/../lib/gcc/arm-none-eabi/13.3.1/../../../../arm-none-eabi/lib/thumb/v7-m/nofp/libc_nano.a(libc_a-findfp.o)
                              ./Middlewares/Third_Party/FreeRTOS/Source/tasks.o (__sf)
/home/royivri/st/stm32cubeclt_1.19.0/GNU-tools-for-STM32/bin/../lib/gcc/arm-none-eabi/13.3.1/../../../../arm-none-eabi/lib/thumb/v7-m/nofp/libc_nano.a(libc_a-fwalk.o)
                              /home/royivri/st/stm32cubeclt_1.19.0/GNU-tools-for-STM32/bin/../lib/gcc/arm-none-eabi/13.3.1/../../../../arm-none-eabi/lib/thumb/v7-m/nofp/libc_nano.a(libc_a-findfp.o) (_fwalk_sglue)
/home/royivri/st/stm32cubeclt_1.19.0/GNU-tools-for-STM32/bin/../lib/gcc/arm-none-eabi/13.3.1/../../../../arm-none-eabi/lib/thumb/v7-m/nofp/libc_nano.a(libc_a-printf.o)
                              ./Core/Src/RX/RX_Task.o (printf)
/home/royivri/st/stm32cubeclt_1.19.0/GNU-tools-for-STM32/bin/../lib/gcc/arm-none-eabi/13.3.1/../../../../arm-none-eabi/lib/thumb/v7-m/nofp/libc_nano.a(libc_a-puts.o)
                              ./Core/Src/Network/PING_task.o (puts)
/home/royivri/st/stm32cubeclt_1.19.0/GNU-tools-for-STM32/bin/../lib/gcc/arm-none-eabi/13.3.1/../../../../arm-none-eabi/lib/thumb/v7-m/nofp/libc_nano.a(libc_a-stdio.o)
                              /home/royivri/st/stm32cubeclt_1.19.0/GNU-tools-for-STM32/bin/../lib/gcc/arm-none-eabi/13.3.1/../../../../arm-none-eabi/lib/thumb/v7-m/nofp/libc_nano.a(libc_a-findfp.o) (__sread)
/home/royivri/st/stm32cubeclt_1.19.0/GNU-tools-for-STM32/bin/../lib/gcc/arm-none-eabi/13.3.1/../../../../arm-none-eabi/lib/thumb/v7-m/nofp/libc_nano.a(libc_a-wbuf.o)
                              /home/royivri/st/stm32cubeclt_1.19.0/GNU-tools-for-STM32/bin/../lib/gcc/arm-none-eabi/13.3.1/../../../../arm-none-eabi/lib/thumb/v7-m/nofp/libc_nano.a(libc_a-puts.o) (__swbuf_r)
/home/royivri/st/stm32cubeclt_1.19.0/GNU-tools-for-STM32/bin/../lib/gcc/arm-none-eabi/13.3.1/../../../../arm-none-eabi/lib/thumb/v7-m/nofp/libc_nano.a(libc_a-wsetup.o)
                              /home/royivri/st/stm32cubeclt_1.19.0/GNU-tools-for-STM32/bin/../lib/gcc/arm-none-eabi/13.3.1/../../../../arm-none-eabi/lib/thumb/v7-m/nofp/libc_nano.a(libc_a-puts.o) (__swsetup_r)
/home/royivri/st/stm32cubeclt_1.19.0/GNU-tools-for-STM32/bin/../lib/gcc/arm-none-eabi/13.3.1/../../../../arm-none-eabi/lib/thumb/v7-m/nofp/libc_nano.a(libc_a-memset.o)
                              /home/royivri/st/stm32cubeclt_1.19.0/GNU-tools-for-STM32/bin/../lib/gcc/arm-none-eabi/13.3.1/../../../../arm-none-eabi/lib/thumb/v7-m/nofp/crt0.o (memset)
/home/royivri/st/stm32cubeclt_1.19.0/GNU-tools-for-STM32/bin/../lib/gcc/arm-none-eabi/13.3.1/../../../../arm-none-eabi/lib/thumb/v7-m/nofp/libc_nano.a(libc_a-closer.o)
                              /home/royivri/st/stm32cubeclt_1.19.0/GNU-tools-for-STM32/bin/../lib/gcc/arm-none-eabi/13.3.1/../../../../arm-none-eabi/lib/thumb/v7-m/nofp/libc_nano.a(libc_a-stdio.o) (_close_r)
/home/royivri/st/stm32cubeclt_1.19.0/GNU-tools-for-STM32/bin/../lib/gcc/arm-none-eabi/13.3.1/../../../../arm-none-eabi/lib/thumb/v7-m/nofp/libc_nano.a(libc_a-reent.o)
                              ./Middlewares/Third_Party/FreeRTOS/Source/tasks.o (_reclaim_reent)
/home/royivri/st/stm32cubeclt_1.19.0/GNU-tools-for-STM32/bin/../lib/gcc/arm-none-eabi/13.3.1/../../../../arm-none-eabi/lib/thumb/v7-m/nofp/libc_nano.a(libc_a-impure.o)
                              ./Middlewares/Third_Party/FreeRTOS/Source/tasks.o (_impure_ptr)
/home/royivri/st/stm32cubeclt_1.19.0/GNU-tools-for-STM32/bin/../lib/gcc/arm-none-eabi/13.3.1/../../../../arm-none-eabi/lib/thumb/v7-m/nofp/libc_nano.a(libc_a-lseekr.o)
                              /home/royivri/st/stm32cubeclt_1.19.0/GNU-tools-for-STM32/bin/../lib/gcc/arm-none-eabi/13.3.1/../../../../arm-none-eabi/lib/thumb/v7-m/nofp/libc_nano.a(libc_a-stdio.o) (_lseek_r)
/home/royivri/st/stm32cubeclt_1.19.0/GNU-tools-for-STM32/bin/../lib/gcc/arm-none-eabi/13.3.1/../../../../arm-none-eabi/lib/thumb/v7-m/nofp/libc_nano.a(libc_a-readr.o)
                              /home/royivri/st/stm32cubeclt_1.19.0/GNU-tools-for-STM32/bin/../lib/gcc/arm-none-eabi/13.3.1/../../../../arm-none-eabi/lib/thumb/v7-m/nofp/libc_nano.a(libc_a-stdio.o) (_read_r)
/home/royivri/st/stm32cubeclt_1.19.0/GNU-tools-for-STM32/bin/../lib/gcc/arm-none-eabi/13.3.1/../../../../arm-none-eabi/lib/thumb/v7-m/nofp/libc_nano.a(libc_a-writer.o)
[...]
Memory Configuration

Name             Origin             Length             Attributes
RAM              0x20000000         0x00005000         xrw
FLASH            0x08000000         0x00010000         xr
*default*        0x00000000         0xffffffff

Linker script and memory map

LOAD /home/royivri/st/stm32cubeclt_1.19.0/GNU-tools-for-STM32/bin/../lib/gcc/arm-none-eabi/13.3.1/thumb/v7-m/nofp/crti.o
LOAD /home/royivri/st/stm32cubeclt_1.19.0/GNU-tools-for-STM32/bin/../lib/gcc/arm-none-eabi/13.3.1/thumb/v7-m/nofp/crtbegin.o
LOAD /home/royivri/st/stm32cubeclt_1.19.0/GNU-tools-for-STM32/bin/../lib/gcc/arm-none-eabi/13.3.1/../../../../arm-none-eabi/lib/thumb/v7-m/nofp/crt0.o
LOAD ./Core/Src/LoRa/LoRa.o
LOAD ./Core/Src/Mesh/Node.o
LOAD ./Core/Src/Mesh/packet.o
LOAD ./Core/Src/Network/PING_task.o
LOAD ./Core/Src/Network/PONG_Queue.o
LOAD ./Core/Src/RX/RX_Queue.o
LOAD ./Core/Src/RX/RX_Task.o
LOAD ./Core/Src/Routing/Connect_to_node_task.o
LOAD ./Core/Src/Routing/NetworkData.o
LOAD ./Core/Src/Routing/lora_receive.o
LOAD ./Core/Src/Routing/routing_task.o
LOAD ./Core/Src/TEST/arm_test.o
LOAD ./Core/Src/TEST/tranmit_test.o
LOAD ./Core/Src/TX/TX_Queue.o
LOAD ./Core/Src/TX/TX_Task.o
LOAD ./Core/Src/Util/Flags.o
LOAD ./Core/Src/Util/id.o
LOAD ./Core/Src/Util/queue_implementation.o
LOAD ./Core/Src/freertos.o
LOAD ./Core/Src/main.o
LOAD ./Core/Src/stm32f1xx_hal_msp.o
LOAD ./Core/Src/stm32f1xx_hal_timebase_tim.o
LOAD ./Core/Src/stm32f1xx_it.o
LOAD ./Core/Src/syscalls.o
LOAD ./Core/Src/sysmem.o
LOAD ./Core/Src/system_stm32f1xx.o
LOAD ./Core/Startup/startup_stm32f103c8tx.o
LOAD ./Drivers/STM32F1xx_HAL_Driver/Src/stm32f1xx_hal.o
LOAD ./Drivers/STM32F1xx_HAL_Driver/Src/stm32f1xx_hal_cortex.o
LOAD ./Drivers/STM32F1xx_HAL_Driver/Src/stm32f1xx_hal_dma.o
LOAD ./Drivers/STM32F1xx_HAL_Driver/Src/stm32f1xx_hal_exti.o
LOAD ./Drivers/STM32F1xx_HAL_Driver/Src/stm32f1xx_hal_flash.o
LOAD ./Drivers/STM32F1xx_HAL_Driver/Src/stm32f1xx_hal_flash_ex.o
LOAD ./Drivers/STM32F1xx_HAL_Driver/Src/stm32f1xx_hal_gpio.o
LOAD ./Drivers/STM32F1xx_HAL_Driver/Src/stm32f1xx_hal_gpio_ex.o
LOAD ./Drivers/STM32F1xx_HAL_Driver/Src/stm32f1xx_hal_pwr.o
LOAD ./Drivers/STM32F1xx_HAL_Driver/Src/stm32f1xx_hal_rcc.o
LOAD ./Drivers/STM32F1xx_HAL_Driver/Src/stm32f1xx_hal_rcc_ex.o
LOAD ./Drivers/STM32F1xx_HAL_Driver/Src/stm32f1xx_hal_spi.o
LOAD ./Drivers/STM32F1xx_HAL_Driver/Src/stm32f1xx_hal_tim.o
LOAD ./Drivers/STM32F1xx_HAL_Driver/Src/stm32f1xx_hal_tim_ex.o
LOAD ./Drivers/STM32F1xx_HAL_Driver/Src/stm32f1xx_hal_uart.o
LOAD ./Middlewares/Third_Party/FreeRTOS/Source/CMSIS_RTOS_V2/cmsis_os2.o
LOAD ./Middlewares/Third_Party/FreeRTOS/Source/croutine.o
LOAD ./Middlewares/Third_Party/FreeRTOS/Source/event_groups.o
LOAD ./Middlewares/Third_Party/FreeRTOS/Source/list.o
LOAD ./Middlewares/Third_Party/FreeRTOS/Source/queue.o
LOAD ./Middlewares/Third_Party/FreeRTOS/Source/stream_buffer.o
LOAD ./Middlewares/Third_Party/FreeRTOS/Source/tasks.o
LOAD ./Middlewares/Third_Party/FreeRTOS/Source/timers.o
LOAD ./Middlewares/Third_Party/FreeRTOS/Source/portable/GCC/ARM_CM3/port.o
LOAD ./Middlewares/Third_Party/FreeRTOS/Source/portable/MemMang/heap_4.o
START GROUP
LOAD /home/royivri/st/stm32cubeclt_1.19.0/GNU-tools-for-STM32/bin/../lib/gcc/arm-none-eabi/13.3.1/../../../../arm-none-eabi/lib/thumb/v7-m/nofp/libc_nano.a
LOAD /home/royivri/st/stm32cubeclt_1.19.0/GNU-tools-for-STM32/bin/../lib/gcc/arm-none-eabi/13.3.1/../../../../arm-none-eabi/lib/thumb/v7-m/nofp/libm.a
END GROUP
START GROUP
LOAD /home/royivri/st/stm32cubeclt_1.19.0/GNU-tools-for-STM32/bin/../lib/gcc/arm-none-eabi/13.3.1/thumb/v7-m/nofp/libgcc.a
LOAD /home/royivri/st/stm32cubeclt_1.19.0/GNU-tools-for-STM32/bin/../lib/gcc/arm-none-eabi/13.3.1/../../../../arm-none-eabi/lib/thumb/v7-m/nofp/libc_nano.a
END GROUP
START GROUP
LOAD /home/royivri/st/stm32cubeclt_1.19.0/GNU-tools-for-STM32/bin/../lib/gcc/arm-none-eabi/13.3.1/thumb/v7-m/nofp/libgcc.a
LOAD /home/royivri/st/stm32cubeclt_1.19.0/GNU-tools-for-STM32/bin/../lib/gcc/arm-none-eabi/13.3.1/../../../../arm-none-eabi/lib/thumb/v7-m/nofp/libc_nano.a
LOAD /home/royivri/st/stm32cubeclt_1.19.0/GNU-tools-for-STM32/bin/../lib/gcc/arm-none-eabi/13.3.1/../../../../arm-none-eabi/lib/thumb/v7-m/nofp/libnosys.a
END GROUP
START GROUP
LOAD /home/royivri/st/stm32cubeclt_1.19.0/GNU-tools-for-STM32/bin/../lib/gcc/arm-none-eabi/13.3.1/thumb/v7-m/nofp/libgcc.a
LOAD /home/royivri/st/stm32cubeclt_1.19.0/GNU-tools-for-STM32/bin/../lib/gcc/arm-none-eabi/13.3.1/../../../../arm-none-eabi/lib/thumb/v7-m/nofp/libc_nano.a
LOAD /home/royivri/st/stm32cubeclt_1.19.0/GNU-tools-for-STM32/bin/../lib/gcc/arm-none-eabi/13.3.1/../../../../arm-none-eabi/lib/thumb/v7-m/nofp/libnosys.a
END GROUP
LOAD /home/royivri/st/stm32cubeclt_1.19.0/GNU-tools-for-STM32/bin/../lib/gcc/arm-none-eabi/13.3.1/thumb/v7-m/nofp/crtend.o
LOAD /home/royivri/st/stm32cubeclt_1.19.0/GNU-tools-for-STM32/bin/../lib/gcc/arm-none-eabi/13.3.1/thumb/v7-m/nofp/crtn.o
                0x20005000                        _estack = (ORIGIN (RAM) + LENGTH (RAM))
                0x00000200                        _Min_Heap_Size = 0x200
                0x00000400                        _Min_Stack_Size = 0x400

.isr_vector     0x08000000      0x10c
                0x08000000                        . = ALIGN (0x4)
 *(.isr_vector)
 .isr_vector    0x08000000      0x10c ./Core/Startup/startup_stm32f103c8tx.o
                0x08000000                g_pfnVectors
                0x0800010c                        . = ALIGN (0x4)

.text           0x08000110     0x621c
                0x08000110                        . = ALIGN (0x4)
 *(.text)
 .text          0x08000110       0x40 /home/royivri/st/stm32cubeclt_1.19.0/GNU-tools-for-STM32/bin/../lib/gcc/arm-none-eabi/13.3.1/thumb/v7-m/nofp/crtbegin.o
 .text          0x08000150      0x378 /home/royivri/st/stm32cubeclt_1.19.0/GNU-tools-for-STM32/bin/../lib/gcc/arm-none-eabi/13.3.1/thumb/v7-m/nofp/libgcc.a(_arm_addsubdf3.o)
                0x08000150                __aeabi_drsub
                0x08000158                __aeabi_dsub
                0x08000158                __subdf3
                0x0800015c                __adddf3
                0x0800015c                __aeabi_dadd
                0x080003d4                __aeabi_ui2d
                0x080003d4                __floatunsidf
                0x080003f4                __floatsidf
                0x080003f4                __aeabi_i2d
                0x08000418                __extendsfdf2
                0x08000418                __aeabi_f2d
                0x0800045c                __aeabi_ul2d
                0x0800045c                __floatundidf
                0x0800046c                __floatdidf
                0x0800046c                __aeabi_l2d
 .text          0x080004c8      0x424 /home/royivri/st/stm32cubeclt_1.19.0/GNU-tools-for-STM32/bin/../lib/gcc/arm-none-eabi/13.3.1/thumb/v7-m/nofp/libgcc.a(_arm_muldivdf3.o)
                0x080004c8                __aeabi_dmul
                0x080004c8                __muldf3
                0x0800071c                __aeabi_ddiv
                0x0800071c                __divdf3
 .text          0x080008ec       0x50 /home/royivri/st/stm32cubeclt_1.19.0/GNU-tools-for-STM32/bin/../lib/gcc/arm-none-eabi/13.3.1/thumb/v7-m/nofp/libgcc.a(_arm_fixdfsi.o)
                0x080008ec                __fixdfsi
                0x080008ec                __aeabi_d2iz
 *(.text*)
 .text.newLoRa  0x0800093c       0x52 ./Core/Src/LoRa/LoRa.o
                0x0800093c                newLoRa
 .text.LoRa_reset
                0x0800098e       0x3c ./Core/Src/LoRa/LoRa.o
                0x0800098e                LoRa_reset
 .text.LoRa_gotoMode
                0x080009ca       0xc2 ./Core/Src/LoRa/LoRa.o
                0x080009ca                LoRa_gotoMode
 .text.LoRa_readReg
                0x08000a8c       0x7c ./Core/Src/LoRa/LoRa.o
                0x08000a8c                LoRa_readReg
 .text.LoRa_writeReg
                0x08000b08       0x7c ./Core/Src/LoRa/LoRa.o
                0x08000b08                LoRa_writeReg
 .text.LoRa_setLowDaraRateOptimization
                0x08000b84       0x44 ./Core/Src/LoRa/LoRa.o
                0x08000b84                LoRa_setLowDaraRateOptimization
 .text.LoRa_setAutoLDO
                0x08000bc8       0x6c ./Core/Src/LoRa/LoRa.o
                0x08000bc8                LoRa_setAutoLDO
 .text.LoRa_setFrequency
                0x08000c34       0xfe ./Core/Src/LoRa/LoRa.o
                0x08000c34                LoRa_setFrequency
 .text.LoRa_setSpreadingFactor
                0x08000d32       0x58 ./Core/Src/LoRa/LoRa.o
                0x08000d32                LoRa_setSpreadingFactor
 .text.LoRa_setPower
                0x08000d8a       0x20 ./Core/Src/LoRa/LoRa.o
                0x08000d8a                LoRa_setPower
 *fill*         0x08000daa        0x2 
 .text.LoRa_setOCP
                0x08000dac       0x74 ./Core/Src/LoRa/LoRa.o
                0x08000dac                LoRa_setOCP
 .text.LoRa_setTOMsb_setCRCon
                0x08000e20       0x30 ./Core/Src/LoRa/LoRa.o
                0x08000e20                LoRa_setTOMsb_setCRCon
 .text.LoRa_read
                0x08000e50       0x34 ./Core/Src/LoRa/LoRa.o
                0x08000e50                LoRa_read
 .text.LoRa_write
                0x08000e84       0x3a ./Core/Src/LoRa/LoRa.o
                0x08000e84                LoRa_write
 .text.LoRa_isvalid
                0x08000ebe       0x14 ./Core/Src/LoRa/LoRa.o
                0x08000ebe                LoRa_isvalid
 .text.LoRa_startReceiving
                0x08000ed2       0x18 ./Core/Src/LoRa/LoRa.o
                0x08000ed2                LoRa_startReceiving
 .text.short_delay_ms
                0x08000eea       0x32 ./Core/Src/LoRa/LoRa.o
                0x08000eea                short_delay_ms
 .text.LoRa_init
                0x08000f1c      0x138 ./Core/Src/LoRa/LoRa.o
                0x08000f1c                LoRa_init
 .text.RX_Queue_init
                0x08001054       0x38 ./Core/Src/RX/RX_Queue.o
                0x08001054                RX_Queue_init
 .text.MSP_SendRC
                0x0800108c       0xb4 ./Core/Src/TEST/arm_test.o
                0x0800108c                MSP_SendRC
 .text.setupRC  0x08001140       0x44 ./Core/Src/TEST/arm_test.o
                0x08001140                setupRC
 .text.updateRCLoop
                0x08001184      0x124 ./Core/Src/TEST/arm_test.o
                0x08001184                updateRCLoop
 .text.TX_Queue_init
                0x080012a8       0x34 ./Core/Src/TX/TX_Queue.o
                0x080012a8                TX_Queue_init
 .text.flags_init
                0x080012dc       0x30 ./Core/Src/Util/Flags.o
                0x080012dc                flags_init
 .text.get_unique_id_part
                0x0800130c       0x22 ./Core/Src/Util/id.o
                0x0800130c                get_unique_id_part
 *fill*         0x0800132e        0x2 
 .text.node_id_init
                0x08001330       0x44 ./Core/Src/Util/id.o
                0x08001330                node_id_init
 .text.main     0x08001374      0x1b0 ./Core/Src/main.o
                0x08001374                main
 .text.SystemClock_Config
                0x08001524       0x76 ./Core/Src/main.o
                0x08001524                SystemClock_Config
 *fill*         0x0800159a        0x2 
 .text.MX_SPI2_Init
                0x0800159c       0x6c ./Core/Src/main.o
 .text.MX_USART2_UART_Init
                0x08001608       0x54 ./Core/Src/main.o
 .text.MX_GPIO_Init
                0x0800165c      0x118 ./Core/Src/main.o
 .text.HAL_GPIO_EXTI_Callback
                0x08001774       0x58 ./Core/Src/main.o
                0x08001774                HAL_GPIO_EXTI_Callback
 .text.HAL_TIM_PeriodElapsedCallback
                0x080017cc       0x24 ./Core/Src/main.o
                0x080017cc                HAL_TIM_PeriodElapsedCallback
 .text.Error_Handler
                0x080017f0        0xc ./Core/Src/main.o
                0x080017f0                Error_Handler
 .text.HAL_MspInit
                0x080017fc       0x70 ./Core/Src/stm32f1xx_hal_msp.o
                0x080017fc                HAL_MspInit
 .text.HAL_SPI_MspInit
                0x0800186c       0x98 ./Core/Src/stm32f1xx_hal_msp.o
                0x0800186c                HAL_SPI_MspInit
 .text.HAL_UART_MspInit
                0x08001904       0x94 ./Core/Src/stm32f1xx_hal_msp.o
                0x08001904                HAL_UART_MspInit
 .text.HAL_InitTick
                0x08001998       0xfc ./Core/Src/stm32f1xx_hal_timebase_tim.o
                0x08001998                HAL_InitTick
 .text.NMI_Handler
                0x08001a94        0x8 ./Core/Src/stm32f1xx_it.o
                0x08001a94                NMI_Handler
 .text.HardFault_Handler
                0x08001a9c        0x8 ./Core/Src/stm32f1xx_it.o
                0x08001a9c                HardFault_Handler
 .text.MemManage_Handler
                0x08001aa4        0x8 ./Core/Src/stm32f1xx_it.o
                0x08001aa4                MemManage_Handler
 .text.BusFault_Handler
                0x08001aac        0x8 ./Core/Src/stm32f1xx_it.o
                0x08001aac                BusFault_Handler
 .text.UsageFault_Handler
                0x08001ab4        0x8 ./Core/Src/stm32f1xx_it.o
                0x08001ab4                UsageFault_Handler
 .text.DebugMon_Handler
                0x08001abc        0xc ./Core/Src/stm32f1xx_it.o
                0x08001abc                DebugMon_Handler
 .text.EXTI9_5_IRQHandler
                0x08001ac8       0x16 ./Core/Src/stm32f1xx_it.o
                0x08001ac8                EXTI9_5_IRQHandler
 *fill*         0x08001ade        0x2 
 .text.TIM3_IRQHandler
                0x08001ae0       0x14 ./Core/Src/stm32f1xx_it.o
                0x08001ae0                TIM3_IRQHandler
 .text._read    0x08001af4       0x3a ./Core/Src/syscalls.o
                0x08001af4                _read
 .text._write   0x08001b2e       0x38 ./Core/Src/syscalls.o
                0x08001b2e                _write
 .text._close   0x08001b66       0x16 ./Core/Src/syscalls.o
                0x08001b66                _close
 .text._fstat   0x08001b7c       0x1e ./Core/Src/syscalls.o
                0x08001b7c                _fstat
 .text._isatty  0x08001b9a       0x14 ./Core/Src/syscalls.o
                0x08001b9a                _isatty
 .text._lseek   0x08001bae       0x18 ./Core/Src/syscalls.o
                0x08001bae                _lseek
 *fill*         0x08001bc6        0x2 
 .text._sbrk    0x08001bc8       0x6c ./Core/Src/sysmem.o
                0x08001bc8                _sbrk
 .text.SystemInit
                0x08001c34        0xc ./Core/Src/system_stm32f1xx.o
                0x08001c34                SystemInit
 .text.Reset_Handler
                0x08001c40       0x48 ./Core/Startup/startup_stm32f103c8tx.o
                0x08001c40                Reset_Handler
 .text.Default_Handler
                0x08001c88        0x2 ./Core/Startup/startup_stm32f103c8tx.o
                0x08001c88                RTC_Alarm_IRQHandler
                0x08001c88                EXTI2_IRQHandler
                0x08001c88                TIM1_CC_IRQHandler
                0x08001c88                PVD_IRQHandler
                0x08001c88                EXTI3_IRQHandler
                0x08001c88                EXTI0_IRQHandler
                0x08001c88                I2C2_EV_IRQHandler
                0x08001c88                ADC1_2_IRQHandler
                0x08001c88                SPI1_IRQHandler
                0x08001c88                TAMPER_IRQHandler
                0x08001c88                DMA1_Channel4_IRQHandler
                0x08001c88                USART3_IRQHandler
                0x08001c88                RTC_IRQHandler
                0x08001c88                DMA1_Channel7_IRQHandler
                0x08001c88                CAN1_RX1_IRQHandler
                0x08001c88                TIM4_IRQHandler
                0x08001c88                I2C1_EV_IRQHandler
                0x08001c88                DMA1_Channel6_IRQHandler
                0x08001c88                RCC_IRQHandler
                0x08001c88                TIM1_TRG_COM_IRQHandler
                0x08001c88                DMA1_Channel1_IRQHandler
                0x08001c88                Default_Handler
                0x08001c88                EXTI15_10_IRQHandler
                0x08001c88                SPI2_IRQHandler
                0x08001c88                DMA1_Channel5_IRQHandler
                0x08001c88                EXTI4_IRQHandler
                0x08001c88                USB_LP_CAN1_RX0_IRQHandler
                0x08001c88                USB_HP_CAN1_TX_IRQHandler
                0x08001c88                DMA1_Channel3_IRQHandler
                0x08001c88                TIM1_UP_IRQHandler
                0x08001c88                WWDG_IRQHandler
                0x08001c88                TIM2_IRQHandler
                0x08001c88                TIM1_BRK_IRQHandler
                0x08001c88                EXTI1_IRQHandler
                0x08001c88                USART2_IRQHandler
                0x08001c88                I2C2_ER_IRQHandler
                0x08001c88                DMA1_Channel2_IRQHandler
                0x08001c88                CAN1_SCE_IRQHandler
                0x08001c88                FLASH_IRQHandler
                0x08001c88                USART1_IRQHandler
                0x08001c88                I2C1_ER_IRQHandler
                0x08001c88                USBWakeUp_IRQHandler
 *fill*         0x08001c8a        0x2 
 .text.HAL_Init
                0x08001c8c       0x2c ./Drivers/STM32F1xx_HAL_Driver/Src/stm32f1xx_hal.o
                0x08001c8c                HAL_Init
 .text.HAL_IncTick
                0x08001cb8       0x24 ./Drivers/STM32F1xx_HAL_Driver/Src/stm32f1xx_hal.o
                0x08001cb8                HAL_IncTick
 .text.HAL_GetTick
                0x08001cdc       0x14 ./Drivers/STM32F1xx_HAL_Driver/Src/stm32f1xx_hal.o
                0x08001cdc                HAL_GetTick
 .text.__NVIC_SetPriorityGrouping
                0x08001cf0       0x48 ./Drivers/STM32F1xx_HAL_Driver/Src/stm32f1xx_hal_cortex.o
 .text.__NVIC_GetPriorityGrouping
                0x08001d38       0x1c ./Drivers/STM32F1xx_HAL_Driver/Src/stm32f1xx_hal_cortex.o
 .text.__NVIC_EnableIRQ
                0x08001d54       0x38 ./Drivers/STM32F1xx_HAL_Driver/Src/stm32f1xx_hal_cortex.o
 .text.__NVIC_SetPriority
                0x08001d8c       0x54 ./Drivers/STM32F1xx_HAL_Driver/Src/stm32f1xx_hal_cortex.o
 .text.NVIC_EncodePriority
                0x08001de0       0x64 ./Drivers/STM32F1xx_HAL_Driver/Src/stm32f1xx_hal_cortex.o
 .text.HAL_NVIC_SetPriorityGrouping
                0x08001e44       0x16 ./Drivers/STM32F1xx_HAL_Driver/Src/stm32f1xx_hal_cortex.o
                0x08001e44                HAL_NVIC_SetPriorityGrouping
 .text.HAL_NVIC_SetPriority
                0x08001e5a       0x38 ./Drivers/STM32F1xx_HAL_Driver/Src/stm32f1xx_hal_cortex.o
                0x08001e5a                HAL_NVIC_SetPriority
 .text.HAL_NVIC_EnableIRQ
                0x08001e92       0x1c ./Drivers/STM32F1xx_HAL_Driver/Src/stm32f1xx_hal_cortex.o
                0x08001e92                HAL_NVIC_EnableIRQ
 *fill*         0x08001eae        0x2 
 .text.HAL_GPIO_Init
                0x08001eb0      0x308 ./Drivers/STM32F1xx_HAL_Driver/Src/stm32f1xx_hal_gpio.o
                0x08001eb0                HAL_GPIO_Init
 .text.HAL_GPIO_WritePin
                0x080021b8       0x30 ./Drivers/STM32F1xx_HAL_Driver/Src/stm32f1xx_hal_gpio.o
                0x080021b8                HAL_GPIO_WritePin
 .text.HAL_GPIO_TogglePin
                0x080021e8       0x32 ./Drivers/STM32F1xx_HAL_Driver/Src/stm32f1xx_hal_gpio.o
                0x080021e8                HAL_GPIO_TogglePin
 *fill*         0x0800221a        0x2 
 .text.HAL_GPIO_EXTI_IRQHandler
                0x0800221c       0x30 ./Drivers/STM32F1xx_HAL_Driver/Src/stm32f1xx_hal_gpio.o
                0x0800221c                HAL_GPIO_EXTI_IRQHandler
 .text.HAL_RCC_OscConfig
                0x0800224c      0x504 ./Drivers/STM32F1xx_HAL_Driver/Src/stm32f1xx_hal_rcc.o
                0x0800224c                HAL_RCC_OscConfig
 .text.HAL_RCC_ClockConfig
                0x08002750      0x1d4 ./Drivers/STM32F1xx_HAL_Driver/Src/stm32f1xx_hal_rcc.o
                0x08002750                HAL_RCC_ClockConfig
 .text.HAL_RCC_GetSysClockFreq
                0x08002924       0xa8 ./Drivers/STM32F1xx_HAL_Driver/Src/stm32f1xx_hal_rcc.o
                0x08002924                HAL_RCC_GetSysClockFreq
 .text.HAL_RCC_GetHCLKFreq
                0x080029cc       0x14 ./Drivers/STM32F1xx_HAL_Driver/Src/stm32f1xx_hal_rcc.o
                0x080029cc                HAL_RCC_GetHCLKFreq
 .text.HAL_RCC_GetPCLK1Freq
                0x080029e0       0x28 ./Drivers/STM32F1xx_HAL_Driver/Src/stm32f1xx_hal_rcc.o
                0x080029e0                HAL_RCC_GetPCLK1Freq
 .text.HAL_RCC_GetPCLK2Freq
                0x08002a08       0x28 ./Drivers/STM32F1xx_HAL_Driver/Src/stm32f1xx_hal_rcc.o
                0x08002a08                HAL_RCC_GetPCLK2Freq
 .text.HAL_RCC_GetClockConfig
                0x08002a30       0x60 ./Drivers/STM32F1xx_HAL_Driver/Src/stm32f1xx_hal_rcc.o
                0x08002a30                HAL_RCC_GetClockConfig
 .text.RCC_Delay
                0x08002a90       0x3c ./Drivers/STM32F1xx_HAL_Driver/Src/stm32f1xx_hal_rcc.o
 .text.HAL_SPI_Init
                0x08002acc      0x108 ./Drivers/STM32F1xx_HAL_Driver/Src/stm32f1xx_hal_spi.o
                0x08002acc                HAL_SPI_Init
 .text.HAL_SPI_Transmit
                0x08002bd4      0x288 ./Drivers/STM32F1xx_HAL_Driver/Src/stm32f1xx_hal_spi.o
                0x08002bd4                HAL_SPI_Transmit
 .text.HAL_SPI_Receive
                0x08002e5c      0x232 ./Drivers/STM32F1xx_HAL_Driver/Src/stm32f1xx_hal_spi.o
                0x08002e5c                HAL_SPI_Receive
 .text.HAL_SPI_TransmitReceive
                0x0800308e      0x352 ./Drivers/STM32F1xx_HAL_Driver/Src/stm32f1xx_hal_spi.o
                0x0800308e                HAL_SPI_TransmitReceive
 .text.HAL_SPI_GetState
                0x080033e0       0x1a ./Drivers/STM32F1xx_HAL_Driver/Src/stm32f1xx_hal_spi.o
                0x080033e0                HAL_SPI_GetState
 *fill*         0x080033fa        0x2 
 .text.SPI_WaitFlagStateUntilTimeout
                0x080033fc      0x110 ./Drivers/STM32F1xx_HAL_Driver/Src/stm32f1xx_hal_spi.o
 .text.SPI_EndRxTransaction
                0x0800350c       0xa4 ./Drivers/STM32F1xx_HAL_Driver/Src/stm32f1xx_hal_spi.o
 .text.SPI_EndRxTxTransaction
                0x080035b0       0x62 ./Drivers/STM32F1xx_HAL_Driver/Src/stm32f1xx_hal_spi.o
 .text.HAL_TIM_Base_Init
                0x08003612       0x9e ./Drivers/STM32F1xx_HAL_Driver/Src/stm32f1xx_hal_tim.o
                0x08003612                HAL_TIM_Base_Init
 .text.HAL_TIM_Base_MspInit
                0x080036b0       0x12 ./Drivers/STM32F1xx_HAL_Driver/Src/stm32f1xx_hal_tim.o
                0x080036b0                HAL_TIM_Base_MspInit
 *fill*         0x080036c2        0x2 
 .text.HAL_TIM_Base_Start_IT
                0x080036c4       0xa4 ./Drivers/STM32F1xx_HAL_Driver/Src/stm32f1xx_hal_tim.o
                0x080036c4                HAL_TIM_Base_Start_IT
 .text.HAL_TIM_IRQHandler
                0x08003768      0x1e0 ./Drivers/STM32F1xx_HAL_Driver/Src/stm32f1xx_hal_tim.o
                0x08003768                HAL_TIM_IRQHandler
 .text.HAL_TIM_OC_DelayElapsedCallback
                0x08003948       0x12 ./Drivers/STM32F1xx_HAL_Driver/Src/stm32f1xx_hal_tim.o
                0x08003948                HAL_TIM_OC_DelayElapsedCallback
 .text.HAL_TIM_IC_CaptureCallback
                0x0800395a       0x12 ./Drivers/STM32F1xx_HAL_Driver/Src/stm32f1xx_hal_tim.o
                0x0800395a                HAL_TIM_IC_CaptureCallback
 .text.HAL_TIM_PWM_PulseFinishedCallback
                0x0800396c       0x12 ./Drivers/STM32F1xx_HAL_Driver/Src/stm32f1xx_hal_tim.o
                0x0800396c                HAL_TIM_PWM_PulseFinishedCallback
 .text.HAL_TIM_TriggerCallback
                0x0800397e       0x12 ./Drivers/STM32F1xx_HAL_Driver/Src/stm32f1xx_hal_tim.o
                0x0800397e                HAL_TIM_TriggerCallback
 .text.TIM_Base_SetConfig
                0x08003990       0xdc ./Drivers/STM32F1xx_HAL_Driver/Src/stm32f1xx_hal_tim.o
                0x08003990                TIM_Base_SetConfig
 .text.HAL_TIMEx_CommutCallback
                0x08003a6c       0x12 ./Drivers/STM32F1xx_HAL_Driver/Src/stm32f1xx_hal_tim_ex.o
                0x08003a6c                HAL_TIMEx_CommutCallback
 .text.HAL_TIMEx_BreakCallback
                0x08003a7e       0x12 ./Drivers/STM32F1xx_HAL_Driver/Src/stm32f1xx_hal_tim_ex.o
                0x08003a7e                HAL_TIMEx_BreakCallback
 .text.HAL_UART_Init
                0x08003a90       0xa0 ./Drivers/STM32F1xx_HAL_Driver/Src/stm32f1xx_hal_uart.o
                0x08003a90                HAL_UART_Init
 .text.HAL_UART_Transmit
                0x08003b30      0x116 ./Drivers/STM32F1xx_HAL_Driver/Src/stm32f1xx_hal_uart.o
                0x08003b30                HAL_UART_Transmit
 .text.UART_WaitOnFlagUntilTimeout
                0x08003c46       0xb2 ./Drivers/STM32F1xx_HAL_Driver/Src/stm32f1xx_hal_uart.o
 .text.UART_EndRxTransfer
                0x08003cf8       0xc4 ./Drivers/STM32F1xx_HAL_Driver/Src/stm32f1xx_hal_uart.o
 .text.UART_SetConfig
                0x08003dbc      0x11c ./Drivers/STM32F1xx_HAL_Driver/Src/stm32f1xx_hal_uart.o
 .text.SysTick_Handler
                0x08003ed8       0x20 ./Middlewares/Third_Party/FreeRTOS/Source/CMSIS_RTOS_V2/cmsis_os2.o
                0x08003ed8                SysTick_Handler
 .text.vListInitialise
                0x08003ef8       0x3e ./Middlewares/Third_Party/FreeRTOS/Source/list.o
                0x08003ef8                vListInitialise
 .text.vListInsertEnd
                0x08003f36       0x46 ./Middlewares/Third_Party/FreeRTOS/Source/list.o
                0x08003f36                vListInsertEnd
 .text.vListInsert
                0x08003f7c       0x70 ./Middlewares/Third_Party/FreeRTOS/Source/list.o
                0x08003f7c                vListInsert
 .text.uxListRemove
                0x08003fec       0x52 ./Middlewares/Third_Party/FreeRTOS/Source/list.o
                0x08003fec                uxListRemove
 *fill*         0x0800403e        0x2 
 .text.xQueueGenericReset
                0x08004040       0xd4 ./Middlewares/Third_Party/FreeRTOS/Source/queue.o
                0x08004040                xQueueGenericReset
 .text.xQueueGenericCreate
                0x08004114       0x76 ./Middlewares/Third_Party/FreeRTOS/Source/queue.o
                0x08004114                xQueueGenericCreate
 .text.prvInitialiseNewQueue
                0x0800418a       0x46 ./Middlewares/Third_Party/FreeRTOS/Source/queue.o
 .text.prvInitialiseMutex
                0x080041d0       0x34 ./Middlewares/Third_Party/FreeRTOS/Source/queue.o
 .text.xQueueCreateMutex
                0x08004204       0x30 ./Middlewares/Third_Party/FreeRTOS/Source/queue.o
                0x08004204                xQueueCreateMutex
 .text.xQueueGenericSend
                0x08004234      0x204 ./Middlewares/Third_Party/FreeRTOS/Source/queue.o
                0x08004234                xQueueGenericSend
 .text.prvCopyDataToQueue
                0x08004438       0xd4 ./Middlewares/Third_Party/FreeRTOS/Source/queue.o
 .text.prvUnlockQueue
                0x0800450c       0xa4 ./Middlewares/Third_Party/FreeRTOS/Source/queue.o
 .text.prvIsQueueFull
                0x080045b0       0x30 ./Middlewares/Third_Party/FreeRTOS/Source/queue.o
 .text.vTaskSuspendAll
                0x080045e0       0x1c ./Middlewares/Third_Party/FreeRTOS/Source/tasks.o
                0x080045e0                vTaskSuspendAll
 .text.xTaskResumeAll
                0x080045fc      0x13c ./Middlewares/Third_Party/FreeRTOS/Source/tasks.o
                0x080045fc                xTaskResumeAll
 .text.xTaskIncrementTick
                0x08004738      0x174 ./Middlewares/Third_Party/FreeRTOS/Source/tasks.o
                0x08004738                xTaskIncrementTick
 .text.vTaskSwitchContext
                0x080048ac       0xc8 ./Middlewares/Third_Party/FreeRTOS/Source/tasks.o
                0x080048ac                vTaskSwitchContext
 .text.vTaskPlaceOnEventList
                0x08004974       0x4c ./Middlewares/Third_Party/FreeRTOS/Source/tasks.o
                0x08004974                vTaskPlaceOnEventList
 .text.xTaskRemoveFromEventList
                0x080049c0       0xc8 ./Middlewares/Third_Party/FreeRTOS/Source/tasks.o
                0x080049c0                xTaskRemoveFromEventList
 .text.vTaskInternalSetTimeOutState
                0x08004a88       0x2c ./Middlewares/Third_Party/FreeRTOS/Source/tasks.o
                0x08004a88                vTaskInternalSetTimeOutState
 .text.xTaskCheckForTimeOut
                0x08004ab4       0xc8 ./Middlewares/Third_Party/FreeRTOS/Source/tasks.o
                0x08004ab4                xTaskCheckForTimeOut
 .text.vTaskMissedYield
                0x08004b7c       0x18 ./Middlewares/Third_Party/FreeRTOS/Source/tasks.o
                0x08004b7c                vTaskMissedYield
 .text.prvResetNextTaskUnblockTime
                0x08004b94       0x40 ./Middlewares/Third_Party/FreeRTOS/Source/tasks.o
 .text.xTaskGetSchedulerState
                0x08004bd4       0x3c ./Middlewares/Third_Party/FreeRTOS/Source/tasks.o
                0x08004bd4                xTaskGetSchedulerState
 .text.xTaskPriorityDisinherit
                0x08004c10       0xe0 ./Middlewares/Third_Party/FreeRTOS/Source/tasks.o
                0x08004c10                xTaskPriorityDisinherit
 .text.vTaskNotifyGiveFromISR
                0x08004cf0      0x12c ./Middlewares/Third_Party/FreeRTOS/Source/tasks.o
                0x08004cf0                vTaskNotifyGiveFromISR
 .text.prvAddCurrentTaskToDelayedList
                0x08004e1c       0xa8 ./Middlewares/Third_Party/FreeRTOS/Source/tasks.o
 *fill*         0x08004ec4        0xc 
 .text.SVC_Handler
                0x08004ed0       0x28 ./Middlewares/Third_Party/FreeRTOS/Source/portable/GCC/ARM_CM3/port.o
                0x08004ed0                SVC_Handler
 .text.vPortEnterCritical
                0x08004ef8       0x60 ./Middlewares/Third_Party/FreeRTOS/Source/portable/GCC/ARM_CM3/port.o
                0x08004ef8                vPortEnterCritical
 .text.vPortExitCritical
                0x08004f58       0x54 ./Middlewares/Third_Party/FreeRTOS/Source/portable/GCC/ARM_CM3/port.o
                0x08004f58                vPortExitCritical
 *fill*         0x08004fac        0x4 
 .text.PendSV_Handler
                0x08004fb0       0x48 ./Middlewares/Third_Party/FreeRTOS/Source/portable/GCC/ARM_CM3/port.o
                0x08004fb0                PendSV_Handler
 .text.xPortSysTickHandler
                0x08004ff8       0x44 ./Middlewares/Third_Party/FreeRTOS/Source/portable/GCC/ARM_CM3/port.o
                0x08004ff8                xPortSysTickHandler
 .text.vPortValidateInterruptPriority
                0x0800503c       0x80 ./Middlewares/Third_Party/FreeRTOS/Source/portable/GCC/ARM_CM3/port.o
                0x0800503c                vPortValidateInterruptPriority
 .text.pvPortMalloc
                0x080050bc      0x19c ./Middlewares/Third_Party/FreeRTOS/Source/portable/MemMang/heap_4.o
                0x080050bc                pvPortMalloc
 .text.prvHeapInit
                0x08005258       0xc4 ./Middlewares/Third_Party/FreeRTOS/Source/portable/MemMang/heap_4.o
 .text.prvInsertBlockIntoFreeList
                0x0800531c       0xb0 ./Middlewares/Third_Party/FreeRTOS/Source/portable/MemMang/heap_4.o
 .text.std      0x080053cc       0x6c /home/royivri/st/stm32cubeclt_1.19.0/GNU-tools-for-STM32/bin/../lib/gcc/arm-none-eabi/13.3.1/../../../../arm-none-eabi/lib/thumb/v7-m/nofp/libc_nano.a(libc_a-findfp.o)
 .text.stdio_exit_handler
                0x08005438       0x18 /home/royivri/st/stm32cubeclt_1.19.0/GNU-tools-for-STM32/bin/../lib/gcc/arm-none-eabi/13.3.1/../../../../arm-none-eabi/lib/thumb/v7-m/nofp/libc_nano.a(libc_a-findfp.o)
 .text.cleanup_stdio
                0x08005450       0x40 /home/royivri/st/stm32cubeclt_1.19.0/GNU-tools-for-STM32/bin/../lib/gcc/arm-none-eabi/13.3.1/../../../../arm-none-eabi/lib/thumb/v7-m/nofp/libc_nano.a(libc_a-findfp.o)
 .text.global_stdio_init.part.0
                0x08005490       0x3c /home/royivri/st/stm32cubeclt_1.19.0/GNU-tools-for-STM32/bin/../lib/gcc/arm-none-eabi/13.3.1/../../../../arm-none-eabi/lib/thumb/v7-m/nofp/libc_nano.a(libc_a-findfp.o)
 .text.__sfp_lock_acquire
                0x080054cc        0xc /home/royivri/st/stm32cubeclt_1.19.0/GNU-tools-for-STM32/bin/../lib/gcc/arm-none-eabi/13.3.1/../../../../arm-none-eabi/lib/thumb/v7-m/nofp/libc_nano.a(libc_a-findfp.o)
                0x080054cc                __sfp_lock_acquire
 .text.__sfp_lock_release
                0x080054d8        0xc /home/royivri/st/stm32cubeclt_1.19.0/GNU-tools-for-STM32/bin/../lib/gcc/arm-none-eabi/13.3.1/../../../../arm-none-eabi/lib/thumb/v7-m/nofp/libc_nano.a(libc_a-findfp.o)
                0x080054d8                __sfp_lock_release
 .text.__sinit  0x080054e4       0x30 /home/royivri/st/stm32cubeclt_1.19.0/GNU-tools-for-STM32/bin/../lib/gcc/arm-none-eabi/13.3.1/../../../../arm-none-eabi/lib/thumb/v7-m/nofp/libc_nano.a(libc_a-findfp.o)
                0x080054e4                __sinit
 .text._fwalk_sglue
                0x08005514       0x3c /home/royivri/st/stm32cubeclt_1.19.0/GNU-tools-for-STM32/bin/../lib/gcc/arm-none-eabi/13.3.1/../../../../arm-none-eabi/lib/thumb/v7-m/nofp/libc_nano.a(libc_a-fwalk.o)
                0x08005514                _fwalk_sglue
 .text.printf   0x08005550       0x24 /home/royivri/st/stm32cubeclt_1.19.0/GNU-tools-for-STM32/bin/../lib/gcc/arm-none-eabi/13.3.1/../../../../arm-none-eabi/lib/thumb/v7-m/nofp/libc_nano.a(libc_a-printf.o)
                0x08005550                printf
                0x08005550                iprintf
 .text._puts_r  0x08005574       0xaa /home/royivri/st/stm32cubeclt_1.19.0/GNU-tools-for-STM32/bin/../lib/gcc/arm-none-eabi/13.3.1/../../../../arm-none-eabi/lib/thumb/v7-m/nofp/libc_nano.a(libc_a-puts.o)
                0x08005574                _puts_r
 *fill*         0x0800561e        0x2 
 .text.puts     0x08005620       0x10 /home/royivri/st/stm32cubeclt_1.19.0/GNU-tools-for-STM32/bin/../lib/gcc/arm-none-eabi/13.3.1/../../../../arm-none-eabi/lib/thumb/v7-m/nofp/libc_nano.a(libc_a-puts.o)
                0x08005620                puts
 .text.__sread  0x08005630       0x22 /home/royivri/st/stm32cubeclt_1.19.0/GNU-tools-for-STM32/bin/../lib/gcc/arm-none-eabi/13.3.1/../../../../arm-none-eabi/lib/thumb/v7-m/nofp/libc_nano.a(libc_a-stdio.o)
                0x08005630                __sread
 .text.__swrite
                0x08005652       0x38 /home/royivri/st/stm32cubeclt_1.19.0/GNU-tools-for-STM32/bin/../lib/gcc/arm-none-eabi/13.3.1/../../../../arm-none-eabi/lib/thumb/v7-m/nofp/libc_nano.a(libc_a-stdio.o)
                0x08005652                __swrite
 .text.__sseek  0x0800568a       0x24 /home/royivri/st/stm32cubeclt_1.19.0/GNU-tools-for-STM32/bin/../lib/gcc/arm-none-eabi/13.3.1/../../../../arm-none-eabi/lib/thumb/v7-m/nofp/libc_nano.a(libc_a-stdio.o)
                0x0800568a                __sseek
 .text.__sclose
                0x080056ae        0x8 /home/royivri/st/stm32cubeclt_1.19.0/GNU-tools-for-STM32/bin/../lib/gcc/arm-none-eabi/13.3.1/../../../../arm-none-eabi/lib/thumb/v7-m/nofp/libc_nano.a(libc_a-stdio.o)
                0x080056ae                __sclose
 .text.__swbuf_r
                0x080056b6       0x7c /home/royivri/st/stm32cubeclt_1.19.0/GNU-tools-for-STM32/bin/../lib/gcc/arm-none-eabi/13.3.1/../../../../arm-none-eabi/lib/thumb/v7-m/nofp/libc_nano.a(libc_a-wbuf.o)
                0x080056b6                __swbuf_r
 *fill*         0x08005732        0x2 
 .text.__swsetup_r
                0x08005734       0xac /home/royivri/st/stm32cubeclt_1.19.0/GNU-tools-for-STM32/bin/../lib/gcc/arm-none-eabi/13.3.1/../../../../arm-none-eabi/lib/thumb/v7-m/nofp/libc_nano.a(libc_a-wsetup.o)
                0x08005734                __swsetup_r
 .text.memset   0x080057e0       0x10 /home/royivri/st/stm32cubeclt_1.19.0/GNU-tools-for-STM32/bin/../lib/gcc/arm-none-eabi/13.3.1/../../../../arm-none-eabi/lib/thumb/v7-m/nofp/libc_nano.a(libc_a-memset.o)
                0x080057e0                memset
 .text._close_r
                0x080057f0       0x20 /home/royivri/st/stm32cubeclt_1.19.0/GNU-tools-for-STM32/bin/../lib/gcc/arm-none-eabi/13.3.1/../../../../arm-none-eabi/lib/thumb/v7-m/nofp/libc_nano.a(libc_a-closer.o)
                0x080057f0                _close_r
 .text._lseek_r
                0x08005810       0x24 /home/royivri/st/stm32cubeclt_1.19.0/GNU-tools-for-STM32/bin/../lib/gcc/arm-none-eabi/13.3.1/../../../../arm-none-eabi/lib/thumb/v7-m/nofp/libc_nano.a(libc_a-lseekr.o)
                0x08005810                _lseek_r
 .text._read_r  0x08005834       0x24 /home/royivri/st/stm32cubeclt_1.19.0/GNU-tools-for-STM32/bin/../lib/gcc/arm-none-eabi/13.3.1/../../../../arm-none-eabi/lib/thumb/v7-m/nofp/libc_nano.a(libc_a-readr.o)
                0x08005834                _read_r
 .text._write_r
                0x08005858       0x24 /home/royivri/st/stm32cubeclt_1.19.0/GNU-tools-for-STM32/bin/../lib/gcc/arm-none-eabi/13.3.1/../../../../arm-none-eabi/lib/thumb/v7-m/nofp/libc_nano.a(libc_a-writer.o)
                0x08005858                _write_r
 .text.__errno  0x0800587c        0xc /home/royivri/st/stm32cubeclt_1.19.0/GNU-tools-for-STM32/bin/../lib/gcc/arm-none-eabi/13.3.1/../../../../arm-none-eabi/lib/thumb/v7-m/nofp/libc_nano.a(libc_a-errno.o)
                0x0800587c                __errno
 .text.__libc_init_array
                0x08005888       0x48 /home/royivri/st/stm32cubeclt_1.19.0/GNU-tools-for-STM32/bin/../lib/gcc/arm-none-eabi/13.3.1/../../../../arm-none-eabi/lib/thumb/v7-m/nofp/libc_nano.a(libc_a-init.o)
                0x08005888                __libc_init_array
 .text.__retarget_lock_init_recursive
                0x080058d0        0x2 /home/royivri/st/stm32cubeclt_1.19.0/GNU-tools-for-STM32/bin/../lib/gcc/arm-none-eabi/13.3.1/../../../../arm-none-eabi/lib/thumb/v7-m/nofp/libc_nano.a(libc_a-lock.o)
                0x080058d0                __retarget_lock_init_recursive
 .text.__retarget_lock_acquire_recursive
                0x080058d2        0x2 /home/royivri/st/stm32cubeclt_1.19.0/GNU-tools-for-STM32/bin/../lib/gcc/arm-none-eabi/13.3.1/../../../../arm-none-eabi/lib/thumb/v7-m/nofp/libc_nano.a(libc_a-lock.o)
                0x080058d2                __retarget_lock_acquire_recursive
 .text.__retarget_lock_release_recursive
                0x080058d4        0x2 /home/royivri/st/stm32cubeclt_1.19.0/GNU-tools-for-STM32/bin/../lib/gcc/arm-none-eabi/13.3.1/../../../../arm-none-eabi/lib/thumb/v7-m/nofp/libc_nano.a(libc_a-lock.o)
                0x080058d4                __retarget_lock_release_recursive
 .text.memcpy   0x080058d6       0x1c /home/royivri/st/stm32cubeclt_1.19.0/GNU-tools-for-STM32/bin/../lib/gcc/arm-none-eabi/13.3.1/../../../../arm-none-eabi/lib/thumb/v7-m/nofp/libc_nano.a(libc_a-memcpy-stub.o)
                0x080058d6                memcpy
 *fill*         0x080058f2        0x2 
 .text._free_r  0x080058f4       0x90 /home/royivri/st/stm32cubeclt_1.19.0/GNU-tools-for-STM32/bin/../lib/gcc/arm-none-eabi/13.3.1/../../../../arm-none-eabi/lib/thumb/v7-m/nofp/libc_nano.a(libc_a-freer.o)
                0x080058f4                _free_r
 .text.sbrk_aligned
                0x08005984       0x44 /home/royivri/st/stm32cubeclt_1.19.0/GNU-tools-for-STM32/bin/../lib/gcc/arm-none-eabi/13.3.1/../../../../arm-none-eabi/lib/thumb/v7-m/nofp/libc_nano.a(libc_a-mallocr.o)
 .text._malloc_r
                0x080059c8      0x100 /home/royivri/st/stm32cubeclt_1.19.0/GNU-tools-for-STM32/bin/../lib/gcc/arm-none-eabi/13.3.1/../../../../arm-none-eabi/lib/thumb/v7-m/nofp/libc_nano.a(libc_a-mallocr.o)
                0x080059c8                _malloc_r
 .text.__malloc_lock
                0x08005ac8        0xc /home/royivri/st/stm32cubeclt_1.19.0/GNU-tools-for-STM32/bin/../lib/gcc/arm-none-eabi/13.3.1/../../../../arm-none-eabi/lib/thumb/v7-m/nofp/libc_nano.a(libc_a-mlock.o)
                0x08005ac8                __malloc_lock
 .text.__malloc_unlock
                0x08005ad4        0xc /home/royivri/st/stm32cubeclt_1.19.0/GNU-tools-for-STM32/bin/../lib/gcc/arm-none-eabi/13.3.1/../../../../arm-none-eabi/lib/thumb/v7-m/nofp/libc_nano.a(libc_a-mlock.o)
                0x08005ad4                __malloc_unlock
 .text.__sfputc_r
                0x08005ae0       0x2a /home/royivri/st/stm32cubeclt_1.19.0/GNU-tools-for-STM32/bin/../lib/gcc/arm-none-eabi/13.3.1/../../../../arm-none-eabi/lib/thumb/v7-m/nofp/libc_nano.a(libc_a-nano-vfprintf.o)
 .text.__sfputs_r
                0x08005b0a       0x24 /home/royivri/st/stm32cubeclt_1.19.0/GNU-tools-for-STM32/bin/../lib/gcc/arm-none-eabi/13.3.1/../../../../arm-none-eabi/lib/thumb/v7-m/nofp/libc_nano.a(libc_a-nano-vfprintf.o)
                0x08005b0a                __sfputs_r
 *fill*         0x08005b2e        0x2 
 .text._vfprintf_r
                0x08005b30      0x230 /home/royivri/st/stm32cubeclt_1.19.0/GNU-tools-for-STM32/bin/../lib/gcc/arm-none-eabi/13.3.1/../../../../arm-none-eabi/lib/thumb/v7-m/nofp/libc_nano.a(libc_a-nano-vfprintf.o)
                0x08005b30                _vfiprintf_r
                0x08005b30                _vfprintf_r
 .text._printf_common
                0x08005d60       0xe4 /home/royivri/st/stm32cubeclt_1.19.0/GNU-tools-for-STM32/bin/../lib/gcc/arm-none-eabi/13.3.1/../../../../arm-none-eabi/lib/thumb/v7-m/nofp/libc_nano.a(libc_a-nano-vfprintf_i.o)
                0x08005d60                _printf_common
 .text._printf_i
                0x08005e44      0x23c /home/royivri/st/stm32cubeclt_1.19.0/GNU-tools-for-STM32/bin/../lib/gcc/arm-none-eabi/13.3.1/../../../../arm-none-eabi/lib/thumb/v7-m/nofp/libc_nano.a(libc_a-nano-vfprintf_i.o)
                0x08005e44                _printf_i
 .text.__sflush_r
                0x08006080      0x100 /home/royivri/st/stm32cubeclt_1.19.0/GNU-tools-for-STM32/bin/../lib/gcc/arm-none-eabi/13.3.1/../../../../arm-none-eabi/lib/thumb/v7-m/nofp/libc_nano.a(libc_a-fflush.o)
                0x08006080                __sflush_r
 .text._fflush_r
                0x08006180       0x50 /home/royivri/st/stm32cubeclt_1.19.0/GNU-tools-for-STM32/bin/../lib/gcc/arm-none-eabi/13.3.1/../../../../arm-none-eabi/lib/thumb/v7-m/nofp/libc_nano.a(libc_a-fflush.o)
                0x08006180                _fflush_r
 .text.__swhatbuf_r
                0x080061d0       0x4a /home/royivri/st/stm32cubeclt_1.19.0/GNU-tools-for-STM32/bin/../lib/gcc/arm-none-eabi/13.3.1/../../../../arm-none-eabi/lib/thumb/v7-m/nofp/libc_nano.a(libc_a-makebuf.o)
                0x080061d0                __swhatbuf_r
 .text.__smakebuf_r
                0x0800621a       0x78 /home/royivri/st/stm32cubeclt_1.19.0/GNU-tools-for-STM32/bin/../lib/gcc/arm-none-eabi/13.3.1/../../../../arm-none-eabi/lib/thumb/v7-m/nofp/libc_nano.a(libc_a-makebuf.o)
                0x0800621a                __smakebuf_r
 *fill*         0x08006292        0x2 
 .text._fstat_r
                0x08006294       0x24 /home/royivri/st/stm32cubeclt_1.19.0/GNU-tools-for-STM32/bin/../lib/gcc/arm-none-eabi/13.3.1/../../../../arm-none-eabi/lib/thumb/v7-m/nofp/libc_nano.a(libc_a-fstatr.o)
                0x08006294                _fstat_r
 .text._isatty_r
                0x080062b8       0x20 /home/royivri/st/stm32cubeclt_1.19.0/GNU-tools-for-STM32/bin/../lib/gcc/arm-none-eabi/13.3.1/../../../../arm-none-eabi/lib/thumb/v7-m/nofp/libc_nano.a(libc_a-isattyr.o)
                0x080062b8                _isatty_r
 .text._sbrk_r  0x080062d8       0x20 /home/royivri/st/stm32cubeclt_1.19.0/GNU-tools-for-STM32/bin/../lib/gcc/arm-none-eabi/13.3.1/../../../../arm-none-eabi/lib/thumb/v7-m/nofp/libc_nano.a(libc_a-sbrkr.o)
                0x080062d8                _sbrk_r
 .text.memchr   0x080062f8       0x1c /home/royivri/st/stm32cubeclt_1.19.0/GNU-tools-for-STM32/bin/../lib/gcc/arm-none-eabi/13.3.1/../../../../arm-none-eabi/lib/thumb/v7-m/nofp/libc_nano.a(libc_a-memchr-stub.o)
                0x080062f8                memchr
 *(.glue_7)
 .glue_7        0x08006314        0x0 linker stubs
 *(.glue_7t)
 .glue_7t       0x08006314        0x0 linker stubs
 *(.eh_frame)
 .eh_frame      0x08006314        0x0 /home/royivri/st/stm32cubeclt_1.19.0/GNU-tools-for-STM32/bin/../lib/gcc/arm-none-eabi/13.3.1/thumb/v7-m/nofp/crtbegin.o
 *(.init)
 .init          0x08006314        0x4 /home/royivri/st/stm32cubeclt_1.19.0/GNU-tools-for-STM32/bin/../lib/gcc/arm-none-eabi/13.3.1/thumb/v7-m/nofp/crti.o
                0x08006314                _init
 .init          0x08006318        0x8 /home/royivri/st/stm32cubeclt_1.19.0/GNU-tools-for-STM32/bin/../lib/gcc/arm-none-eabi/13.3.1/thumb/v7-m/nofp/crtn.o
 *(.fini)
 .fini          0x08006320        0x4 /home/royivri/st/stm32cubeclt_1.19.0/GNU-tools-for-STM32/bin/../lib/gcc/arm-none-eabi/13.3.1/thumb/v7-m/nofp/crti.o
                0x08006320                _fini
 .fini          0x08006324        0x8 /home/royivri/st/stm32cubeclt_1.19.0/GNU-tools-for-STM32/bin/../lib/gcc/arm-none-eabi/13.3.1/thumb/v7-m/nofp/crtn.o
                0x0800632c                        . = ALIGN (0x4)
                0x0800632c                        _etext = .

.vfp11_veneer   0x0800632c        0x0
 .vfp11_veneer  0x0800632c        0x0 linker stubs

.v4_bx          0x0800632c        0x0
 .v4_bx         0x0800632c        0x0 linker stubs

.iplt           0x0800632c        0x0
 .iplt          0x0800632c        0x0 /home/royivri/st/stm32cubeclt_1.19.0/GNU-tools-for-STM32/bin/../lib/gcc/arm-none-eabi/13.3.1/thumb/v7-m/nofp/crtbegin.o

.rodata         0x08006330      0x184
                0x08006330                        . = ALIGN (0x4)
 *(.rodata)
 .rodata        0x08006330       0x50 ./Core/Src/LoRa/LoRa.o
 .rodata        0x08006380       0x26 ./Core/Src/RX/RX_Queue.o
 *fill*         0x080063a6        0x2 
 .rodata        0x080063a8       0x19 ./Core/Src/TX/TX_Queue.o
 *fill*         0x080063c1        0x3 
 .rodata        0x080063c4       0x8d ./Core/Src/main.o
 *(.rodata*)
 *fill*         0x08006451        0x3 
 .rodata.AHBPrescTable
                0x08006454       0x10 ./Core/Src/system_stm32f1xx.o
                0x08006454                AHBPrescTable
 .rodata.APBPrescTable
                0x08006464        0x8 ./Core/Src/system_stm32f1xx.o
                0x08006464                APBPrescTable
 .rodata.aPLLMULFactorTable.1
                0x0800646c       0x10 ./Drivers/STM32F1xx_HAL_Driver/Src/stm32f1xx_hal_rcc.o
 .rodata.aPredivFactorTable.0
                0x0800647c        0x2 ./Drivers/STM32F1xx_HAL_Driver/Src/stm32f1xx_hal_rcc.o
 .rodata._vfprintf_r.str1.1
                0x0800647e       0x33 /home/royivri/st/stm32cubeclt_1.19.0/GNU-tools-for-STM32/bin/../lib/gcc/arm-none-eabi/13.3.1/../../../../arm-none-eabi/lib/thumb/v7-m/nofp/libc_nano.a(libc_a-nano-vfprintf.o)
                                 0x11 (size before relaxing)
 .rodata._printf_i.str1.1
                0x080064b1       0x22 /home/royivri/st/stm32cubeclt_1.19.0/GNU-tools-for-STM32/bin/../lib/gcc/arm-none-eabi/13.3.1/../../../../arm-none-eabi/lib/thumb/v7-m/nofp/libc_nano.a(libc_a-nano-vfprintf_i.o)
                0x080064d4                        . = ALIGN (0x4)
 *fill*         0x080064b1        0x3 

.ARM.extab      0x080064b4        0x0
                0x080064b4                        . = ALIGN (0x4)
 *(.ARM.extab* .gnu.linkonce.armextab.*)
                0x080064b4                        . = ALIGN (0x4)

.ARM            0x080064b4        0x0
                0x080064b4                        . = ALIGN (0x4)
                0x080064b4                        __exidx_start = .
 *(.ARM.exidx*)
                0x080064b4                        __exidx_end = .
                0x080064b4                        . = ALIGN (0x4)

.preinit_array  0x080064b4        0x0
                0x080064b4                        . = ALIGN (0x4)
                0x080064b4                        PROVIDE (__preinit_array_start = .)
 *(.preinit_array*)
                0x080064b4                        PROVIDE (__preinit_array_end = .)
                0x080064b4                        . = ALIGN (0x4)

.init_array     0x080064b4        0x4
                0x080064b4                        . = ALIGN (0x4)
                0x080064b4                        PROVIDE (__init_array_start = .)
 *(SORT_BY_NAME(.init_array.*))
 *(.init_array*)
 .init_array    0x080064b4        0x4 /home/royivri/st/stm32cubeclt_1.19.0/GNU-tools-for-STM32/bin/../lib/gcc/arm-none-eabi/13.3.1/thumb/v7-m/nofp/crtbegin.o
                0x080064b8                        PROVIDE (__init_array_end = .)
                0x080064b8                        . = ALIGN (0x4)

.fini_array     0x080064b8        0x4
                0x080064b8                        . = ALIGN (0x4)
                [!provide]                        PROVIDE (__fini_array_start = .)
 *(SORT_BY_NAME(.fini_array.*))
 *(.fini_array*)
 .fini_array    0x080064b8        0x4 /home/royivri/st/stm32cubeclt_1.19.0/GNU-tools-for-STM32/bin/../lib/gcc/arm-none-eabi/13.3.1/thumb/v7-m/nofp/crtbegin.o
                [!provide]                        PROVIDE (__fini_array_end = .)
                0x080064bc                        . = ALIGN (0x4)
                0x080064bc                        _sidata = LOADADDR (.data)

.rel.dyn        0x080064bc        0x0
 .rel.iplt      0x080064bc        0x0 /home/royivri/st/stm32cubeclt_1.19.0/GNU-tools-for-STM32/bin/../lib/gcc/arm-none-eabi/13.3.1/thumb/v7-m/nofp/crtbegin.o

.data           0x20000000       0x7c load address 0x080064bc
                0x20000000                        . = ALIGN (0x4)
                0x20000000                        _sdata = .
 *(.data)
 *(.data*)
 .data.roll_dir.5
                0x20000000        0x4 ./Core/Src/TEST/arm_test.o
 .data.pitch_dir.4
                0x20000004        0x4 ./Core/Src/TEST/arm_test.o
 .data.yaw_dir.3
                0x20000008        0x4 ./Core/Src/TEST/arm_test.o
 .data.throttle.2
                0x2000000c        0x2 ./Core/Src/TEST/arm_test.o
 *fill*         0x2000000e        0x2 
 .data.SystemCoreClock
                0x20000010        0x4 ./Core/Src/system_stm32f1xx.o
                0x20000010                SystemCoreClock
 .data.uwTickPrio
                0x20000014        0x4 ./Drivers/STM32F1xx_HAL_Driver/Src/stm32f1xx_hal.o
                0x20000014                uwTickPrio
 .data.uwTickFreq
                0x20000018        0x1 ./Drivers/STM32F1xx_HAL_Driver/Src/stm32f1xx_hal.o
                0x20000018                uwTickFreq
 *fill*         0x20000019        0x3 
 .data.uxCriticalNesting
                0x2000001c        0x4 ./Middlewares/Third_Party/FreeRTOS/Source/portable/GCC/ARM_CM3/port.o
 .data.__sglue  0x20000020        0xc /home/royivri/st/stm32cubeclt_1.19.0/GNU-tools-for-STM32/bin/../lib/gcc/arm-none-eabi/13.3.1/../../../../arm-none-eabi/lib/thumb/v7-m/nofp/libc_nano.a(libc_a-findfp.o)
                0x20000020                __sglue
 .data._impure_ptr
                0x2000002c        0x4 /home/royivri/st/stm32cubeclt_1.19.0/GNU-tools-for-STM32/bin/../lib/gcc/arm-none-eabi/13.3.1/../../../../arm-none-eabi/lib/thumb/v7-m/nofp/libc_nano.a(libc_a-impure.o)
                0x2000002c                _impure_ptr
 .data._impure_data
                0x20000030       0x4c /home/royivri/st/stm32cubeclt_1.19.0/GNU-tools-for-STM32/bin/../lib/gcc/arm-none-eabi/13.3.1/../../../../arm-none-eabi/lib/thumb/v7-m/nofp/libc_nano.a(libc_a-impure.o)
                0x20000030                _impure_data
 *(.RamFunc)
 *(.RamFunc*)
                0x2000007c                        . = ALIGN (0x4)
                0x2000007c                        _edata = .

.igot.plt       0x2000007c        0x0 load address 0x08006538
 .igot.plt      0x2000007c        0x0 /home/royivri/st/stm32cubeclt_1.19.0/GNU-tools-for-STM32/bin/../lib/gcc/arm-none-eabi/13.3.1/thumb/v7-m/nofp/crtbegin.o
                0x2000007c                        . = ALIGN (0x4)

.bss            0x2000007c     0x36a8 load address 0x08006538
                0x2000007c                        _sbss = .
                0x2000007c                        __bss_start__ = _sbss
 *(.bss)
 .bss           0x2000007c       0x1c /home/royivri/st/stm32cubeclt_1.19.0/GNU-tools-for-STM32/bin/../lib/gcc/arm-none-eabi/13.3.1/thumb/v7-m/nofp/crtbegin.o
 *(.bss*)
 .bss.rx_queue_handle
                0x20000098        0x4 ./Core/Src/RX/RX_Queue.o
                0x20000098                rx_queue_handle
 .bss.rc_channels
                0x2000009c       0x10 ./Core/Src/TEST/arm_test.o
                0x2000009c                rc_channels
 .bss.tx_Queue_handle
                0x200000ac        0x4 ./Core/Src/TX/TX_Queue.o
                0x200000ac                tx_Queue_handle
 .bss.flags_instance
                0x200000b0        0x3 ./Core/Src/Util/Flags.o
 *fill*         0x200000b3        0x1 
 .bss.flags_mutex
                0x200000b4        0x4 ./Core/Src/Util/Flags.o
 .bss.mesh_id   0x200000b8        0x2 ./Core/Src/Util/id.o
                0x200000b8                mesh_id
 *fill*         0x200000ba        0x2 
 .bss.hspi2     0x200000bc       0x58 ./Core/Src/main.o
                0x200000bc                hspi2
 .bss.huart2    0x20000114       0x48 ./Core/Src/main.o
                0x20000114                huart2
 .bss.lora_mutex_handle
                0x2000015c        0x4 ./Core/Src/main.o
                0x2000015c                lora_mutex_handle
 .bss.network_data_mutex_handle
                0x20000160        0x4 ./Core/Src/main.o
                0x20000160                network_data_mutex_handle
 .bss.myLoRa    0x20000164       0x2c ./Core/Src/main.o
                0x20000164                myLoRa
 .bss.rx_args   0x20000190        0xc ./Core/Src/main.o
 .bss.tx_TEST_args
                0x2000019c        0x8 ./Core/Src/main.o
 .bss.tx_args   0x200001a4        0xc ./Core/Src/main.o
 .bss.routing_args
                0x200001b0       0x10 ./Core/Src/main.o
 .bss.ping_args
                0x200001c0        0x8 ./Core/Src/main.o
 .bss.rxTaskHandle
                0x200001c8        0x4 ./Core/Src/main.o
                0x200001c8                rxTaskHandle
 .bss.htim3     0x200001cc       0x48 ./Core/Src/stm32f1xx_hal_timebase_tim.o
                0x200001cc                htim3
 .bss.__sbrk_heap_end
                0x20000214        0x4 ./Core/Src/sysmem.o
 .bss.uwTick    0x20000218        0x4 ./Drivers/STM32F1xx_HAL_Driver/Src/stm32f1xx_hal.o
                0x20000218                uwTick
 .bss.pxCurrentTCB
                0x2000021c        0x4 ./Middlewares/Third_Party/FreeRTOS/Source/tasks.o
                0x2000021c                pxCurrentTCB
 .bss.pxReadyTasksLists
                0x20000220      0x460 ./Middlewares/Third_Party/FreeRTOS/Source/tasks.o
 .bss.pxDelayedTaskList
                0x20000680        0x4 ./Middlewares/Third_Party/FreeRTOS/Source/tasks.o
 .bss.pxOverflowDelayedTaskList
                0x20000684        0x4 ./Middlewares/Third_Party/FreeRTOS/Source/tasks.o
 .bss.xPendingReadyList
                0x20000688       0x14 ./Middlewares/Third_Party/FreeRTOS/Source/tasks.o
 .bss.xSuspendedTaskList
                0x2000069c       0x14 ./Middlewares/Third_Party/FreeRTOS/Source/tasks.o
 .bss.uxCurrentNumberOfTasks
                0x200006b0        0x4 ./Middlewares/Third_Party/FreeRTOS/Source/tasks.o
 .bss.xTickCount
                0x200006b4        0x4 ./Middlewares/Third_Party/FreeRTOS/Source/tasks.o
 .bss.uxTopReadyPriority
                0x200006b8        0x4 ./Middlewares/Third_Party/FreeRTOS/Source/tasks.o
 .bss.xSchedulerRunning
                0x200006bc        0x4 ./Middlewares/Third_Party/FreeRTOS/Source/tasks.o
 .bss.xPendedTicks
                0x200006c0        0x4 ./Middlewares/Third_Party/FreeRTOS/Source/tasks.o
 .bss.xYieldPending
                0x200006c4        0x4 ./Middlewares/Third_Party/FreeRTOS/Source/tasks.o
 .bss.xNumOfOverflows
                0x200006c8        0x4 ./Middlewares/Third_Party/FreeRTOS/Source/tasks.o
 .bss.xNextTaskUnblockTime
                0x200006cc        0x4 ./Middlewares/Third_Party/FreeRTOS/Source/tasks.o
 .bss.uxSchedulerSuspended
                0x200006d0        0x4 ./Middlewares/Third_Party/FreeRTOS/Source/tasks.o
 .bss.ucMaxSysCallPriority
                0x200006d4        0x1 ./Middlewares/Third_Party/FreeRTOS/Source/portable/GCC/ARM_CM3/port.o
 *fill*         0x200006d5        0x3 
 .bss.ulMaxPRIGROUPValue
                0x200006d8        0x4 ./Middlewares/Third_Party/FreeRTOS/Source/portable/GCC/ARM_CM3/port.o
 .bss.ucHeap    0x200006dc     0x2ee0 ./Middlewares/Third_Party/FreeRTOS/Source/portable/MemMang/heap_4.o
 .bss.xStart    0x200035bc        0x8 ./Middlewares/Third_Party/FreeRTOS/Source/portable/MemMang/heap_4.o
 .bss.pxEnd     0x200035c4        0x4 ./Middlewares/Third_Party/FreeRTOS/Source/portable/MemMang/heap_4.o
 .bss.xFreeBytesRemaining
                0x200035c8        0x4 ./Middlewares/Third_Party/FreeRTOS/Source/portable/MemMang/heap_4.o
 .bss.xMinimumEverFreeBytesRemaining
                0x200035cc        0x4 ./Middlewares/Third_Party/FreeRTOS/Source/portable/MemMang/heap_4.o
 .bss.xNumberOfSuccessfulAllocations
                0x200035d0        0x4 ./Middlewares/Third_Party/FreeRTOS/Source/portable/MemMang/heap_4.o
 .bss.xBlockAllocatedBit
                0x200035d4        0x4 ./Middlewares/Third_Party/FreeRTOS/Source/portable/MemMang/heap_4.o
 .bss.__sf      0x200035d8      0x138 /home/royivri/st/stm32cubeclt_1.19.0/GNU-tools-for-STM32/bin/../lib/gcc/arm-none-eabi/13.3.1/../../../../arm-none-eabi/lib/thumb/v7-m/nofp/libc_nano.a(libc_a-findfp.o)
                0x200035d8                __sf
 .bss.__stdio_exit_handler
                0x20003710        0x4 /home/royivri/st/stm32cubeclt_1.19.0/GNU-tools-for-STM32/bin/../lib/gcc/arm-none-eabi/13.3.1/../../../../arm-none-eabi/lib/thumb/v7-m/nofp/libc_nano.a(libc_a-findfp.o)
                0x20003710                __stdio_exit_handler
 .bss.errno     0x20003714        0x4 /home/royivri/st/stm32cubeclt_1.19.0/GNU-tools-for-STM32/bin/../lib/gcc/arm-none-eabi/13.3.1/../../../../arm-none-eabi/lib/thumb/v7-m/nofp/libc_nano.a(libc_a-reent.o)
                0x20003714                errno
 .bss.__lock___malloc_recursive_mutex
                0x20003718        0x1 /home/royivri/st/stm32cubeclt_1.19.0/GNU-tools-for-STM32/bin/../lib/gcc/arm-none-eabi/13.3.1/../../../../arm-none-eabi/lib/thumb/v7-m/nofp/libc_nano.a(libc_a-lock.o)
                0x20003718                __lock___malloc_recursive_mutex
 .bss.__lock___sfp_recursive_mutex
                0x20003719        0x1 /home/royivri/st/stm32cubeclt_1.19.0/GNU-tools-for-STM32/bin/../lib/gcc/arm-none-eabi/13.3.1/../../../../arm-none-eabi/lib/thumb/v7-m/nofp/libc_nano.a(libc_a-lock.o)
                0x20003719                __lock___sfp_recursive_mutex
 *fill*         0x2000371a        0x2 
 .bss.__malloc_sbrk_start
                0x2000371c        0x4 /home/royivri/st/stm32cubeclt_1.19.0/GNU-tools-for-STM32/bin/../lib/gcc/arm-none-eabi/13.3.1/../../../../arm-none-eabi/lib/thumb/v7-m/nofp/libc_nano.a(libc_a-mallocr.o)
                0x2000371c                __malloc_sbrk_start
 .bss.__malloc_free_list
                0x20003720        0x4 /home/royivri/st/stm32cubeclt_1.19.0/GNU-tools-for-STM32/bin/../lib/gcc/arm-none-eabi/13.3.1/../../../../arm-none-eabi/lib/thumb/v7-m/nofp/libc_nano.a(libc_a-mallocr.o)
                0x20003720                __malloc_free_list
 *(COMMON)
                0x20003724                        . = ALIGN (0x4)
                0x20003724                        _ebss = .
                0x20003724                        __bss_end__ = _ebss

._user_heap_stack
                0x20003724      0x604 load address 0x08006538
                0x20003728                        . = ALIGN (0x8)
 *fill*         0x20003724        0x4 
                [!provide]                        PROVIDE (end = .)
                0x20003728                        PROVIDE (_end = .)
                0x20003928                        . = (. + _Min_Heap_Size)
 *fill*         0x20003728      0x200 
                0x20003d28                        . = (. + _Min_Stack_Size)
 *fill*         0x20003928      0x400 
                0x20003d28                        . = ALIGN (0x8)

/DISCARD/
 libc.a(*)
 libm.a(*)
 libgcc.a(*)

.ARM.attributes
                0x00000000       0x29
 *(.ARM.attributes)
 .ARM.attributes
                0x00000000       0x1d /home/royivri/st/stm32cubeclt_1.19.0/GNU-tools-for-STM32/bin/../lib/gcc/arm-none-eabi/13.3.1/thumb/v7-m/nofp/crti.o
 .ARM.attributes
                0x0000001d       0x2d /home/royivri/st/stm32cubeclt_1.19.0/GNU-tools-for-STM32/bin/../lib/gcc/arm-none-eabi/13.3.1/thumb/v7-m/nofp/crtbegin.o
 .ARM.attributes
                0x0000004a       0x2d ./Core/Src/LoRa/LoRa.o
 .ARM.attributes
                0x00000077       0x2d ./Core/Src/RX/RX_Queue.o
 .ARM.attributes
                0x000000a4       0x2d ./Core/Src/TEST/arm_test.o
 .ARM.attributes
                0x000000d1       0x2d ./Core/Src/TX/TX_Queue.o
 .ARM.attributes
                0x000000fe       0x2d ./Core/Src/Util/Flags.o
 .ARM.attributes
                0x0000012b       0x2d ./Core/Src/Util/id.o
 .ARM.attributes
                0x00000158       0x2d ./Core/Src/main.o
 .ARM.attributes
                0x00000185       0x2d ./Core/Src/stm32f1xx_hal_msp.o
 .ARM.attributes
                0x000001b2       0x2d ./Core/Src/stm32f1xx_hal_timebase_tim.o
 .ARM.attributes
                0x000001df       0x2d ./Core/Src/stm32f1xx_it.o
 .ARM.attributes
                0x0000020c       0x2d ./Core/Src/syscalls.o
 .ARM.attributes
                0x00000239       0x2d ./Core/Src/sysmem.o
 .ARM.attributes
                0x00000266       0x2d ./Core/Src/system_stm32f1xx.o
 .ARM.attributes
                0x00000293       0x21 ./Core/Startup/startup_stm32f103c8tx.o
 .ARM.attributes
                0x000002b4       0x2d ./Drivers/STM32F1xx_HAL_Driver/Src/stm32f1xx_hal.o
 .ARM.attributes
                0x000002e1       0x2d ./Drivers/STM32F1xx_HAL_Driver/Src/stm32f1xx_hal_cortex.o
 .ARM.attributes
                0x0000030e       0x2d ./Drivers/STM32F1xx_HAL_Driver/Src/stm32f1xx_hal_gpio.o
 .ARM.attributes
                0x0000033b       0x2d ./Drivers/STM32F1xx_HAL_Driver/Src/stm32f1xx_hal_rcc.o
 .ARM.attributes
                0x00000368       0x2d ./Drivers/STM32F1xx_HAL_Driver/Src/stm32f1xx_hal_spi.o
 .ARM.attributes
                0x00000395       0x2d ./Drivers/STM32F1xx_HAL_Driver/Src/stm32f1xx_hal_tim.o
 .ARM.attributes
                0x000003c2       0x2d ./Drivers/STM32F1xx_HAL_Driver/Src/stm32f1xx_hal_tim_ex.o
 .ARM.attributes
                0x000003ef       0x2d ./Drivers/STM32F1xx_HAL_Driver/Src/stm32f1xx_hal_uart.o
 .ARM.attributes
                0x0000041c       0x2d ./Middlewares/Third_Party/FreeRTOS/Source/CMSIS_RTOS_V2/cmsis_os2.o
 .ARM.attributes
                0x00000449       0x2d ./Middlewares/Third_Party/FreeRTOS/Source/list.o
 .ARM.attributes
                0x00000476       0x2d ./Middlewares/Third_Party/FreeRTOS/Source/queue.o
 .ARM.attributes
                0x000004a3       0x2d ./Middlewares/Third_Party/FreeRTOS/Source/tasks.o
 .ARM.attributes
                0x000004d0       0x2d ./Middlewares/Third_Party/FreeRTOS/Source/portable/GCC/ARM_CM3/port.o
 .ARM.attributes
                0x000004fd       0x2d ./Middlewares/Third_Party/FreeRTOS/Source/portable/MemMang/heap_4.o
 .ARM.attributes
                0x0000052a       0x2d /home/royivri/st/stm32cubeclt_1.19.0/GNU-tools-for-STM32/bin/../lib/gcc/arm-none-eabi/13.3.1/../../../../arm-none-eabi/lib/thumb/v7-m/nofp/libc_nano.a(libc_a-findfp.o)
 .ARM.attributes
                0x00000557       0x2d /home/royivri/st/stm32cubeclt_1.19.0/GNU-tools-for-STM32/bin/../lib/gcc/arm-none-eabi/13.3.1/../../../../arm-none-eabi/lib/thumb/v7-m/nofp/libc_nano.a(libc_a-fwalk.o)
 .ARM.attributes
                0x00000584       0x2d /home/royivri/st/stm32cubeclt_1.19.0/GNU-tools-for-STM32/bin/../lib/gcc/arm-none-eabi/13.3.1/../../../../arm-none-eabi/lib/thumb/v7-m/nofp/libc_nano.a(libc_a-printf.o)
 .ARM.attributes
                0x000005b1       0x2d /home/royivri/st/stm32cubeclt_1.19.0/GNU-tools-for-STM32/bin/../lib/gcc/arm-none-eabi/13.3.1/../../../../arm-none-eabi/lib/thumb/v7-m/nofp/libc_nano.a(libc_a-puts.o)
 .ARM.attributes
                0x000005de       0x2d /home/royivri/st/stm32cubeclt_1.19.0/GNU-tools-for-STM32/bin/../lib/gcc/arm-none-eabi/13.3.1/../../../../arm-none-eabi/lib/thumb/v7-m/nofp/libc_nano.a(libc_a-stdio.o)
 .ARM.attributes
                0x0000060b       0x2d /home/royivri/st/stm32cubeclt_1.19.0/GNU-tools-for-STM32/bin/../lib/gcc/arm-none-eabi/13.3.1/../../../../arm-none-eabi/lib/thumb/v7-m/nofp/libc_nano.a(libc_a-wbuf.o)
 .ARM.attributes
                0x00000638       0x2d /home/royivri/st/stm32cubeclt_1.19.0/GNU-tools-for-STM32/bin/../lib/gcc/arm-none-eabi/13.3.1/../../../../arm-none-eabi/lib/thumb/v7-m/nofp/libc_nano.a(libc_a-wsetup.o)
 .ARM.attributes
                0x00000665       0x2d /home/royivri/st/stm32cubeclt_1.19.0/GNU-tools-for-STM32/bin/../lib/gcc/arm-none-eabi/13.3.1/../../../../arm-none-eabi/lib/thumb/v7-m/nofp/libc_nano.a(libc_a-memset.o)
 .ARM.attributes
                0x00000692       0x2d /home/royivri/st/stm32cubeclt_1.19.0/GNU-tools-for-STM32/bin/../lib/gcc/arm-none-eabi/13.3.1/../../../../arm-none-eabi/lib/thumb/v7-m/nofp/libc_nano.a(libc_a-closer.o)
 .ARM.attributes
                0x000006bf       0x2d /home/royivri/st/stm32cubeclt_1.19.0/GNU-tools-for-STM32/bin/../lib/gcc/arm-none-eabi/13.3.1/../../../../arm-none-eabi/lib/thumb/v7-m/nofp/libc_nano.a(libc_a-reent.o)
 .ARM.attributes
                0x000006ec       0x2d /home/royivri/st/stm32cubeclt_1.19.0/GNU-tools-for-STM32/bin/../lib/gcc/arm-none-eabi/13.3.1/../../../../arm-none-eabi/lib/thumb/v7-m/nofp/libc_nano.a(libc_a-impure.o)
 .ARM.attributes
                0x00000719       0x2d /home/royivri/st/stm32cubeclt_1.19.0/GNU-tools-for-STM32/bin/../lib/gcc/arm-none-eabi/13.3.1/../../../../arm-none-eabi/lib/thumb/v7-m/nofp/libc_nano.a(libc_a-lseekr.o)
 .ARM.attributes
                0x00000746       0x2d /home/royivri/st/stm32cubeclt_1.19.0/GNU-tools-for-STM32/bin/../lib/gcc/arm-none-eabi/13.3.1/../../../../arm-none-eabi/lib/thumb/v7-m/nofp/libc_nano.a(libc_a-readr.o)
 .ARM.attributes
                0x00000773       0x2d /home/royivri/st/stm32cubeclt_1.19.0/GNU-tools-for-STM32/bin/../lib/gcc/arm-none-eabi/13.3.1/../../../../arm-none-eabi/lib/thumb/v7-m/nofp/libc_nano.a(libc_a-writer.o)
 .ARM.attributes
                0x000007a0       0x2d /home/royivri/st/stm32cubeclt_1.19.0/GNU-tools-for-STM32/bin/../lib/gcc/arm-none-eabi/13.3.1/../../../../arm-none-eabi/lib/thumb/v7-m/nofp/libc_nano.a(libc_a-errno.o)
 .ARM.attributes
                0x000007cd       0x2d /home/royivri/st/stm32cubeclt_1.19.0/GNU-tools-for-STM32/bin/../lib/gcc/arm-none-eabi/13.3.1/../../../../arm-none-eabi/lib/thumb/v7-m/nofp/libc_nano.a(libc_a-init.o)
 .ARM.attributes
                0x000007fa       0x2d /home/royivri/st/stm32cubeclt_1.19.0/GNU-tools-for-STM32/bin/../lib/gcc/arm-none-eabi/13.3.1/../../../../arm-none-eabi/lib/thumb/v7-m/nofp/libc_nano.a(libc_a-lock.o)
 .ARM.attributes
                0x00000827       0x2d /home/royivri/st/stm32cubeclt_1.19.0/GNU-tools-for-STM32/bin/../lib/gcc/arm-none-eabi/13.3.1/../../../../arm-none-eabi/lib/thumb/v7-m/nofp/libc_nano.a(libc_a-memcpy-stub.o)
 .ARM.attributes
                0x00000854       0x2d /home/royivri/st/stm32cubeclt_1.19.0/GNU-tools-for-STM32/bin/../lib/gcc/arm-none-eabi/13.3.1/../../../../arm-none-eabi/lib/thumb/v7-m/nofp/libc_nano.a(libc_a-freer.o)
 .ARM.attributes
                0x00000881       0x2d /home/royivri/st/stm32cubeclt_1.19.0/GNU-tools-for-STM32/bin/../lib/gcc/arm-none-eabi/13.3.1/../../../../arm-none-eabi/lib/thumb/v7-m/nofp/libc_nano.a(libc_a-mallocr.o)
 .ARM.attributes
                0x000008ae       0x2d /home/royivri/st/stm32cubeclt_1.19.0/GNU-tools-for-STM32/bin/../lib/gcc/arm-none-eabi/13.3.1/../../../../arm-none-eabi/lib/thumb/v7-m/nofp/libc_nano.a(libc_a-mlock.o)
 .ARM.attributes
                0x000008db       0x2d /home/royivri/st/stm32cubeclt_1.19.0/GNU-tools-for-STM32/bin/../lib/gcc/arm-none-eabi/13.3.1/../../../../arm-none-eabi/lib/thumb/v7-m/nofp/libc_nano.a(libc_a-nano-vfprintf.o)
 .ARM.attributes
                0x00000908       0x2d /home/royivri/st/stm32cubeclt_1.19.0/GNU-tools-for-STM32/bin/../lib/gcc/arm-none-eabi/13.3.1/../../../../arm-none-eabi/lib/thumb/v7-m/nofp/libc_nano.a(libc_a-nano-vfprintf_i.o)
 .ARM.attributes
                0x00000935       0x2d /home/royivri/st/stm32cubeclt_1.19.0/GNU-tools-for-STM32/bin/../lib/gcc/arm-none-eabi/13.3.1/../../../../arm-none-eabi/lib/thumb/v7-m/nofp/libc_nano.a(libc_a-fflush.o)
 .ARM.attributes
                0x00000962       0x2d /home/royivri/st/stm32cubeclt_1.19.0/GNU-tools-for-STM32/bin/../lib/gcc/arm-none-eabi/13.3.1/../../../../arm-none-eabi/lib/thumb/v7-m/nofp/libc_nano.a(libc_a-makebuf.o)
 .ARM.attributes
                0x0000098f       0x2d /home/royivri/st/stm32cubeclt_1.19.0/GNU-tools-for-STM32/bin/../lib/gcc/arm-none-eabi/13.3.1/../../../../arm-none-eabi/lib/thumb/v7-m/nofp/libc_nano.a(libc_a-fstatr.o)
 .ARM.attributes
                0x000009bc       0x2d /home/royivri/st/stm32cubeclt_1.19.0/GNU-tools-for-STM32/bin/../lib/gcc/arm-none-eabi/13.3.1/../../../../arm-none-eabi/lib/thumb/v7-m/nofp/libc_nano.a(libc_a-isattyr.o)
 .ARM.attributes
                0x000009e9       0x2d /home/royivri/st/stm32cubeclt_1.19.0/GNU-tools-for-STM32/bin/../lib/gcc/arm-none-eabi/13.3.1/../../../../arm-none-eabi/lib/thumb/v7-m/nofp/libc_nano.a(libc_a-sbrkr.o)
 .ARM.attributes
                0x00000a16       0x2d /home/royivri/st/stm32cubeclt_1.19.0/GNU-tools-for-STM32/bin/../lib/gcc/arm-none-eabi/13.3.1/../../../../arm-none-eabi/lib/thumb/v7-m/nofp/libc_nano.a(libc_a-memchr-stub.o)
 .ARM.attributes
                0x00000a43       0x1d /home/royivri/st/stm32cubeclt_1.19.0/GNU-tools-for-STM32/bin/../lib/gcc/arm-none-eabi/13.3.1/thumb/v7-m/nofp/libgcc.a(_arm_addsubdf3.o)
 .ARM.attributes
                0x00000a60       0x1d /home/royivri/st/stm32cubeclt_1.19.0/GNU-tools-for-STM32/bin/../lib/gcc/arm-none-eabi/13.3.1/thumb/v7-m/nofp/libgcc.a(_arm_muldivdf3.o)
 .ARM.attributes
                0x00000a7d       0x1d /home/royivri/st/stm32cubeclt_1.19.0/GNU-tools-for-STM32/bin/../lib/gcc/arm-none-eabi/13.3.1/thumb/v7-m/nofp/libgcc.a(_arm_fixdfsi.o)
 .ARM.attributes
                0x00000a9a       0x1d /home/royivri/st/stm32cubeclt_1.19.0/GNU-tools-for-STM32/bin/../lib/gcc/arm-none-eabi/13.3.1/thumb/v7-m/nofp/crtn.o
OUTPUT(mesh-drones-FRTOS.elf elf32-littlearm)
LOAD linker stubs
LOAD /home/royivri/st/stm32cubeclt_1.19.0/GNU-tools-for-STM32/bin/../lib/gcc/arm-none-eabi/13.3.1/../../../../arm-none-eabi/lib/thumb/v7-m/nofp/libc.a
LOAD /home/royivri/st/stm32cubeclt_1.19.0/GNU-tools-for-STM32/bin/../lib/gcc/arm-none-eabi/13.3.1/../../../../arm-none-eabi/lib/thumb/v7-m/nofp/libm.a
LOAD /home/royivri/st/stm32cubeclt_1.19.0/GNU-tools-for-STM32/bin/../lib/gcc/arm-none-eabi/13.3.1/thumb/v7-m/nofp/libgcc.a

.debug_info     0x00000000    0x18b0a
 .debug_info    0x00000000      0xe78 ./Core/Src/LoRa/LoRa.o
 .debug_info    0x00000e78      0x115 ./Core/Src/RX/RX_Queue.o
 .debug_info    0x00000f8d      0x757 ./Core/Src/TEST/arm_test.o
 .debug_info    0x000016e4      0x115 ./Core/Src/TX/TX_Queue.o
 .debug_info    0x000017f9      0x176 ./Core/Src/Util/Flags.o
 .debug_info    0x0000196f      0x137 ./Core/Src/Util/id.o
 .debug_info    0x00001aa6     0x18d4 ./Core/Src/main.o
 .debug_info    0x0000337a      0xc52 ./Core/Src/stm32f1xx_hal_msp.o
 .debug_info    0x00003fcc      0x9a8 ./Core/Src/stm32f1xx_hal_timebase_tim.o
 .debug_info    0x00004974      0x6a2 ./Core/Src/stm32f1xx_it.o
 .debug_info    0x00005016      0x6a3 ./Core/Src/syscalls.o
 .debug_info    0x000056b9      0x168 ./Core/Src/sysmem.o
 .debug_info    0x00005821      0x222 ./Core/Src/system_stm32f1xx.o
 .debug_info    0x00005a43       0x30 ./Core/Startup/startup_stm32f103c8tx.o
 .debug_info    0x00005a73      0x704 ./Drivers/STM32F1xx_HAL_Driver/Src/stm32f1xx_hal.o
 .debug_info    0x00006177      0xa87 ./Drivers/STM32F1xx_HAL_Driver/Src/stm32f1xx_hal_cortex.o
 .debug_info    0x00006bfe      0x5ab ./Drivers/STM32F1xx_HAL_Driver/Src/stm32f1xx_hal_gpio.o
 .debug_info    0x000071a9      0x7d5 ./Drivers/STM32F1xx_HAL_Driver/Src/stm32f1xx_hal_rcc.o
 .debug_info    0x0000797e     0x142d ./Drivers/STM32F1xx_HAL_Driver/Src/stm32f1xx_hal_spi.o
 .debug_info    0x00008dab     0x2959 ./Drivers/STM32F1xx_HAL_Driver/Src/stm32f1xx_hal_tim.o
 .debug_info    0x0000b704     0x149b ./Drivers/STM32F1xx_HAL_Driver/Src/stm32f1xx_hal_tim_ex.o
 .debug_info    0x0000cb9f     0x2eed ./Drivers/STM32F1xx_HAL_Driver/Src/stm32f1xx_hal_uart.o
 .debug_info    0x0000fa8c     0x402c ./Middlewares/Third_Party/FreeRTOS/Source/CMSIS_RTOS_V2/cmsis_os2.o
 .debug_info    0x00013ab8      0x2af ./Middlewares/Third_Party/FreeRTOS/Source/list.o
 .debug_info    0x00013d67     0x1b79 ./Middlewares/Third_Party/FreeRTOS/Source/queue.o
 .debug_info    0x000158e0     0x28c1 ./Middlewares/Third_Party/FreeRTOS/Source/tasks.o
 .debug_info    0x000181a1      0x494 ./Middlewares/Third_Party/FreeRTOS/Source/portable/GCC/ARM_CM3/port.o
 .debug_info    0x00018635      0x4d5 ./Middlewares/Third_Party/FreeRTOS/Source/portable/MemMang/heap_4.o

.debug_abbrev   0x00000000     0x3a98
 .debug_abbrev  0x00000000      0x2b6 ./Core/Src/LoRa/LoRa.o
 .debug_abbrev  0x000002b6       0xad ./Core/Src/RX/RX_Queue.o
 .debug_abbrev  0x00000363      0x215 ./Core/Src/TEST/arm_test.o
 .debug_abbrev  0x00000578       0xaf ./Core/Src/TX/TX_Queue.o
 .debug_abbrev  0x00000627       0xdc ./Core/Src/Util/Flags.o
 .debug_abbrev  0x00000703       0xb7 ./Core/Src/Util/id.o
 .debug_abbrev  0x000007ba      0x373 ./Core/Src/main.o
 .debug_abbrev  0x00000b2d      0x1c9 ./Core/Src/stm32f1xx_hal_msp.o
 .debug_abbrev  0x00000cf6      0x1f3 ./Core/Src/stm32f1xx_hal_timebase_tim.o
 .debug_abbrev  0x00000ee9      0x193 ./Core/Src/stm32f1xx_it.o
 .debug_abbrev  0x0000107c      0x1b6 ./Core/Src/syscalls.o
 .debug_abbrev  0x00001232       0xbc ./Core/Src/sysmem.o
 .debug_abbrev  0x000012ee      0x13f ./Core/Src/system_stm32f1xx.o
 .debug_abbrev  0x0000142d       0x24 ./Core/Startup/startup_stm32f103c8tx.o
 .debug_abbrev  0x00001451      0x201 ./Drivers/STM32F1xx_HAL_Driver/Src/stm32f1xx_hal.o
 .debug_abbrev  0x00001652      0x2f8 ./Drivers/STM32F1xx_HAL_Driver/Src/stm32f1xx_hal_cortex.o
 .debug_abbrev  0x0000194a      0x1ca ./Drivers/STM32F1xx_HAL_Driver/Src/stm32f1xx_hal_gpio.o
 .debug_abbrev  0x00001b14      0x2b3 ./Drivers/STM32F1xx_HAL_Driver/Src/stm32f1xx_hal_rcc.o
 .debug_abbrev  0x00001dc7      0x27a ./Drivers/STM32F1xx_HAL_Driver/Src/stm32f1xx_hal_spi.o
 .debug_abbrev  0x00002041      0x277 ./Drivers/STM32F1xx_HAL_Driver/Src/stm32f1xx_hal_tim.o
 .debug_abbrev  0x000022b8      0x282 ./Drivers/STM32F1xx_HAL_Driver/Src/stm32f1xx_hal_tim_ex.o
 .debug_abbrev  0x0000253a      0x2f8 ./Drivers/STM32F1xx_HAL_Driver/Src/stm32f1xx_hal_uart.o
 .debug_abbrev  0x00002832      0x548 ./Middlewares/Third_Party/FreeRTOS/Source/CMSIS_RTOS_V2/cmsis_os2.o
 .debug_abbrev  0x00002d7a       0xf5 ./Middlewares/Third_Party/FreeRTOS/Source/list.o
 .debug_abbrev  0x00002e6f      0x3b6 ./Middlewares/Third_Party/FreeRTOS/Source/queue.o
 .debug_abbrev  0x00003225      0x3fe ./Middlewares/Third_Party/FreeRTOS/Source/tasks.o
 .debug_abbrev  0x00003623      0x258 ./Middlewares/Third_Party/FreeRTOS/Source/portable/GCC/ARM_CM3/port.o
 .debug_abbrev  0x0000387b      0x21d ./Middlewares/Third_Party/FreeRTOS/Source/portable/MemMang/heap_4.o

.debug_aranges  0x00000000     0x16d8
 .debug_aranges
                0x00000000       0xd0 ./Core/Src/LoRa/LoRa.o
 .debug_aranges
                0x000000d0       0x20 ./Core/Src/RX/RX_Queue.o
 .debug_aranges
                0x000000f0       0x38 ./Core/Src/TEST/arm_test.o
 .debug_aranges
                0x00000128       0x20 ./Core/Src/TX/TX_Queue.o
 .debug_aranges
                0x00000148       0x30 ./Core/Src/Util/Flags.o
 .debug_aranges
                0x00000178       0x28 ./Core/Src/Util/id.o
 .debug_aranges
                0x000001a0       0x60 ./Core/Src/main.o
 .debug_aranges
                0x00000200       0x40 ./Core/Src/stm32f1xx_hal_msp.o
 .debug_aranges
                0x00000240       0x30 ./Core/Src/stm32f1xx_hal_timebase_tim.o
 .debug_aranges
                0x00000270       0x58 ./Core/Src/stm32f1xx_it.o
 .debug_aranges
                0x000002c8       0xa8 ./Core/Src/syscalls.o
 .debug_aranges
                0x00000370       0x20 ./Core/Src/sysmem.o
 .debug_aranges
                0x00000390       0x28 ./Core/Src/system_stm32f1xx.o
 .debug_aranges
                0x000003b8       0x28 ./Core/Startup/startup_stm32f103c8tx.o
 .debug_aranges
                0x000003e0       0xe0 ./Drivers/STM32F1xx_HAL_Driver/Src/stm32f1xx_hal.o
 .debug_aranges
                0x000004c0      0x100 ./Drivers/STM32F1xx_HAL_Driver/Src/stm32f1xx_hal_cortex.o
 .debug_aranges
                0x000005c0       0x58 ./Drivers/STM32F1xx_HAL_Driver/Src/stm32f1xx_hal_gpio.o
 .debug_aranges
                0x00000618       0x90 ./Drivers/STM32F1xx_HAL_Driver/Src/stm32f1xx_hal_rcc.o
 .debug_aranges
                0x000006a8      0x1d0 ./Drivers/STM32F1xx_HAL_Driver/Src/stm32f1xx_hal_spi.o
 .debug_aranges
                0x00000878      0x3d0 ./Drivers/STM32F1xx_HAL_Driver/Src/stm32f1xx_hal_tim.o
 .debug_aranges
                0x00000c48      0x168 ./Drivers/STM32F1xx_HAL_Driver/Src/stm32f1xx_hal_tim_ex.o
 .debug_aranges
                0x00000db0      0x208 ./Drivers/STM32F1xx_HAL_Driver/Src/stm32f1xx_hal_uart.o
 .debug_aranges
                0x00000fb8      0x2b0 ./Middlewares/Third_Party/FreeRTOS/Source/CMSIS_RTOS_V2/cmsis_os2.o
 .debug_aranges
                0x00001268       0x40 ./Middlewares/Third_Party/FreeRTOS/Source/list.o
 .debug_aranges
                0x000012a8      0x158 ./Middlewares/Third_Party/FreeRTOS/Source/queue.o
 .debug_aranges
                0x00001400      0x208 ./Middlewares/Third_Party/FreeRTOS/Source/tasks.o
 .debug_aranges
                0x00001608       0x78 ./Middlewares/Third_Party/FreeRTOS/Source/portable/GCC/ARM_CM3/port.o
 .debug_aranges
                0x00001680       0x58 ./Middlewares/Third_Party/FreeRTOS/Source/portable/MemMang/heap_4.o

.debug_rnglists
                0x00000000     0x11a1
 .debug_rnglists
                0x00000000       0x9d ./Core/Src/LoRa/LoRa.o
 .debug_rnglists
                0x0000009d       0x13 ./Core/Src/RX/RX_Queue.o
 .debug_rnglists
                0x000000b0       0x27 ./Core/Src/TEST/arm_test.o
 .debug_rnglists
                0x000000d7       0x13 ./Core/Src/TX/TX_Queue.o
 .debug_rnglists
                0x000000ea       0x1f ./Core/Src/Util/Flags.o
 .debug_rnglists
                0x00000109       0x19 ./Core/Src/Util/id.o
 .debug_rnglists
                0x00000122       0x45 ./Core/Src/main.o
 .debug_rnglists
                0x00000167       0x2d ./Core/Src/stm32f1xx_hal_msp.o
 .debug_rnglists
                0x00000194       0x20 ./Core/Src/stm32f1xx_hal_timebase_tim.o
 .debug_rnglists
                0x000001b4       0x3d ./Core/Src/stm32f1xx_it.o
 .debug_rnglists
                0x000001f1       0x79 ./Core/Src/syscalls.o
 .debug_rnglists
                0x0000026a       0x13 ./Core/Src/sysmem.o
 .debug_rnglists
                0x0000027d       0x1a ./Core/Src/system_stm32f1xx.o
 .debug_rnglists
                0x00000297       0x19 ./Core/Startup/startup_stm32f103c8tx.o
 .debug_rnglists
                0x000002b0       0xa3 ./Drivers/STM32F1xx_HAL_Driver/Src/stm32f1xx_hal.o
 .debug_rnglists
                0x00000353       0xbb ./Drivers/STM32F1xx_HAL_Driver/Src/stm32f1xx_hal_cortex.o
 .debug_rnglists
                0x0000040e       0x3f ./Drivers/STM32F1xx_HAL_Driver/Src/stm32f1xx_hal_gpio.o
 .debug_rnglists
                0x0000044d       0x6c ./Drivers/STM32F1xx_HAL_Driver/Src/stm32f1xx_hal_rcc.o
 .debug_rnglists
                0x000004b9      0x16e ./Drivers/STM32F1xx_HAL_Driver/Src/stm32f1xx_hal_spi.o
 .debug_rnglists
                0x00000627      0x31a ./Drivers/STM32F1xx_HAL_Driver/Src/stm32f1xx_hal_tim.o
 .debug_rnglists
                0x00000941      0x125 ./Drivers/STM32F1xx_HAL_Driver/Src/stm32f1xx_hal_tim_ex.o
 .debug_rnglists
                0x00000a66      0x1bc ./Drivers/STM32F1xx_HAL_Driver/Src/stm32f1xx_hal_uart.o
 .debug_rnglists
                0x00000c22      0x212 ./Middlewares/Third_Party/FreeRTOS/Source/CMSIS_RTOS_V2/cmsis_os2.o
 .debug_rnglists
                0x00000e34       0x2b ./Middlewares/Third_Party/FreeRTOS/Source/list.o
 .debug_rnglists
                0x00000e5f      0x109 ./Middlewares/Third_Party/FreeRTOS/Source/queue.o
 .debug_rnglists
                0x00000f68      0x1a0 ./Middlewares/Third_Party/FreeRTOS/Source/tasks.o
 .debug_rnglists
                0x00001108       0x57 ./Middlewares/Third_Party/FreeRTOS/Source/portable/GCC/ARM_CM3/port.o
 .debug_rnglists
                0x0000115f       0x42 ./Middlewares/Third_Party/FreeRTOS/Source/portable/MemMang/heap_4.o

.debug_macro    0x00000000    0x19fa6
 .debug_macro   0x00000000      0x1c5 ./Core/Src/LoRa/LoRa.o
 .debug_macro   0x000001c5      0xacc ./Core/Src/LoRa/LoRa.o
 .debug_macro   0x00000c91      0x221 ./Core/Src/LoRa/LoRa.o
 .debug_macro   0x00000eb2       0x2e ./Core/Src/LoRa/LoRa.o
 .debug_macro   0x00000ee0       0x22 ./Core/Src/LoRa/LoRa.o
 .debug_macro   0x00000f02       0x22 ./Core/Src/LoRa/LoRa.o
 .debug_macro   0x00000f24       0x8e ./Core/Src/LoRa/LoRa.o
 .debug_macro   0x00000fb2       0x51 ./Core/Src/LoRa/LoRa.o
 .debug_macro   0x00001003      0x103 ./Core/Src/LoRa/LoRa.o
 .debug_macro   0x00001106       0x6a ./Core/Src/LoRa/LoRa.o
 .debug_macro   0x00001170      0x1df ./Core/Src/LoRa/LoRa.o
 .debug_macro   0x0000134f       0x1c ./Core/Src/LoRa/LoRa.o
 .debug_macro   0x0000136b       0x22 ./Core/Src/LoRa/LoRa.o
 .debug_macro   0x0000138d       0xbd ./Core/Src/LoRa/LoRa.o
 .debug_macro   0x0000144a      0xd23 ./Core/Src/LoRa/LoRa.o
 .debug_macro   0x0000216d     0xe09e ./Core/Src/LoRa/LoRa.o
 .debug_macro   0x0001020b       0x6d ./Core/Src/LoRa/LoRa.o
 .debug_macro   0x00010278     0x34a2 ./Core/Src/LoRa/LoRa.o
 .debug_macro   0x0001371a      0x190 ./Core/Src/LoRa/LoRa.o
 .debug_macro   0x000138aa       0x5c ./Core/Src/LoRa/LoRa.o
 .debug_macro   0x00013906      0x5bc ./Core/Src/LoRa/LoRa.o
 .debug_macro   0x00013ec2      0x289 ./Core/Src/LoRa/LoRa.o
 .debug_macro   0x0001414b      0x1cb ./Core/Src/LoRa/LoRa.o
 .debug_macro   0x00014316      0x114 ./Core/Src/LoRa/LoRa.o
 .debug_macro   0x0001442a      0x1b2 ./Core/Src/LoRa/LoRa.o
 .debug_macro   0x000145dc       0x27 ./Core/Src/LoRa/LoRa.o
 .debug_macro   0x00014603      0x136 ./Core/Src/LoRa/LoRa.o
 .debug_macro   0x00014739      0x1bc ./Core/Src/LoRa/LoRa.o
 .debug_macro   0x000148f5       0x34 ./Core/Src/LoRa/LoRa.o
 .debug_macro   0x00014929       0x3c ./Core/Src/LoRa/LoRa.o
 .debug_macro   0x00014965       0x57 ./Core/Src/LoRa/LoRa.o
 .debug_macro   0x000149bc       0x87 ./Core/Src/LoRa/LoRa.o
 .debug_macro   0x00014a43      0x240 ./Core/Src/LoRa/LoRa.o
 .debug_macro   0x00014c83      0x140 ./Core/Src/LoRa/LoRa.o
 .debug_macro   0x00014dc3      0x217 ./Core/Src/LoRa/LoRa.o
 .debug_macro   0x00014fda      0x8ed ./Core/Src/LoRa/LoRa.o
 .debug_macro   0x000158c7      0x28e ./Core/Src/LoRa/LoRa.o
 .debug_macro   0x00015b55       0x83 ./Core/Src/LoRa/LoRa.o
 .debug_macro   0x00015bd8       0x88 ./Core/Src/LoRa/LoRa.o
 .debug_macro   0x00015c60      0x172 ./Core/Src/LoRa/LoRa.o
 .debug_macro   0x00015dd2      0x1e4 ./Core/Src/RX/RX_Queue.o
 .debug_macro   0x00015fb6       0x16 ./Core/Src/RX/RX_Queue.o
 .debug_macro   0x00015fcc      0x287 ./Core/Src/TEST/arm_test.o
 .debug_macro   0x00016253       0x5b ./Core/Src/TEST/arm_test.o
 .debug_macro   0x000162ae       0x94 ./Core/Src/TEST/arm_test.o
 .debug_macro   0x00016342       0x57 ./Core/Src/TEST/arm_test.o
 .debug_macro   0x00016399      0x1e5 ./Core/Src/TX/TX_Queue.o
 .debug_macro   0x0001657e      0x1b5 ./Core/Src/Util/Flags.o
 .debug_macro   0x00016733       0x73 ./Core/Src/Util/id.o
 .debug_macro   0x000167a6      0x424 ./Core/Src/main.o
 .debug_macro   0x00016bca       0x66 ./Core/Src/main.o
 .debug_macro   0x00016c30       0x74 ./Core/Src/main.o
 .debug_macro   0x00016ca4       0xdd ./Core/Src/main.o
 .debug_macro   0x00016d81      0x1bc ./Core/Src/stm32f1xx_hal_msp.o
 .debug_macro   0x00016f3d      0x1ad ./Core/Src/stm32f1xx_hal_timebase_tim.o
 .debug_macro   0x000170ea      0x1c6 ./Core/Src/stm32f1xx_it.o
 .debug_macro   0x000172b0      0x274 ./Core/Src/syscalls.o
 .debug_macro   0x00017524       0x10 ./Core/Src/syscalls.o
 .debug_macro   0x00017534       0x10 ./Core/Src/syscalls.o
 .debug_macro   0x00017544       0x10 ./Core/Src/syscalls.o
 .debug_macro   0x00017554       0xcf ./Core/Src/syscalls.o
 .debug_macro   0x00017623       0x35 ./Core/Src/syscalls.o
 .debug_macro   0x00017658      0x12c ./Core/Src/syscalls.o
 .debug_macro   0x00017784       0x10 ./Core/Src/syscalls.o
 .debug_macro   0x00017794      0x242 ./Core/Src/syscalls.o
 .debug_macro   0x000179d6       0x10 ./Core/Src/syscalls.o
 .debug_macro   0x000179e6      0x18a ./Core/Src/syscalls.o
 .debug_macro   0x00017b70       0x16 ./Core/Src/syscalls.o
 .debug_macro   0x00017b86       0xce ./Core/Src/syscalls.o
 .debug_macro   0x00017c54      0x112 ./Core/Src/sysmem.o
 .debug_macro   0x00017d66      0x23c ./Core/Src/sysmem.o
 .debug_macro   0x00017fa2      0x1ad ./Core/Src/system_stm32f1xx.o
 .debug_macro   0x0001814f      0x1d1 ./Drivers/STM32F1xx_HAL_Driver/Src/stm32f1xx_hal.o
 .debug_macro   0x00018320      0x1ad ./Drivers/STM32F1xx_HAL_Driver/Src/stm32f1xx_hal_cortex.o
 .debug_macro   0x000184cd      0x218 ./Drivers/STM32F1xx_HAL_Driver/Src/stm32f1xx_hal_gpio.o
 .debug_macro   0x000186e5      0x1bf ./Drivers/STM32F1xx_HAL_Driver/Src/stm32f1xx_hal_rcc.o
 .debug_macro   0x000188a4      0x1b5 ./Drivers/STM32F1xx_HAL_Driver/Src/stm32f1xx_hal_spi.o
 .debug_macro   0x00018a59      0x1ae ./Drivers/STM32F1xx_HAL_Driver/Src/stm32f1xx_hal_tim.o
 .debug_macro   0x00018c07      0x1ad ./Drivers/STM32F1xx_HAL_Driver/Src/stm32f1xx_hal_tim_ex.o
 .debug_macro   0x00018db4      0x1ae ./Drivers/STM32F1xx_HAL_Driver/Src/stm32f1xx_hal_uart.o
 .debug_macro   0x00018f62      0x3bb ./Middlewares/Third_Party/FreeRTOS/Source/CMSIS_RTOS_V2/cmsis_os2.o
 .debug_macro   0x0001931d       0x10 ./Middlewares/Third_Party/FreeRTOS/Source/CMSIS_RTOS_V2/cmsis_os2.o
 .debug_macro   0x0001932d       0xb7 ./Middlewares/Third_Party/FreeRTOS/Source/CMSIS_RTOS_V2/cmsis_os2.o
 .debug_macro   0x000193e4       0x16 ./Middlewares/Third_Party/FreeRTOS/Source/CMSIS_RTOS_V2/cmsis_os2.o
 .debug_macro   0x000193fa       0x91 ./Middlewares/Third_Party/FreeRTOS/Source/CMSIS_RTOS_V2/cmsis_os2.o
 .debug_macro   0x0001948b       0x8d ./Middlewares/Third_Party/FreeRTOS/Source/CMSIS_RTOS_V2/cmsis_os2.o
 .debug_macro   0x00019518       0x22 ./Middlewares/Third_Party/FreeRTOS/Source/CMSIS_RTOS_V2/cmsis_os2.o
 .debug_macro   0x0001953a       0x28 ./Middlewares/Third_Party/FreeRTOS/Source/CMSIS_RTOS_V2/cmsis_os2.o
 .debug_macro   0x00019562      0x199 ./Middlewares/Third_Party/FreeRTOS/Source/list.o
 .debug_macro   0x000196fb      0x228 ./Middlewares/Third_Party/FreeRTOS/Source/queue.o
 .debug_macro   0x00019923      0x291 ./Middlewares/Third_Party/FreeRTOS/Source/tasks.o
 .debug_macro   0x00019bb4       0x10 ./Middlewares/Third_Party/FreeRTOS/Source/tasks.o
 .debug_macro   0x00019bc4      0x222 ./Middlewares/Third_Party/FreeRTOS/Source/portable/GCC/ARM_CM3/port.o
 .debug_macro   0x00019de6      0x1c0 ./Middlewares/Third_Party/FreeRTOS/Source/portable/MemMang/heap_4.o

.debug_line     0x00000000    0x15d91
 .debug_line    0x00000000      0xa1d ./Core/Src/LoRa/LoRa.o
 .debug_line    0x00000a1d      0x46e ./Core/Src/RX/RX_Queue.o
 .debug_line    0x00000e8b      0x73c ./Core/Src/TEST/arm_test.o
 .debug_line    0x000015c7      0x46b ./Core/Src/TX/TX_Queue.o
 .debug_line    0x00001a32      0x470 ./Core/Src/Util/Flags.o
 .debug_line    0x00001ea2      0x245 ./Core/Src/Util/id.o
 .debug_line    0x000020e7      0xb27 ./Core/Src/main.o
 .debug_line    0x00002c0e      0x5bc ./Core/Src/stm32f1xx_hal_msp.o
 .debug_line    0x000031ca      0x593 ./Core/Src/stm32f1xx_hal_timebase_tim.o
 .debug_line    0x0000375d      0x5b6 ./Core/Src/stm32f1xx_it.o
 .debug_line    0x00003d13      0x64c ./Core/Src/syscalls.o
 .debug_line    0x0000435f      0x328 ./Core/Src/sysmem.o
 .debug_line    0x00004687      0x593 ./Core/Src/system_stm32f1xx.o
 .debug_line    0x00004c1a       0x78 ./Core/Startup/startup_stm32f103c8tx.o
 .debug_line    0x00004c92      0x7c4 ./Drivers/STM32F1xx_HAL_Driver/Src/stm32f1xx_hal.o
 .debug_line    0x00005456      0x98e ./Drivers/STM32F1xx_HAL_Driver/Src/stm32f1xx_hal_cortex.o
 .debug_line    0x00005de4      0x821 ./Drivers/STM32F1xx_HAL_Driver/Src/stm32f1xx_hal_gpio.o
 .debug_line    0x00006605      0xc7d ./Drivers/STM32F1xx_HAL_Driver/Src/stm32f1xx_hal_rcc.o
 .debug_line    0x00007282     0x1a5b ./Drivers/STM32F1xx_HAL_Driver/Src/stm32f1xx_hal_spi.o
 .debug_line    0x00008cdd     0x32b2 ./Drivers/STM32F1xx_HAL_Driver/Src/stm32f1xx_hal_tim.o
 .debug_line    0x0000bf8f     0x1688 ./Drivers/STM32F1xx_HAL_Driver/Src/stm32f1xx_hal_tim_ex.o
 .debug_line    0x0000d617     0x22e0 ./Drivers/STM32F1xx_HAL_Driver/Src/stm32f1xx_hal_uart.o
 .debug_line    0x0000f8f7     0x2290 ./Middlewares/Third_Party/FreeRTOS/Source/CMSIS_RTOS_V2/cmsis_os2.o
 .debug_line    0x00011b87      0x536 ./Middlewares/Third_Party/FreeRTOS/Source/list.o
 .debug_line    0x000120bd     0x14a7 ./Middlewares/Third_Party/FreeRTOS/Source/queue.o
 .debug_line    0x00013564     0x1a4d ./Middlewares/Third_Party/FreeRTOS/Source/tasks.o
 .debug_line    0x00014fb1      0x694 ./Middlewares/Third_Party/FreeRTOS/Source/portable/GCC/ARM_CM3/port.o
 .debug_line    0x00015645      0x74c ./Middlewares/Third_Party/FreeRTOS/Source/portable/MemMang/heap_4.o

.debug_str      0x00000000    0x98c68
 .debug_str     0x00000000    0x98c68 ./Core/Src/LoRa/LoRa.o
                              0x8583f (size before relaxing)
 .debug_str     0x00098c68     0xbf07 ./Core/Src/RX/RX_Queue.o
 .debug_str     0x00098c68    0x8825a ./Core/Src/TEST/arm_test.o
 .debug_str     0x00098c68     0xbed5 ./Core/Src/TX/TX_Queue.o
 .debug_str     0x00098c68     0xc1c1 ./Core/Src/Util/Flags.o
 .debug_str     0x00098c68     0x3dde ./Core/Src/Util/id.o
 .debug_str     0x00098c68    0x8fcb3 ./Core/Src/main.o
 .debug_str     0x00098c68    0x856e7 ./Core/Src/stm32f1xx_hal_msp.o
 .debug_str     0x00098c68    0x854b0 ./Core/Src/stm32f1xx_hal_timebase_tim.o
 .debug_str     0x00098c68    0x852d2 ./Core/Src/stm32f1xx_it.o
 .debug_str     0x00098c68     0x9990 ./Core/Src/syscalls.o
 .debug_str     0x00098c68     0x772e ./Core/Src/sysmem.o
 .debug_str     0x00098c68    0x84be8 ./Core/Src/system_stm32f1xx.o
 .debug_str     0x00098c68       0x88 ./Core/Startup/startup_stm32f103c8tx.o
 .debug_str     0x00098c68    0x8531b ./Drivers/STM32F1xx_HAL_Driver/Src/stm32f1xx_hal.o
 .debug_str     0x00098c68    0x85267 ./Drivers/STM32F1xx_HAL_Driver/Src/stm32f1xx_hal_cortex.o
 .debug_str     0x00098c68    0x84f6e ./Drivers/STM32F1xx_HAL_Driver/Src/stm32f1xx_hal_gpio.o
 .debug_str     0x00098c68    0x85017 ./Drivers/STM32F1xx_HAL_Driver/Src/stm32f1xx_hal_rcc.o
 .debug_str     0x00098c68    0x8550e ./Drivers/STM32F1xx_HAL_Driver/Src/stm32f1xx_hal_spi.o
 .debug_str     0x00098c68    0x86019 ./Drivers/STM32F1xx_HAL_Driver/Src/stm32f1xx_hal_tim.o
 .debug_str     0x00098c68    0x85825 ./Drivers/STM32F1xx_HAL_Driver/Src/stm32f1xx_hal_tim_ex.o
 .debug_str     0x00098c68    0x85688 ./Drivers/STM32F1xx_HAL_Driver/Src/stm32f1xx_hal_uart.o
 .debug_str     0x00098c68    0x8fb03 ./Middlewares/Third_Party/FreeRTOS/Source/CMSIS_RTOS_V2/cmsis_os2.o
 .debug_str     0x00098c68     0xab2b ./Middlewares/Third_Party/FreeRTOS/Source/list.o
 .debug_str     0x00098c68     0xc66b ./Middlewares/Third_Party/FreeRTOS/Source/queue.o
 .debug_str     0x00098c68     0xd470 ./Middlewares/Third_Party/FreeRTOS/Source/tasks.o
 .debug_str     0x00098c68     0xb754 ./Middlewares/Third_Party/FreeRTOS/Source/portable/GCC/ARM_CM3/port.o
 .debug_str     0x00098c68     0xb46d ./Middlewares/Third_Party/FreeRTOS/Source/portable/MemMang/heap_4.o

.comment        0x00000000       0x43
 .comment       0x00000000       0x43 ./Core/Src/LoRa/LoRa.o
                                 0x44 (size before relaxing)
 .comment       0x00000043       0x44 ./Core/Src/RX/RX_Queue.o
 .comment       0x00000043       0x44 ./Core/Src/TEST/arm_test.o
 .comment       0x00000043       0x44 ./Core/Src/TX/TX_Queue.o
 .comment       0x00000043       0x44 ./Core/Src/Util/Flags.o
 .comment       0x00000043       0x44 ./Core/Src/Util/id.o
 .comment       0x00000043       0x44 ./Core/Src/main.o
 .comment       0x00000043       0x44 ./Core/Src/stm32f1xx_hal_msp.o
 .comment       0x00000043       0x44 ./Core/Src/stm32f1xx_hal_timebase_tim.o
 .comment       0x00000043       0x44 ./Core/Src/stm32f1xx_it.o
 .comment       0x00000043       0x44 ./Core/Src/syscalls.o
 .comment       0x00000043       0x44 ./Core/Src/sysmem.o
 .comment       0x00000043       0x44 ./Core/Src/system_stm32f1xx.o
 .comment       0x00000043       0x44 ./Drivers/STM32F1xx_HAL_Driver/Src/stm32f1xx_hal.o
 .comment       0x00000043       0x44 ./Drivers/STM32F1xx_HAL_Driver/Src/stm32f1xx_hal_cortex.o
 .comment       0x00000043       0x44 ./Drivers/STM32F1xx_HAL_Driver/Src/stm32f1xx_hal_gpio.o
 .comment       0x00000043       0x44 ./Drivers/STM32F1xx_HAL_Driver/Src/stm32f1xx_hal_rcc.o
 .comment       0x00000043       0x44 ./Drivers/STM32F1xx_HAL_Driver/Src/stm32f1xx_hal_spi.o
 .comment       0x00000043       0x44 ./Drivers/STM32F1xx_HAL_Driver/Src/stm32f1xx_hal_tim.o
 .comment       0x00000043       0x44 ./Drivers/STM32F1xx_HAL_Driver/Src/stm32f1xx_hal_tim_ex.o
 .comment       0x00000043       0x44 ./Drivers/STM32F1xx_HAL_Driver/Src/stm32f1xx_hal_uart.o
 .comment       0x00000043       0x44 ./Middlewares/Third_Party/FreeRTOS/Source/CMSIS_RTOS_V2/cmsis_os2.o
 .comment       0x00000043       0x44 ./Middlewares/Third_Party/FreeRTOS/Source/list.o