../Core/Src/main.c:110:5:main	104	static
../Core/Src/main.c:283:6:SystemClock_Config	72	static
../Core/Src/main.c:320:13:MX_SPI2_Init	8	static
../Core/Src/main.c:358:13:MX_USART2_UART_Init	8	static
../Core/Src/main.c:391:13:MX_GPIO_Init	40	static
../Core/Src/main.c:448:6:HAL_GPIO_EXTI_Callback	24	static,ignoring_inline_asm
../Core/Src/main.c:467:6:StartDefaultTask	16	static
../Core/Src/main.c:486:6:HAL_TIM_PeriodElapsedCallback	16	static
../Core/Src/main.c:504:6:Error_Handler	4	static,ignoring_inline_asm
