../Core/Src/main.c:113:5:main	104	static
../Core/Src/main.c:291:6:SystemClock_Config	72	static
../Core/Src/main.c:328:13:MX_SPI2_Init	8	static
../Core/Src/main.c:366:13:MX_USART2_UART_Init	8	static
../Core/Src/main.c:399:13:MX_GPIO_Init	40	static
../Core/Src/main.c:456:6:HAL_GPIO_EXTI_Callback	24	static,ignoring_inline_asm
../Core/Src/main.c:475:6:StartDefaultTask	16	static
../Core/Src/main.c:494:6:HAL_TIM_PeriodElapsedCallback	16	static
../Core/Src/main.c:512:6:Error_Handler	4	static,ignoring_inline_asm
