../Core/Src/stm32f1xx_it.c:72:6:NMI_Handler	4	static
../Core/Src/stm32f1xx_it.c:87:6:HardFault_Handler	4	static
../Core/Src/stm32f1xx_it.c:102:6:MemManage_Handler	4	static
../Core/Src/stm32f1xx_it.c:117:6:BusFault_Handler	4	static
../Core/Src/stm32f1xx_it.c:132:6:UsageFault_Handler	4	static
../Core/Src/stm32f1xx_it.c:147:6:DebugMon_Handler	4	static
../Core/Src/stm32f1xx_it.c:167:6:DMA1_Channel7_IRQHandler	8	static
../Core/Src/stm32f1xx_it.c:181:6:EXTI9_5_IRQHandler	8	static
../Core/Src/stm32f1xx_it.c:196:6:TIM3_IRQHandler	8	static
../Core/Src/stm32f1xx_it.c:210:6:USART2_IRQHandler	8	static
